Archive member included to satisfy reference by file (symbol)

/usr/local/Cellar/arm-none-eabi-gcc/9-2019-q4-major/gcc/bin/../lib/gcc/arm-none-eabi/9.2.1/../../../../arm-none-eabi/lib/thumb/v6-m/nofp/libm.a(lib_a-s_ceil.o)
                              ../../mac/CMakeFiles/mac.dir/region/RegionCommon.c.obj (ceil)
/usr/local/Cellar/arm-none-eabi-gcc/9-2019-q4-major/gcc/bin/../lib/gcc/arm-none-eabi/9.2.1/../../../../arm-none-eabi/lib/thumb/v6-m/nofp/libm.a(lib_a-s_floor.o)
                              ../../mac/CMakeFiles/mac.dir/region/RegionCommon.c.obj (floor)
/usr/local/Cellar/arm-none-eabi-gcc/9-2019-q4-major/gcc/bin/../lib/gcc/arm-none-eabi/9.2.1/../../../../arm-none-eabi/lib/thumb/v6-m/nofp/libm.a(lib_a-w_pow.o)
                              ../../radio/CMakeFiles/radio.dir/sx126x/sx126x.c.obj (pow)
/usr/local/Cellar/arm-none-eabi-gcc/9-2019-q4-major/gcc/bin/../lib/gcc/arm-none-eabi/9.2.1/../../../../arm-none-eabi/lib/thumb/v6-m/nofp/libm.a(lib_a-e_pow.o)
                              /usr/local/Cellar/arm-none-eabi-gcc/9-2019-q4-major/gcc/bin/../lib/gcc/arm-none-eabi/9.2.1/../../../../arm-none-eabi/lib/thumb/v6-m/nofp/libm.a(lib_a-w_pow.o) (__ieee754_pow)
/usr/local/Cellar/arm-none-eabi-gcc/9-2019-q4-major/gcc/bin/../lib/gcc/arm-none-eabi/9.2.1/../../../../arm-none-eabi/lib/thumb/v6-m/nofp/libm.a(lib_a-e_sqrt.o)
                              /usr/local/Cellar/arm-none-eabi-gcc/9-2019-q4-major/gcc/bin/../lib/gcc/arm-none-eabi/9.2.1/../../../../arm-none-eabi/lib/thumb/v6-m/nofp/libm.a(lib_a-e_pow.o) (__ieee754_sqrt)
/usr/local/Cellar/arm-none-eabi-gcc/9-2019-q4-major/gcc/bin/../lib/gcc/arm-none-eabi/9.2.1/../../../../arm-none-eabi/lib/thumb/v6-m/nofp/libm.a(lib_a-s_fabs.o)
                              /usr/local/Cellar/arm-none-eabi-gcc/9-2019-q4-major/gcc/bin/../lib/gcc/arm-none-eabi/9.2.1/../../../../arm-none-eabi/lib/thumb/v6-m/nofp/libm.a(lib_a-e_pow.o) (fabs)
/usr/local/Cellar/arm-none-eabi-gcc/9-2019-q4-major/gcc/bin/../lib/gcc/arm-none-eabi/9.2.1/../../../../arm-none-eabi/lib/thumb/v6-m/nofp/libm.a(lib_a-s_finite.o)
                              /usr/local/Cellar/arm-none-eabi-gcc/9-2019-q4-major/gcc/bin/../lib/gcc/arm-none-eabi/9.2.1/../../../../arm-none-eabi/lib/thumb/v6-m/nofp/libm.a(lib_a-w_pow.o) (finite)
/usr/local/Cellar/arm-none-eabi-gcc/9-2019-q4-major/gcc/bin/../lib/gcc/arm-none-eabi/9.2.1/../../../../arm-none-eabi/lib/thumb/v6-m/nofp/libm.a(lib_a-s_lib_ver.o)
                              /usr/local/Cellar/arm-none-eabi-gcc/9-2019-q4-major/gcc/bin/../lib/gcc/arm-none-eabi/9.2.1/../../../../arm-none-eabi/lib/thumb/v6-m/nofp/libm.a(lib_a-w_pow.o) (__fdlib_version)
/usr/local/Cellar/arm-none-eabi-gcc/9-2019-q4-major/gcc/bin/../lib/gcc/arm-none-eabi/9.2.1/../../../../arm-none-eabi/lib/thumb/v6-m/nofp/libm.a(lib_a-s_matherr.o)
                              /usr/local/Cellar/arm-none-eabi-gcc/9-2019-q4-major/gcc/bin/../lib/gcc/arm-none-eabi/9.2.1/../../../../arm-none-eabi/lib/thumb/v6-m/nofp/libm.a(lib_a-w_pow.o) (matherr)
/usr/local/Cellar/arm-none-eabi-gcc/9-2019-q4-major/gcc/bin/../lib/gcc/arm-none-eabi/9.2.1/../../../../arm-none-eabi/lib/thumb/v6-m/nofp/libm.a(lib_a-s_nan.o)
                              /usr/local/Cellar/arm-none-eabi-gcc/9-2019-q4-major/gcc/bin/../lib/gcc/arm-none-eabi/9.2.1/../../../../arm-none-eabi/lib/thumb/v6-m/nofp/libm.a(lib_a-e_pow.o) (nan)
/usr/local/Cellar/arm-none-eabi-gcc/9-2019-q4-major/gcc/bin/../lib/gcc/arm-none-eabi/9.2.1/../../../../arm-none-eabi/lib/thumb/v6-m/nofp/libm.a(lib_a-s_rint.o)
                              /usr/local/Cellar/arm-none-eabi-gcc/9-2019-q4-major/gcc/bin/../lib/gcc/arm-none-eabi/9.2.1/../../../../arm-none-eabi/lib/thumb/v6-m/nofp/libm.a(lib_a-w_pow.o) (rint)
/usr/local/Cellar/arm-none-eabi-gcc/9-2019-q4-major/gcc/bin/../lib/gcc/arm-none-eabi/9.2.1/../../../../arm-none-eabi/lib/thumb/v6-m/nofp/libm.a(lib_a-s_scalbn.o)
                              /usr/local/Cellar/arm-none-eabi-gcc/9-2019-q4-major/gcc/bin/../lib/gcc/arm-none-eabi/9.2.1/../../../../arm-none-eabi/lib/thumb/v6-m/nofp/libm.a(lib_a-e_pow.o) (scalbn)
/usr/local/Cellar/arm-none-eabi-gcc/9-2019-q4-major/gcc/bin/../lib/gcc/arm-none-eabi/9.2.1/thumb/v6-m/nofp/libgcc.a(_udivsi3.o)
                              ../../mac/CMakeFiles/mac.dir/LoRaMac.c.obj (__aeabi_uidiv)
/usr/local/Cellar/arm-none-eabi-gcc/9-2019-q4-major/gcc/bin/../lib/gcc/arm-none-eabi/9.2.1/thumb/v6-m/nofp/libgcc.a(_divsi3.o)
                              CMakeFiles/LoRaMac-periodic-uplink-lpp.dir/periodic-uplink-lpp/NucleoL073/main.c.obj (__aeabi_idiv)
/usr/local/Cellar/arm-none-eabi-gcc/9-2019-q4-major/gcc/bin/../lib/gcc/arm-none-eabi/9.2.1/thumb/v6-m/nofp/libgcc.a(_dvmd_tls.o)
                              /usr/local/Cellar/arm-none-eabi-gcc/9-2019-q4-major/gcc/bin/../lib/gcc/arm-none-eabi/9.2.1/thumb/v6-m/nofp/libgcc.a(_udivsi3.o) (__aeabi_idiv0)
/usr/local/Cellar/arm-none-eabi-gcc/9-2019-q4-major/gcc/bin/../lib/gcc/arm-none-eabi/9.2.1/thumb/v6-m/nofp/libgcc.a(_arm_cmpdf2.o)
[...]
Memory Configuration

Name             Origin             Length             Attributes
FLASH            0x0000000008000000 0x0000000000030000 xr
RAM              0x0000000020000000 0x0000000000005000 xrw
*default*        0x0000000000000000 0xffffffffffffffff

Linker script and memory map

LOAD /usr/local/Cellar/arm-none-eabi-gcc/9-2019-q4-major/gcc/bin/../lib/gcc/arm-none-eabi/9.2.1/thumb/v6-m/nofp/crtfastmath.o
LOAD /usr/local/Cellar/arm-none-eabi-gcc/9-2019-q4-major/gcc/bin/../lib/gcc/arm-none-eabi/9.2.1/thumb/v6-m/nofp/crti.o
LOAD /usr/local/Cellar/arm-none-eabi-gcc/9-2019-q4-major/gcc/bin/../lib/gcc/arm-none-eabi/9.2.1/thumb/v6-m/nofp/crtbegin.o
LOAD /usr/local/Cellar/arm-none-eabi-gcc/9-2019-q4-major/gcc/bin/../lib/gcc/arm-none-eabi/9.2.1/../../../../arm-none-eabi/lib/thumb/v6-m/nofp/crt0.o
LOAD CMakeFiles/LoRaMac-periodic-uplink-lpp.dir/common/CayenneLpp.c.obj
LOAD CMakeFiles/LoRaMac-periodic-uplink-lpp.dir/common/LmHandlerMsgDisplay.c.obj
LOAD CMakeFiles/LoRaMac-periodic-uplink-lpp.dir/common/NvmCtxMgmt.c.obj
LOAD CMakeFiles/LoRaMac-periodic-uplink-lpp.dir/common/LmHandler/LmHandler.c.obj
LOAD CMakeFiles/LoRaMac-periodic-uplink-lpp.dir/common/LmHandler/packages/FragDecoder.c.obj
LOAD CMakeFiles/LoRaMac-periodic-uplink-lpp.dir/common/LmHandler/packages/LmhpClockSync.c.obj
LOAD CMakeFiles/LoRaMac-periodic-uplink-lpp.dir/common/LmHandler/packages/LmhpCompliance.c.obj
LOAD CMakeFiles/LoRaMac-periodic-uplink-lpp.dir/common/LmHandler/packages/LmhpFragmentation.c.obj
LOAD CMakeFiles/LoRaMac-periodic-uplink-lpp.dir/common/LmHandler/packages/LmhpRemoteMcastSetup.c.obj
LOAD CMakeFiles/LoRaMac-periodic-uplink-lpp.dir/periodic-uplink-lpp/NucleoL073/main.c.obj
LOAD ../../mac/CMakeFiles/mac.dir/LoRaMac.c.obj
LOAD ../../mac/CMakeFiles/mac.dir/LoRaMacAdr.c.obj
LOAD ../../mac/CMakeFiles/mac.dir/LoRaMacClassB.c.obj
LOAD ../../mac/CMakeFiles/mac.dir/LoRaMacCommands.c.obj
LOAD ../../mac/CMakeFiles/mac.dir/LoRaMacConfirmQueue.c.obj
LOAD ../../mac/CMakeFiles/mac.dir/LoRaMacCrypto.c.obj
LOAD ../../mac/CMakeFiles/mac.dir/LoRaMacParser.c.obj
LOAD ../../mac/CMakeFiles/mac.dir/LoRaMacSerializer.c.obj
LOAD ../../mac/CMakeFiles/mac.dir/region/Region.c.obj
LOAD ../../mac/CMakeFiles/mac.dir/region/RegionAS923.c.obj
LOAD ../../mac/CMakeFiles/mac.dir/region/RegionAU915.c.obj
LOAD ../../mac/CMakeFiles/mac.dir/region/RegionCN470.c.obj
LOAD ../../mac/CMakeFiles/mac.dir/region/RegionCN779.c.obj
LOAD ../../mac/CMakeFiles/mac.dir/region/RegionCommon.c.obj
LOAD ../../mac/CMakeFiles/mac.dir/region/RegionEU433.c.obj
LOAD ../../mac/CMakeFiles/mac.dir/region/RegionEU868.c.obj
LOAD ../../mac/CMakeFiles/mac.dir/region/RegionIN865.c.obj
LOAD ../../mac/CMakeFiles/mac.dir/region/RegionKR920.c.obj
LOAD ../../mac/CMakeFiles/mac.dir/region/RegionRU864.c.obj
LOAD ../../mac/CMakeFiles/mac.dir/region/RegionUS915.c.obj
LOAD ../../system/CMakeFiles/system.dir/adc.c.obj
LOAD ../../system/CMakeFiles/system.dir/delay.c.obj
LOAD ../../system/CMakeFiles/system.dir/eeprom.c.obj
LOAD ../../system/CMakeFiles/system.dir/fifo.c.obj
LOAD ../../system/CMakeFiles/system.dir/gpio.c.obj
LOAD ../../system/CMakeFiles/system.dir/gps.c.obj
LOAD ../../system/CMakeFiles/system.dir/i2c.c.obj
LOAD ../../system/CMakeFiles/system.dir/nvmm.c.obj
LOAD ../../system/CMakeFiles/system.dir/systime.c.obj
LOAD ../../system/CMakeFiles/system.dir/timer.c.obj
LOAD ../../system/CMakeFiles/system.dir/uart.c.obj
LOAD ../../radio/CMakeFiles/radio.dir/sx126x/radio.c.obj
LOAD ../../radio/CMakeFiles/radio.dir/sx126x/sx126x.c.obj
LOAD ../../peripherals/CMakeFiles/peripherals.dir/gpio-ioe.c.obj
LOAD ../../peripherals/CMakeFiles/peripherals.dir/mag3110.c.obj
LOAD ../../peripherals/CMakeFiles/peripherals.dir/mma8451.c.obj
LOAD ../../peripherals/CMakeFiles/peripherals.dir/mpl3115.c.obj
LOAD ../../peripherals/CMakeFiles/peripherals.dir/pam7q.c.obj
LOAD ../../peripherals/CMakeFiles/peripherals.dir/soft-se/aes.c.obj
LOAD ../../peripherals/CMakeFiles/peripherals.dir/soft-se/cmac.c.obj
LOAD ../../peripherals/CMakeFiles/peripherals.dir/soft-se/soft-se-hal.c.obj
LOAD ../../peripherals/CMakeFiles/peripherals.dir/soft-se/soft-se.c.obj
LOAD ../../peripherals/CMakeFiles/peripherals.dir/sx1509.c.obj
LOAD ../../peripherals/CMakeFiles/peripherals.dir/sx9500.c.obj
LOAD ../../boards/NucleoL073/CMakeFiles/NucleoL073.dir/adc-board.c.obj
LOAD ../../boards/NucleoL073/CMakeFiles/NucleoL073.dir/board.c.obj
LOAD ../../boards/NucleoL073/CMakeFiles/NucleoL073.dir/delay-board.c.obj
LOAD ../../boards/NucleoL073/CMakeFiles/NucleoL073.dir/eeprom-board.c.obj
LOAD ../../boards/NucleoL073/CMakeFiles/NucleoL073.dir/gpio-board.c.obj
LOAD ../../boards/NucleoL073/CMakeFiles/NucleoL073.dir/lpm-board.c.obj
LOAD ../../boards/NucleoL073/CMakeFiles/NucleoL073.dir/rtc-board.c.obj
LOAD ../../boards/NucleoL073/CMakeFiles/NucleoL073.dir/spi-board.c.obj
LOAD ../../boards/NucleoL073/CMakeFiles/NucleoL073.dir/uart-board.c.obj
LOAD ../../boards/NucleoL073/CMakeFiles/NucleoL073.dir/__/mcu/stm32/sysIrqHandlers.c.obj
LOAD ../../boards/NucleoL073/CMakeFiles/NucleoL073.dir/__/mcu/utilities.c.obj
LOAD ../../boards/NucleoL073/CMakeFiles/NucleoL073.dir/cmsis/arm-gcc/startup_stm32l073xx.s.obj
LOAD ../../boards/NucleoL073/CMakeFiles/NucleoL073.dir/cmsis/system_stm32l0xx.c.obj
LOAD ../../boards/NucleoL073/CMakeFiles/NucleoL073.dir/__/mcu/stm32/STM32L0xx_HAL_Driver/Src/stm32l0xx_hal.c.obj
LOAD ../../boards/NucleoL073/CMakeFiles/NucleoL073.dir/__/mcu/stm32/STM32L0xx_HAL_Driver/Src/stm32l0xx_hal_adc.c.obj
LOAD ../../boards/NucleoL073/CMakeFiles/NucleoL073.dir/__/mcu/stm32/STM32L0xx_HAL_Driver/Src/stm32l0xx_hal_adc_ex.c.obj
LOAD ../../boards/NucleoL073/CMakeFiles/NucleoL073.dir/__/mcu/stm32/STM32L0xx_HAL_Driver/Src/stm32l0xx_hal_cortex.c.obj
LOAD ../../boards/NucleoL073/CMakeFiles/NucleoL073.dir/__/mcu/stm32/STM32L0xx_HAL_Driver/Src/stm32l0xx_hal_dma.c.obj
LOAD ../../boards/NucleoL073/CMakeFiles/NucleoL073.dir/__/mcu/stm32/STM32L0xx_HAL_Driver/Src/stm32l0xx_hal_flash.c.obj
LOAD ../../boards/NucleoL073/CMakeFiles/NucleoL073.dir/__/mcu/stm32/STM32L0xx_HAL_Driver/Src/stm32l0xx_hal_flash_ex.c.obj
LOAD ../../boards/NucleoL073/CMakeFiles/NucleoL073.dir/__/mcu/stm32/STM32L0xx_HAL_Driver/Src/stm32l0xx_hal_gpio.c.obj
LOAD ../../boards/NucleoL073/CMakeFiles/NucleoL073.dir/__/mcu/stm32/STM32L0xx_HAL_Driver/Src/stm32l0xx_hal_i2c.c.obj
LOAD ../../boards/NucleoL073/CMakeFiles/NucleoL073.dir/__/mcu/stm32/STM32L0xx_HAL_Driver/Src/stm32l0xx_hal_i2c_ex.c.obj
LOAD ../../boards/NucleoL073/CMakeFiles/NucleoL073.dir/__/mcu/stm32/STM32L0xx_HAL_Driver/Src/stm32l0xx_hal_pwr.c.obj
LOAD ../../boards/NucleoL073/CMakeFiles/NucleoL073.dir/__/mcu/stm32/STM32L0xx_HAL_Driver/Src/stm32l0xx_hal_pwr_ex.c.obj
LOAD ../../boards/NucleoL073/CMakeFiles/NucleoL073.dir/__/mcu/stm32/STM32L0xx_HAL_Driver/Src/stm32l0xx_hal_rcc.c.obj
LOAD ../../boards/NucleoL073/CMakeFiles/NucleoL073.dir/__/mcu/stm32/STM32L0xx_HAL_Driver/Src/stm32l0xx_hal_rcc_ex.c.obj
LOAD ../../boards/NucleoL073/CMakeFiles/NucleoL073.dir/__/mcu/stm32/STM32L0xx_HAL_Driver/Src/stm32l0xx_hal_rtc.c.obj
LOAD ../../boards/NucleoL073/CMakeFiles/NucleoL073.dir/__/mcu/stm32/STM32L0xx_HAL_Driver/Src/stm32l0xx_hal_rtc_ex.c.obj
LOAD ../../boards/NucleoL073/CMakeFiles/NucleoL073.dir/__/mcu/stm32/STM32L0xx_HAL_Driver/Src/stm32l0xx_hal_spi.c.obj
LOAD ../../boards/NucleoL073/CMakeFiles/NucleoL073.dir/__/mcu/stm32/STM32L0xx_HAL_Driver/Src/stm32l0xx_hal_uart.c.obj
LOAD ../../boards/NucleoL073/CMakeFiles/NucleoL073.dir/__/mcu/stm32/STM32L0xx_HAL_Driver/Src/stm32l0xx_hal_uart_ex.c.obj
LOAD ../../boards/NucleoL073/CMakeFiles/NucleoL073.dir/sx1261mbxbas-board.c.obj
LOAD /usr/local/Cellar/arm-none-eabi-gcc/9-2019-q4-major/gcc/bin/../lib/gcc/arm-none-eabi/9.2.1/../../../../arm-none-eabi/lib/thumb/v6-m/nofp/libm.a
START GROUP
LOAD /usr/local/Cellar/arm-none-eabi-gcc/9-2019-q4-major/gcc/bin/../lib/gcc/arm-none-eabi/9.2.1/thumb/v6-m/nofp/libgcc.a
LOAD /usr/local/Cellar/arm-none-eabi-gcc/9-2019-q4-major/gcc/bin/../lib/gcc/arm-none-eabi/9.2.1/../../../../arm-none-eabi/lib/thumb/v6-m/nofp/libg_nano.a
LOAD /usr/local/Cellar/arm-none-eabi-gcc/9-2019-q4-major/gcc/bin/../lib/gcc/arm-none-eabi/9.2.1/../../../../arm-none-eabi/lib/thumb/v6-m/nofp/libc_nano.a
END GROUP
START GROUP
LOAD /usr/local/Cellar/arm-none-eabi-gcc/9-2019-q4-major/gcc/bin/../lib/gcc/arm-none-eabi/9.2.1/thumb/v6-m/nofp/libgcc.a
LOAD /usr/local/Cellar/arm-none-eabi-gcc/9-2019-q4-major/gcc/bin/../lib/gcc/arm-none-eabi/9.2.1/../../../../arm-none-eabi/lib/thumb/v6-m/nofp/libc_nano.a
LOAD /usr/local/Cellar/arm-none-eabi-gcc/9-2019-q4-major/gcc/bin/../lib/gcc/arm-none-eabi/9.2.1/../../../../arm-none-eabi/lib/thumb/v6-m/nofp/libnosys.a
END GROUP
START GROUP
LOAD /usr/local/Cellar/arm-none-eabi-gcc/9-2019-q4-major/gcc/bin/../lib/gcc/arm-none-eabi/9.2.1/thumb/v6-m/nofp/libgcc.a
LOAD /usr/local/Cellar/arm-none-eabi-gcc/9-2019-q4-major/gcc/bin/../lib/gcc/arm-none-eabi/9.2.1/../../../../arm-none-eabi/lib/thumb/v6-m/nofp/libc_nano.a
LOAD /usr/local/Cellar/arm-none-eabi-gcc/9-2019-q4-major/gcc/bin/../lib/gcc/arm-none-eabi/9.2.1/../../../../arm-none-eabi/lib/thumb/v6-m/nofp/libnosys.a
END GROUP
LOAD /usr/local/Cellar/arm-none-eabi-gcc/9-2019-q4-major/gcc/bin/../lib/gcc/arm-none-eabi/9.2.1/thumb/v6-m/nofp/crtend.o
LOAD /usr/local/Cellar/arm-none-eabi-gcc/9-2019-q4-major/gcc/bin/../lib/gcc/arm-none-eabi/9.2.1/thumb/v6-m/nofp/crtn.o

.text           0x0000000008000000    0x171c4
 *(.isr_vector)
 .isr_vector    0x0000000008000000       0xc0 ../../boards/NucleoL073/CMakeFiles/NucleoL073.dir/cmsis/arm-gcc/startup_stm32l073xx.s.obj
                0x0000000008000000                g_pfnVectors
 *(.text*)
 .text          0x00000000080000c0       0x48 /usr/local/Cellar/arm-none-eabi-gcc/9-2019-q4-major/gcc/bin/../lib/gcc/arm-none-eabi/9.2.1/thumb/v6-m/nofp/crtbegin.o
 .text.CayenneLppReset
                0x0000000008000108        0xc CMakeFiles/LoRaMac-periodic-uplink-lpp.dir/common/CayenneLpp.c.obj
                0x0000000008000108                CayenneLppReset
 .text.CayenneLppGetSize
                0x0000000008000114        0xc CMakeFiles/LoRaMac-periodic-uplink-lpp.dir/common/CayenneLpp.c.obj
                0x0000000008000114                CayenneLppGetSize
 .text.CayenneLppCopy
                0x0000000008000120       0x18 CMakeFiles/LoRaMac-periodic-uplink-lpp.dir/common/CayenneLpp.c.obj
                0x0000000008000120                CayenneLppCopy
 .text.CayenneLppAddDigitalInput
                0x0000000008000138       0x34 CMakeFiles/LoRaMac-periodic-uplink-lpp.dir/common/CayenneLpp.c.obj
                0x0000000008000138                CayenneLppAddDigitalInput
 .text.CayenneLppAddAnalogInput
                0x000000000800016c       0x50 CMakeFiles/LoRaMac-periodic-uplink-lpp.dir/common/CayenneLpp.c.obj
                0x000000000800016c                CayenneLppAddAnalogInput
 .text.PrintHexBuffer
                0x00000000080001bc       0x44 CMakeFiles/LoRaMac-periodic-uplink-lpp.dir/common/LmHandlerMsgDisplay.c.obj
                0x00000000080001bc                PrintHexBuffer
 .text.DisplayNvmContextChange
                0x0000000008000200       0x20 CMakeFiles/LoRaMac-periodic-uplink-lpp.dir/common/LmHandlerMsgDisplay.c.obj
                0x0000000008000200                DisplayNvmContextChange
 .text.DisplayNetworkParametersUpdate
                0x0000000008000220       0x84 CMakeFiles/LoRaMac-periodic-uplink-lpp.dir/common/LmHandlerMsgDisplay.c.obj
                0x0000000008000220                DisplayNetworkParametersUpdate
 .text.DisplayMacMcpsRequestUpdate
                0x00000000080002a4       0xa4 CMakeFiles/LoRaMac-periodic-uplink-lpp.dir/common/LmHandlerMsgDisplay.c.obj
                0x00000000080002a4                DisplayMacMcpsRequestUpdate
 .text.DisplayMacMlmeRequestUpdate
                0x0000000008000348       0xd8 CMakeFiles/LoRaMac-periodic-uplink-lpp.dir/common/LmHandlerMsgDisplay.c.obj
                0x0000000008000348                DisplayMacMlmeRequestUpdate
 .text.DisplayJoinRequestUpdate
                0x0000000008000420       0x78 CMakeFiles/LoRaMac-periodic-uplink-lpp.dir/common/LmHandlerMsgDisplay.c.obj
                0x0000000008000420                DisplayJoinRequestUpdate
 .text.DisplayTxUpdate
                0x0000000008000498      0x188 CMakeFiles/LoRaMac-periodic-uplink-lpp.dir/common/LmHandlerMsgDisplay.c.obj
                0x0000000008000498                DisplayTxUpdate
 .text.DisplayRxUpdate
                0x0000000008000620       0xe0 CMakeFiles/LoRaMac-periodic-uplink-lpp.dir/common/LmHandlerMsgDisplay.c.obj
                0x0000000008000620                DisplayRxUpdate
 .text.DisplayBeaconUpdate
                0x0000000008000700       0xac CMakeFiles/LoRaMac-periodic-uplink-lpp.dir/common/LmHandlerMsgDisplay.c.obj
                0x0000000008000700                DisplayBeaconUpdate
 .text.DisplayClassUpdate
                0x00000000080007ac       0x18 CMakeFiles/LoRaMac-periodic-uplink-lpp.dir/common/LmHandlerMsgDisplay.c.obj
                0x00000000080007ac                DisplayClassUpdate
 .text.DisplayAppInfo
                0x00000000080007c4       0x48 CMakeFiles/LoRaMac-periodic-uplink-lpp.dir/common/LmHandlerMsgDisplay.c.obj
                0x00000000080007c4                DisplayAppInfo
 .text.NvmCtxMgmtEvent
                0x000000000800080c        0x2 CMakeFiles/LoRaMac-periodic-uplink-lpp.dir/common/NvmCtxMgmt.c.obj
                0x000000000800080c                NvmCtxMgmtEvent
 .text.NvmCtxMgmtStore
                0x000000000800080e        0x4 CMakeFiles/LoRaMac-periodic-uplink-lpp.dir/common/NvmCtxMgmt.c.obj
                0x000000000800080e                NvmCtxMgmtStore
 .text.NvmCtxMgmtRestore
                0x0000000008000812        0x4 CMakeFiles/LoRaMac-periodic-uplink-lpp.dir/common/NvmCtxMgmt.c.obj
                0x0000000008000812                NvmCtxMgmtRestore
 *fill*         0x0000000008000816        0x2 
 .text.LmHandlerPackagesNotify
                0x0000000008000818       0x6c CMakeFiles/LoRaMac-periodic-uplink-lpp.dir/common/LmHandler/LmHandler.c.obj
 .text.McpsConfirm
                0x0000000008000884       0x40 CMakeFiles/LoRaMac-periodic-uplink-lpp.dir/common/LmHandler/LmHandler.c.obj
 .text.LmHandlerDeviceTimeReq
                0x00000000080008c4       0x34 CMakeFiles/LoRaMac-periodic-uplink-lpp.dir/common/LmHandler/LmHandler.c.obj
 .text.LmHandlerBeaconReq
                0x00000000080008f8       0x34 CMakeFiles/LoRaMac-periodic-uplink-lpp.dir/common/LmHandler/LmHandler.c.obj
 .text.LmHandlerJoinRequest
                0x000000000800092c       0x70 CMakeFiles/LoRaMac-periodic-uplink-lpp.dir/common/LmHandler/LmHandler.c.obj
 .text.LmHandlerInit
                0x000000000800099c      0x138 CMakeFiles/LoRaMac-periodic-uplink-lpp.dir/common/LmHandler/LmHandler.c.obj
                0x000000000800099c                LmHandlerInit
 .text.LmHandlerJoin
                0x0000000008000ad4       0x10 CMakeFiles/LoRaMac-periodic-uplink-lpp.dir/common/LmHandler/LmHandler.c.obj
                0x0000000008000ad4                LmHandlerJoin
 .text.LmHandlerJoinStatus
                0x0000000008000ae4       0x24 CMakeFiles/LoRaMac-periodic-uplink-lpp.dir/common/LmHandler/LmHandler.c.obj
                0x0000000008000ae4                LmHandlerJoinStatus
 .text.LmHandlerIsBusy
                0x0000000008000b08       0x2c CMakeFiles/LoRaMac-periodic-uplink-lpp.dir/common/LmHandler/LmHandler.c.obj
                0x0000000008000b08                LmHandlerIsBusy
 .text.LmHandlerSend
                0x0000000008000b34       0xdc CMakeFiles/LoRaMac-periodic-uplink-lpp.dir/common/LmHandler/LmHandler.c.obj
                0x0000000008000b34                LmHandlerSend
 .text.MlmeIndication
                0x0000000008000c10       0xe4 CMakeFiles/LoRaMac-periodic-uplink-lpp.dir/common/LmHandler/LmHandler.c.obj
 .text.LmHandlerPingSlotReq
                0x0000000008000cf4       0x54 CMakeFiles/LoRaMac-periodic-uplink-lpp.dir/common/LmHandler/LmHandler.c.obj
                0x0000000008000cf4                LmHandlerPingSlotReq
 .text.LmHandlerRequestClass
                0x0000000008000d48       0x9c CMakeFiles/LoRaMac-periodic-uplink-lpp.dir/common/LmHandler/LmHandler.c.obj
                0x0000000008000d48                LmHandlerRequestClass
 .text.LmHandlerGetCurrentClass
                0x0000000008000de4       0x18 CMakeFiles/LoRaMac-periodic-uplink-lpp.dir/common/LmHandler/LmHandler.c.obj
                0x0000000008000de4                LmHandlerGetCurrentClass
 .text.McpsIndication
                0x0000000008000dfc       0x94 CMakeFiles/LoRaMac-periodic-uplink-lpp.dir/common/LmHandler/LmHandler.c.obj
 .text.LmHandlerGetCurrentDatarate
                0x0000000008000e90       0x1a CMakeFiles/LoRaMac-periodic-uplink-lpp.dir/common/LmHandler/LmHandler.c.obj
                0x0000000008000e90                LmHandlerGetCurrentDatarate
 *fill*         0x0000000008000eaa        0x2 
 .text.MlmeConfirm
                0x0000000008000eac       0xd4 CMakeFiles/LoRaMac-periodic-uplink-lpp.dir/common/LmHandler/LmHandler.c.obj
 .text.LmHandlerGetActiveRegion
                0x0000000008000f80        0xc CMakeFiles/LoRaMac-periodic-uplink-lpp.dir/common/LmHandler/LmHandler.c.obj
                0x0000000008000f80                LmHandlerGetActiveRegion
 .text.LmHandlerSetSystemMaxRxError
                0x0000000008000f8c       0x20 CMakeFiles/LoRaMac-periodic-uplink-lpp.dir/common/LmHandler/LmHandler.c.obj
                0x0000000008000f8c                LmHandlerSetSystemMaxRxError
 .text.LmHandlerPackageRegister
                0x0000000008000fac       0x84 CMakeFiles/LoRaMac-periodic-uplink-lpp.dir/common/LmHandler/LmHandler.c.obj
                0x0000000008000fac                LmHandlerPackageRegister
 .text.LmHandlerPackageIsInitialized
                0x0000000008001030       0x1c CMakeFiles/LoRaMac-periodic-uplink-lpp.dir/common/LmHandler/LmHandler.c.obj
                0x0000000008001030                LmHandlerPackageIsInitialized
 .text.LmHandlerPackagesProcess
                0x000000000800104c       0x3c CMakeFiles/LoRaMac-periodic-uplink-lpp.dir/common/LmHandler/LmHandler.c.obj
 .text.LmHandlerProcess
                0x0000000008001088       0x30 CMakeFiles/LoRaMac-periodic-uplink-lpp.dir/common/LmHandler/LmHandler.c.obj
                0x0000000008001088                LmHandlerProcess
 .text.SetRow   0x00000000080010b8       0x20 CMakeFiles/LoRaMac-periodic-uplink-lpp.dir/common/LmHandler/packages/FragDecoder.c.obj
 .text.GetRow   0x00000000080010d8       0x20 CMakeFiles/LoRaMac-periodic-uplink-lpp.dir/common/LmHandler/packages/FragDecoder.c.obj
 .text.GetParity
                0x00000000080010f8       0x12 CMakeFiles/LoRaMac-periodic-uplink-lpp.dir/common/LmHandler/packages/FragDecoder.c.obj
 .text.SetParity
                0x000000000800110a       0x1c CMakeFiles/LoRaMac-periodic-uplink-lpp.dir/common/LmHandler/packages/FragDecoder.c.obj
 .text.IsPowerOfTwo
                0x0000000008001126       0x26 CMakeFiles/LoRaMac-periodic-uplink-lpp.dir/common/LmHandler/packages/FragDecoder.c.obj
 .text.XorDataLine
                0x000000000800114c       0x16 CMakeFiles/LoRaMac-periodic-uplink-lpp.dir/common/LmHandler/packages/FragDecoder.c.obj
 .text.XorParityLine
                0x0000000008001162       0x40 CMakeFiles/LoRaMac-periodic-uplink-lpp.dir/common/LmHandler/packages/FragDecoder.c.obj
 .text.FragPrbs23
                0x00000000080011a2       0x14 CMakeFiles/LoRaMac-periodic-uplink-lpp.dir/common/LmHandler/packages/FragDecoder.c.obj
 .text.FragGetParityMatrixRow
                0x00000000080011b6       0x74 CMakeFiles/LoRaMac-periodic-uplink-lpp.dir/common/LmHandler/packages/FragDecoder.c.obj
 .text.BitArrayFindFirstOne
                0x000000000800122a       0x24 CMakeFiles/LoRaMac-periodic-uplink-lpp.dir/common/LmHandler/packages/FragDecoder.c.obj
 .text.BitArrayIsAllZeros
                0x000000000800124e       0x26 CMakeFiles/LoRaMac-periodic-uplink-lpp.dir/common/LmHandler/packages/FragDecoder.c.obj
 .text.FragFindMissingFrags
                0x0000000008001274       0x50 CMakeFiles/LoRaMac-periodic-uplink-lpp.dir/common/LmHandler/packages/FragDecoder.c.obj
 .text.FragFindMissingIndex
                0x00000000080012c4       0x2c CMakeFiles/LoRaMac-periodic-uplink-lpp.dir/common/LmHandler/packages/FragDecoder.c.obj
 .text.FragExtractLineFromBinaryMatrix
                0x00000000080012f0       0x88 CMakeFiles/LoRaMac-periodic-uplink-lpp.dir/common/LmHandler/packages/FragDecoder.c.obj
 .text.FragPushLineToBinaryMatrix
                0x0000000008001378       0x80 CMakeFiles/LoRaMac-periodic-uplink-lpp.dir/common/LmHandler/packages/FragDecoder.c.obj
 .text.FragDecoderInit
                0x00000000080013f8       0xa4 CMakeFiles/LoRaMac-periodic-uplink-lpp.dir/common/LmHandler/packages/FragDecoder.c.obj
                0x00000000080013f8                FragDecoderInit
 .text.FragDecoderGetMaxFileSize
                0x000000000800149c        0x8 CMakeFiles/LoRaMac-periodic-uplink-lpp.dir/common/LmHandler/packages/FragDecoder.c.obj
                0x000000000800149c                FragDecoderGetMaxFileSize
 .text.FragDecoderProcess
                0x00000000080014a4      0x280 CMakeFiles/LoRaMac-periodic-uplink-lpp.dir/common/LmHandler/packages/FragDecoder.c.obj
                0x00000000080014a4                FragDecoderProcess
 .text.FragDecoderGetStatus
                0x0000000008001724       0x18 CMakeFiles/LoRaMac-periodic-uplink-lpp.dir/common/LmHandler/packages/FragDecoder.c.obj
                0x0000000008001724                FragDecoderGetStatus
 .text.LmhpClockSyncInit
                0x000000000800173c       0x20 CMakeFiles/LoRaMac-periodic-uplink-lpp.dir/common/LmHandler/packages/LmhpClockSync.c.obj
 .text.LmhpClockSyncIsInitialized
                0x000000000800175c        0xc CMakeFiles/LoRaMac-periodic-uplink-lpp.dir/common/LmHandler/packages/LmhpClockSync.c.obj
 .text.LmhpClockSyncIsRunning
                0x0000000008001768       0x10 CMakeFiles/LoRaMac-periodic-uplink-lpp.dir/common/LmHandler/packages/LmhpClockSync.c.obj
 .text.LmhpClockSyncOnMcpsIndication
                0x0000000008001778      0x178 CMakeFiles/LoRaMac-periodic-uplink-lpp.dir/common/LmHandler/packages/LmhpClockSync.c.obj
 .text.LmhpClockSyncOnMcpsConfirm
                0x00000000080018f0       0x4c CMakeFiles/LoRaMac-periodic-uplink-lpp.dir/common/LmHandler/packages/LmhpClockSync.c.obj
 .text.LmphClockSyncPackageFactory
                0x000000000800193c        0x8 CMakeFiles/LoRaMac-periodic-uplink-lpp.dir/common/LmHandler/packages/LmhpClockSync.c.obj
                0x000000000800193c                LmphClockSyncPackageFactory
 .text.LmhpClockSyncAppTimeReq
                0x0000000008001944       0xc4 CMakeFiles/LoRaMac-periodic-uplink-lpp.dir/common/LmHandler/packages/LmhpClockSync.c.obj
                0x0000000008001944                LmhpClockSyncAppTimeReq
 .text.LmhpClockSyncProcess
                0x0000000008001a08       0x24 CMakeFiles/LoRaMac-periodic-uplink-lpp.dir/common/LmHandler/packages/LmhpClockSync.c.obj
 .text.LmhpComplianceInit
                0x0000000008001a2c       0x2c CMakeFiles/LoRaMac-periodic-uplink-lpp.dir/common/LmHandler/packages/LmhpCompliance.c.obj
 .text.LmhpComplianceIsInitialized
                0x0000000008001a58        0xc CMakeFiles/LoRaMac-periodic-uplink-lpp.dir/common/LmHandler/packages/LmhpCompliance.c.obj
 .text.LmhpComplianceIsRunning
                0x0000000008001a64       0x10 CMakeFiles/LoRaMac-periodic-uplink-lpp.dir/common/LmHandler/packages/LmhpCompliance.c.obj
 .text.LmhpComplianceOnMlmeConfirm
                0x0000000008001a74       0x24 CMakeFiles/LoRaMac-periodic-uplink-lpp.dir/common/LmHandler/packages/LmhpCompliance.c.obj
 .text.OnComplianceTxNextPacketTimerEvent
                0x0000000008001a98        0xc CMakeFiles/LoRaMac-periodic-uplink-lpp.dir/common/LmHandler/packages/LmhpCompliance.c.obj
 .text.LmhpComplianceOnMcpsIndication
                0x0000000008001aa4      0x25c CMakeFiles/LoRaMac-periodic-uplink-lpp.dir/common/LmHandler/packages/LmhpCompliance.c.obj
 .text.LmhpComplianceTxProcess
                0x0000000008001d00       0x8c CMakeFiles/LoRaMac-periodic-uplink-lpp.dir/common/LmHandler/packages/LmhpCompliance.c.obj
 .text.LmhpComplianceProcess
                0x0000000008001d8c       0x2c CMakeFiles/LoRaMac-periodic-uplink-lpp.dir/common/LmHandler/packages/LmhpCompliance.c.obj
 .text.LmphCompliancePackageFactory
                0x0000000008001db8        0x8 CMakeFiles/LoRaMac-periodic-uplink-lpp.dir/common/LmHandler/packages/LmhpCompliance.c.obj
                0x0000000008001db8                LmphCompliancePackageFactory
 .text.LmhpFragmentationIsInitialized
                0x0000000008001dc0        0xc CMakeFiles/LoRaMac-periodic-uplink-lpp.dir/common/LmHandler/packages/LmhpFragmentation.c.obj
 .text.LmhpFragmentationIsRunning
                0x0000000008001dcc       0x10 CMakeFiles/LoRaMac-periodic-uplink-lpp.dir/common/LmHandler/packages/LmhpFragmentation.c.obj
 .text.LmhpFragmentationOnMcpsIndication
                0x0000000008001ddc      0x390 CMakeFiles/LoRaMac-periodic-uplink-lpp.dir/common/LmHandler/packages/LmhpFragmentation.c.obj
 .text.LmhpFragmentationProcess
                0x000000000800216c       0x54 CMakeFiles/LoRaMac-periodic-uplink-lpp.dir/common/LmHandler/packages/LmhpFragmentation.c.obj
 .text.LmhpFragmentationInit
                0x00000000080021c0       0x4c CMakeFiles/LoRaMac-periodic-uplink-lpp.dir/common/LmHandler/packages/LmhpFragmentation.c.obj
 .text.OnFragmentTxDelay
                0x000000000800220c       0x18 CMakeFiles/LoRaMac-periodic-uplink-lpp.dir/common/LmHandler/packages/LmhpFragmentation.c.obj
 .text.LmhpFragmentationPackageFactory
                0x0000000008002224        0x8 CMakeFiles/LoRaMac-periodic-uplink-lpp.dir/common/LmHandler/packages/LmhpFragmentation.c.obj
                0x0000000008002224                LmhpFragmentationPackageFactory
 .text.LmhpRemoteMcastSetupIsInitialized
                0x000000000800222c        0xc CMakeFiles/LoRaMac-periodic-uplink-lpp.dir/common/LmHandler/packages/LmhpRemoteMcastSetup.c.obj
 .text.LmhpRemoteMcastSetupIsRunning
                0x0000000008002238       0x10 CMakeFiles/LoRaMac-periodic-uplink-lpp.dir/common/LmHandler/packages/LmhpRemoteMcastSetup.c.obj
 .text.LmhpRemoteMcastSetupOnMcpsIndication
                0x0000000008002248      0x450 CMakeFiles/LoRaMac-periodic-uplink-lpp.dir/common/LmHandler/packages/LmhpRemoteMcastSetup.c.obj
 .text.LmhpRemoteMcastSetupProcess
                0x0000000008002698       0x5c CMakeFiles/LoRaMac-periodic-uplink-lpp.dir/common/LmHandler/packages/LmhpRemoteMcastSetup.c.obj
 .text.LmhpRemoteMcastSetupInit
                0x00000000080026f4       0x44 CMakeFiles/LoRaMac-periodic-uplink-lpp.dir/common/LmHandler/packages/LmhpRemoteMcastSetup.c.obj
 .text.OnSessionStopTimer
                0x0000000008002738       0x18 CMakeFiles/LoRaMac-periodic-uplink-lpp.dir/common/LmHandler/packages/LmhpRemoteMcastSetup.c.obj
 .text.OnSessionStartTimer
                0x0000000008002750       0x18 CMakeFiles/LoRaMac-periodic-uplink-lpp.dir/common/LmHandler/packages/LmhpRemoteMcastSetup.c.obj
 .text.LmhpRemoteMcastSetupPackageFactory
                0x0000000008002768        0x8 CMakeFiles/LoRaMac-periodic-uplink-lpp.dir/common/LmHandler/packages/LmhpRemoteMcastSetup.c.obj
                0x0000000008002768                LmhpRemoteMcastSetupPackageFactory
 .text.OnMacProcessNotify
                0x0000000008002770        0xc CMakeFiles/LoRaMac-periodic-uplink-lpp.dir/periodic-uplink-lpp/NucleoL073/main.c.obj
 .text.OnSysTimeUpdate
                0x000000000800277c        0x2 CMakeFiles/LoRaMac-periodic-uplink-lpp.dir/periodic-uplink-lpp/NucleoL073/main.c.obj
 *fill*         0x000000000800277e        0x2 
 .text.OnBeaconStatusChange
                0x0000000008002780       0x30 CMakeFiles/LoRaMac-periodic-uplink-lpp.dir/periodic-uplink-lpp/NucleoL073/main.c.obj
 .text.OnClassChange
                0x00000000080027b0       0x1e CMakeFiles/LoRaMac-periodic-uplink-lpp.dir/periodic-uplink-lpp/NucleoL073/main.c.obj
 *fill*         0x00000000080027ce        0x2 
 .text.OnRxData
                0x00000000080027d0       0x3c CMakeFiles/LoRaMac-periodic-uplink-lpp.dir/periodic-uplink-lpp/NucleoL073/main.c.obj
 .text.OnLedBeaconTimerEvent
                0x000000000800280c       0x24 CMakeFiles/LoRaMac-periodic-uplink-lpp.dir/periodic-uplink-lpp/NucleoL073/main.c.obj
 .text.OnLed2TimerEvent
                0x0000000008002830       0x1c CMakeFiles/LoRaMac-periodic-uplink-lpp.dir/periodic-uplink-lpp/NucleoL073/main.c.obj
 .text.OnLed1TimerEvent
                0x000000000800284c       0x1c CMakeFiles/LoRaMac-periodic-uplink-lpp.dir/periodic-uplink-lpp/NucleoL073/main.c.obj
 .text.OnTxData
                0x0000000008002868        0x8 CMakeFiles/LoRaMac-periodic-uplink-lpp.dir/periodic-uplink-lpp/NucleoL073/main.c.obj
 .text.OnJoinRequest
                0x0000000008002870       0x1e CMakeFiles/LoRaMac-periodic-uplink-lpp.dir/periodic-uplink-lpp/NucleoL073/main.c.obj
 .text.OnMacMlmeRequest
                0x000000000800288e        0x8 CMakeFiles/LoRaMac-periodic-uplink-lpp.dir/periodic-uplink-lpp/NucleoL073/main.c.obj
 .text.OnMacMcpsRequest
                0x0000000008002896        0x8 CMakeFiles/LoRaMac-periodic-uplink-lpp.dir/periodic-uplink-lpp/NucleoL073/main.c.obj
 .text.OnNetworkParametersChange
                0x000000000800289e        0x8 CMakeFiles/LoRaMac-periodic-uplink-lpp.dir/periodic-uplink-lpp/NucleoL073/main.c.obj
 .text.OnNvmContextChange
                0x00000000080028a6        0x8 CMakeFiles/LoRaMac-periodic-uplink-lpp.dir/periodic-uplink-lpp/NucleoL073/main.c.obj
 *fill*         0x00000000080028ae        0x2 
 .text.OnTxTimerEvent
                0x00000000080028b0       0x3c CMakeFiles/LoRaMac-periodic-uplink-lpp.dir/periodic-uplink-lpp/NucleoL073/main.c.obj
 .text.StartTxProcess
                0x00000000080028ec       0x40 CMakeFiles/LoRaMac-periodic-uplink-lpp.dir/periodic-uplink-lpp/NucleoL073/main.c.obj
 .text.PrepareTxFrame
                0x000000000800292c       0x74 CMakeFiles/LoRaMac-periodic-uplink-lpp.dir/periodic-uplink-lpp/NucleoL073/main.c.obj
 .text.UplinkProcess
                0x00000000080029a0       0x2c CMakeFiles/LoRaMac-periodic-uplink-lpp.dir/periodic-uplink-lpp/NucleoL073/main.c.obj
 .text.main     0x00000000080029cc       0xf4 CMakeFiles/LoRaMac-periodic-uplink-lpp.dir/periodic-uplink-lpp/NucleoL073/main.c.obj
                0x00000000080029cc                main
 .text.OnRadioTxTimeout
                0x0000000008002ac0       0x2c ../../mac/CMakeFiles/mac.dir/LoRaMac.c.obj
 .text.OnRadioRxError
                0x0000000008002aec       0x2c ../../mac/CMakeFiles/mac.dir/LoRaMac.c.obj
 .text.OnRadioRxTimeout
                0x0000000008002b18       0x2c ../../mac/CMakeFiles/mac.dir/LoRaMac.c.obj
 .text.UpdateRxSlotIdleState
                0x0000000008002b44       0x30 ../../mac/CMakeFiles/mac.dir/LoRaMac.c.obj
 .text.LoRaMacEnableRequests
                0x0000000008002b74       0x10 ../../mac/CMakeFiles/mac.dir/LoRaMac.c.obj
 .text.LoRaMacHandleIndicationEvents
                0x0000000008002b84       0x90 ../../mac/CMakeFiles/mac.dir/LoRaMac.c.obj
 .text.LoRaMacCheckForRxAbort
                0x0000000008002c14       0x24 ../../mac/CMakeFiles/mac.dir/LoRaMac.c.obj
 .text.SetMlmeScheduleUplinkIndication
                0x0000000008002c38       0x18 ../../mac/CMakeFiles/mac.dir/LoRaMac.c.obj
 .text.CalculateBackOff
                0x0000000008002c50       0x34 ../../mac/CMakeFiles/mac.dir/LoRaMac.c.obj
 .text.CheckRetransUnconfirmedUplink
                0x0000000008002c84       0x54 ../../mac/CMakeFiles/mac.dir/LoRaMac.c.obj
 .text.CheckRetransConfirmedUplink
                0x0000000008002cd8       0x38 ../../mac/CMakeFiles/mac.dir/LoRaMac.c.obj
 .text.StopRetransmission
                0x0000000008002d10       0x64 ../../mac/CMakeFiles/mac.dir/LoRaMac.c.obj
 .text.CallNvmCtxCallback
                0x0000000008002d74       0x1c ../../mac/CMakeFiles/mac.dir/LoRaMac.c.obj
 .text.EventMacNvmCtxChanged
                0x0000000008002d90        0xa ../../mac/CMakeFiles/mac.dir/LoRaMac.c.obj
 .text.EventRegionNvmCtxChanged
                0x0000000008002d9a        0xa ../../mac/CMakeFiles/mac.dir/LoRaMac.c.obj
 .text.EventCryptoNvmCtxChanged
                0x0000000008002da4        0xa ../../mac/CMakeFiles/mac.dir/LoRaMac.c.obj
 .text.EventSecureElementNvmCtxChanged
                0x0000000008002dae        0xa ../../mac/CMakeFiles/mac.dir/LoRaMac.c.obj
 .text.EventCommandsNvmCtxChanged
                0x0000000008002db8        0xa ../../mac/CMakeFiles/mac.dir/LoRaMac.c.obj
 .text.EventClassBNvmCtxChanged
                0x0000000008002dc2        0xa ../../mac/CMakeFiles/mac.dir/LoRaMac.c.obj
 .text.EventConfirmQueueNvmCtxChanged
                0x0000000008002dcc        0xa ../../mac/CMakeFiles/mac.dir/LoRaMac.c.obj
 *fill*         0x0000000008002dd6        0x2 
 .text.IsRequestPending
                0x0000000008002dd8       0x20 ../../mac/CMakeFiles/mac.dir/LoRaMac.c.obj
 .text.AckTimeoutRetriesProcess
                0x0000000008002df8       0x5c ../../mac/CMakeFiles/mac.dir/LoRaMac.c.obj
 .text.GetMaxAppPayloadWithoutFOptsLength
                0x0000000008002e54       0x30 ../../mac/CMakeFiles/mac.dir/LoRaMac.c.obj
 .text.ValidatePayloadLength
                0x0000000008002e84       0x24 ../../mac/CMakeFiles/mac.dir/LoRaMac.c.obj
 .text.ProcessRadioTxDone
                0x0000000008002ea8      0x120 ../../mac/CMakeFiles/mac.dir/LoRaMac.c.obj
 .text.OnAckTimeoutTimerEvent
                0x0000000008002fc8       0x70 ../../mac/CMakeFiles/mac.dir/LoRaMac.c.obj
 .text.PrepareRxDoneAbort
                0x0000000008003038       0x44 ../../mac/CMakeFiles/mac.dir/LoRaMac.c.obj
 .text.LoRaMacCheckForBeaconAcquisition
                0x000000000800307c       0x44 ../../mac/CMakeFiles/mac.dir/LoRaMac.c.obj
 .text.GetFCntDown
                0x00000000080030c0       0x7c ../../mac/CMakeFiles/mac.dir/LoRaMac.c.obj
 .text.RemoveMacCommands
                0x000000000800313c       0x1c ../../mac/CMakeFiles/mac.dir/LoRaMac.c.obj
 .text.ProcessMacCommands
                0x0000000008003158      0x608 ../../mac/CMakeFiles/mac.dir/LoRaMac.c.obj
 .text.ProcessRadioTxTimeout
                0x0000000008003760       0x64 ../../mac/CMakeFiles/mac.dir/LoRaMac.c.obj
 .text.CheckForClassBCollision
                0x00000000080037c4       0x40 ../../mac/CMakeFiles/mac.dir/LoRaMac.c.obj
 .text.HandleRadioRxErrorTimeout
                0x0000000008003804      0x118 ../../mac/CMakeFiles/mac.dir/LoRaMac.c.obj
 .text.ProcessRadioRxError
                0x000000000800391c        0xc ../../mac/CMakeFiles/mac.dir/LoRaMac.c.obj
 .text.ProcessRadioRxTimeout
                0x0000000008003928        0xc ../../mac/CMakeFiles/mac.dir/LoRaMac.c.obj
 .text.LoRaMacHandleMlmeRequest
                0x0000000008003934       0x6c ../../mac/CMakeFiles/mac.dir/LoRaMac.c.obj
 .text.AckTimeoutRetriesFinalize
                0x00000000080039a0       0x5c ../../mac/CMakeFiles/mac.dir/LoRaMac.c.obj
 .text.ResetMacParameters
                0x00000000080039fc      0x140 ../../mac/CMakeFiles/mac.dir/LoRaMac.c.obj
 .text.SerializeTxFrame
                0x0000000008003b3c       0x54 ../../mac/CMakeFiles/mac.dir/LoRaMac.c.obj
 .text.ComputeRxWindowParameters
                0x0000000008003b90       0xbc ../../mac/CMakeFiles/mac.dir/LoRaMac.c.obj
 .text.VerifyTxFrame
                0x0000000008003c4c       0x58 ../../mac/CMakeFiles/mac.dir/LoRaMac.c.obj
 .text.LoRaMacHandleRequestEvents
                0x0000000008003ca4       0x9c ../../mac/CMakeFiles/mac.dir/LoRaMac.c.obj
 .text.LoRaMacHandleScheduleUplinkEvent
                0x0000000008003d40       0x30 ../../mac/CMakeFiles/mac.dir/LoRaMac.c.obj
 .text.OpenContinuousRxCWindow
                0x0000000008003d70       0x74 ../../mac/CMakeFiles/mac.dir/LoRaMac.c.obj
 .text.RxWindowSetup
                0x0000000008003de4       0x50 ../../mac/CMakeFiles/mac.dir/LoRaMac.c.obj
 .text.OnRxWindow2TimerEvent
                0x0000000008003e34       0x68 ../../mac/CMakeFiles/mac.dir/LoRaMac.c.obj
 .text.OnRxWindow1TimerEvent
                0x0000000008003e9c       0x5c ../../mac/CMakeFiles/mac.dir/LoRaMac.c.obj
 .text.SwitchClass
                0x0000000008003ef8      0x140 ../../mac/CMakeFiles/mac.dir/LoRaMac.c.obj
 .text.SecureFrame
                0x0000000008004038       0x90 ../../mac/CMakeFiles/mac.dir/LoRaMac.c.obj
 .text.OnRadioRxDone
                0x00000000080040c8       0x50 ../../mac/CMakeFiles/mac.dir/LoRaMac.c.obj
 .text.OnRadioTxDone
                0x0000000008004118       0x4c ../../mac/CMakeFiles/mac.dir/LoRaMac.c.obj
 .text.LoRaMacIsBusy
                0x0000000008004164       0x28 ../../mac/CMakeFiles/mac.dir/LoRaMac.c.obj
                0x0000000008004164                LoRaMacIsBusy
 .text.PrepareFrame
                0x000000000800418c      0x1dc ../../mac/CMakeFiles/mac.dir/LoRaMac.c.obj
                0x000000000800418c                PrepareFrame
 .text.SendFrameOnChannel
                0x0000000008004368      0x11c ../../mac/CMakeFiles/mac.dir/LoRaMac.c.obj
                0x0000000008004368                SendFrameOnChannel
 .text.ScheduleTx
                0x0000000008004484      0x128 ../../mac/CMakeFiles/mac.dir/LoRaMac.c.obj
 .text.OnTxDelayedTimerEvent
                0x00000000080045ac       0x78 ../../mac/CMakeFiles/mac.dir/LoRaMac.c.obj
 .text.LoRaMacHandleMcpsRequest
                0x0000000008004624       0xbc ../../mac/CMakeFiles/mac.dir/LoRaMac.c.obj
 .text.Send     0x00000000080046e0      0x184 ../../mac/CMakeFiles/mac.dir/LoRaMac.c.obj
                0x00000000080046e0                Send
 .text.SendReJoinReq
                0x0000000008004864       0x60 ../../mac/CMakeFiles/mac.dir/LoRaMac.c.obj
                0x0000000008004864                SendReJoinReq
 .text.SetTxContinuousWave
                0x00000000080048c4       0x5c ../../mac/CMakeFiles/mac.dir/LoRaMac.c.obj
                0x00000000080048c4                SetTxContinuousWave
 .text.SetTxContinuousWave1
                0x0000000008004920       0x2c ../../mac/CMakeFiles/mac.dir/LoRaMac.c.obj
                0x0000000008004920                SetTxContinuousWave1
 .text.GetCtxs  0x000000000800494c       0x70 ../../mac/CMakeFiles/mac.dir/LoRaMac.c.obj
                0x000000000800494c                GetCtxs
 .text.RestoreCtxs
                0x00000000080049bc       0xd4 ../../mac/CMakeFiles/mac.dir/LoRaMac.c.obj
                0x00000000080049bc                RestoreCtxs
 .text.DetermineFrameType
                0x0000000008004a90       0x6a ../../mac/CMakeFiles/mac.dir/LoRaMac.c.obj
                0x0000000008004a90                DetermineFrameType
 *fill*         0x0000000008004afa        0x2 
 .text.ProcessRadioRxDone
                0x0000000008004afc      0x70c ../../mac/CMakeFiles/mac.dir/LoRaMac.c.obj
 .text.LoRaMacHandleIrqEvents
                0x0000000008005208       0x58 ../../mac/CMakeFiles/mac.dir/LoRaMac.c.obj
 .text.LoRaMacProcess
                0x0000000008005260       0x68 ../../mac/CMakeFiles/mac.dir/LoRaMac.c.obj
                0x0000000008005260                LoRaMacProcess
 .text.LoRaMacInitialization
                0x00000000080052c8      0x454 ../../mac/CMakeFiles/mac.dir/LoRaMac.c.obj
                0x00000000080052c8                LoRaMacInitialization
 .text.LoRaMacStart
                0x000000000800571c       0x14 ../../mac/CMakeFiles/mac.dir/LoRaMac.c.obj
                0x000000000800571c                LoRaMacStart
 .text.LoRaMacQueryTxPossible
                0x0000000008005730       0xd4 ../../mac/CMakeFiles/mac.dir/LoRaMac.c.obj
                0x0000000008005730                LoRaMacQueryTxPossible
 .text.LoRaMacMibGetRequestConfirm
                0x0000000008005804      0x258 ../../mac/CMakeFiles/mac.dir/LoRaMac.c.obj
                0x0000000008005804                LoRaMacMibGetRequestConfirm
 .text.LoRaMacMibSetRequestConfirm
                0x0000000008005a5c      0x684 ../../mac/CMakeFiles/mac.dir/LoRaMac.c.obj
                0x0000000008005a5c                LoRaMacMibSetRequestConfirm
 .text.LoRaMacMcChannelSetup
                0x00000000080060e0       0xe4 ../../mac/CMakeFiles/mac.dir/LoRaMac.c.obj
                0x00000000080060e0                LoRaMacMcChannelSetup
 .text.LoRaMacMcChannelDelete
                0x00000000080061c4       0x70 ../../mac/CMakeFiles/mac.dir/LoRaMac.c.obj
                0x00000000080061c4                LoRaMacMcChannelDelete
 .text.LoRaMacMcChannelSetupRxParams
                0x0000000008006234      0x100 ../../mac/CMakeFiles/mac.dir/LoRaMac.c.obj
                0x0000000008006234                LoRaMacMcChannelSetupRxParams
 .text.LoRaMacMlmeRequest
                0x0000000008006334      0x1bc ../../mac/CMakeFiles/mac.dir/LoRaMac.c.obj
                0x0000000008006334                LoRaMacMlmeRequest
 .text.LoRaMacMcpsRequest
                0x00000000080064f0      0x1b8 ../../mac/CMakeFiles/mac.dir/LoRaMac.c.obj
                0x00000000080064f0                LoRaMacMcpsRequest
 .text.LoRaMacTestSetDutyCycleOn
                0x00000000080066a8       0x34 ../../mac/CMakeFiles/mac.dir/LoRaMac.c.obj
                0x00000000080066a8                LoRaMacTestSetDutyCycleOn
 .text.CalcNextV10X
                0x00000000080066dc       0xda ../../mac/CMakeFiles/mac.dir/LoRaMacAdr.c.obj
 .text.LoRaMacAdrCalcNext
                0x00000000080067b6       0x12 ../../mac/CMakeFiles/mac.dir/LoRaMacAdr.c.obj
                0x00000000080067b6                LoRaMacAdrCalcNext
 .text.BeaconCrc
                0x00000000080067c8       0x44 ../../mac/CMakeFiles/mac.dir/LoRaMacClassB.c.obj
 .text.GetTemperatureLevel
                0x000000000800680c       0x14 ../../mac/CMakeFiles/mac.dir/LoRaMacClassB.c.obj
 .text.EnlargeWindowTimeout
                0x0000000008006820       0x44 ../../mac/CMakeFiles/mac.dir/LoRaMacClassB.c.obj
 .text.ResetWindowTimeout
                0x0000000008006864       0x14 ../../mac/CMakeFiles/mac.dir/LoRaMacClassB.c.obj
 .text.CalcDelayForNextBeacon
                0x0000000008006878       0x14 ../../mac/CMakeFiles/mac.dir/LoRaMacClassB.c.obj
 .text.IndicateBeaconStatus
                0x000000000800688c       0x40 ../../mac/CMakeFiles/mac.dir/LoRaMacClassB.c.obj
 .text.ApplyGuardTime
                0x00000000080068cc       0x18 ../../mac/CMakeFiles/mac.dir/LoRaMacClassB.c.obj
 .text.CalcPingNb
                0x00000000080068e4        0x8 ../../mac/CMakeFiles/mac.dir/LoRaMacClassB.c.obj
 .text.CalcPingPeriod
                0x00000000080068ec       0x10 ../../mac/CMakeFiles/mac.dir/LoRaMacClassB.c.obj
 .text.NvmContextChange
                0x00000000080068fc       0x14 ../../mac/CMakeFiles/mac.dir/LoRaMacClassB.c.obj
 .text.LoRaMacClassBPingSlotTimerEvent
                0x0000000008006910       0x24 ../../mac/CMakeFiles/mac.dir/LoRaMacClassB.c.obj
                0x0000000008006910                LoRaMacClassBPingSlotTimerEvent
 .text.LoRaMacClassBMulticastSlotTimerEvent
                0x0000000008006934       0x24 ../../mac/CMakeFiles/mac.dir/LoRaMacClassB.c.obj
                0x0000000008006934                LoRaMacClassBMulticastSlotTimerEvent
 .text.InitClassB
                0x0000000008006958       0x74 ../../mac/CMakeFiles/mac.dir/LoRaMacClassB.c.obj
 .text.InitClassBDefaults
                0x00000000080069cc       0x74 ../../mac/CMakeFiles/mac.dir/LoRaMacClassB.c.obj
 .text.CalcDownlinkFrequency
                0x0000000008006a40       0x2c ../../mac/CMakeFiles/mac.dir/LoRaMacClassB.c.obj
 .text.CalcDownlinkChannelAndFrequency
                0x0000000008006a6c       0x60 ../../mac/CMakeFiles/mac.dir/LoRaMacClassB.c.obj
 .text.LoRaMacClassBBeaconTimerEvent
                0x0000000008006acc       0x30 ../../mac/CMakeFiles/mac.dir/LoRaMacClassB.c.obj
                0x0000000008006acc                LoRaMacClassBBeaconTimerEvent
 .text.CalcNextSlotTime
                0x0000000008006afc       0xb4 ../../mac/CMakeFiles/mac.dir/LoRaMacClassB.c.obj
 .text.RxBeaconSetup
                0x0000000008006bb0       0xc4 ../../mac/CMakeFiles/mac.dir/LoRaMacClassB.c.obj
 .text.ComputePingOffset
                0x0000000008006c74       0x60 ../../mac/CMakeFiles/mac.dir/LoRaMacClassB.c.obj
 .text.LoRaMacClassBProcessPingSlot
                0x0000000008006cd4      0x160 ../../mac/CMakeFiles/mac.dir/LoRaMacClassB.c.obj
 .text.LoRaMacClassBProcessMulticastSlot
                0x0000000008006e34      0x1b8 ../../mac/CMakeFiles/mac.dir/LoRaMacClassB.c.obj
 .text.LoRaMacClassBInit
                0x0000000008006fec       0x60 ../../mac/CMakeFiles/mac.dir/LoRaMacClassB.c.obj
                0x0000000008006fec                LoRaMacClassBInit
 .text.LoRaMacClassBRestoreNvmCtx
                0x000000000800704c       0x1c ../../mac/CMakeFiles/mac.dir/LoRaMacClassB.c.obj
                0x000000000800704c                LoRaMacClassBRestoreNvmCtx
 .text.LoRaMacClassBGetNvmCtx
                0x0000000008007068        0xc ../../mac/CMakeFiles/mac.dir/LoRaMacClassB.c.obj
                0x0000000008007068                LoRaMacClassBGetNvmCtx
 .text.LoRaMacClassBSetPingSlotState
                0x0000000008007074        0xc ../../mac/CMakeFiles/mac.dir/LoRaMacClassB.c.obj
                0x0000000008007074                LoRaMacClassBSetPingSlotState
 .text.LoRaMacClassBSetMulticastSlotState
                0x0000000008007080        0xc ../../mac/CMakeFiles/mac.dir/LoRaMacClassB.c.obj
                0x0000000008007080                LoRaMacClassBSetMulticastSlotState
 .text.LoRaMacClassBRxBeacon
                0x000000000800708c      0x1c8 ../../mac/CMakeFiles/mac.dir/LoRaMacClassB.c.obj
                0x000000000800708c                LoRaMacClassBRxBeacon
 .text.LoRaMacClassBIsBeaconExpected
                0x0000000008007254       0x24 ../../mac/CMakeFiles/mac.dir/LoRaMacClassB.c.obj
                0x0000000008007254                LoRaMacClassBIsBeaconExpected
 .text.LoRaMacClassBIsPingExpected
                0x0000000008007278       0x18 ../../mac/CMakeFiles/mac.dir/LoRaMacClassB.c.obj
                0x0000000008007278                LoRaMacClassBIsPingExpected
 .text.LoRaMacClassBIsMulticastExpected
                0x0000000008007290       0x18 ../../mac/CMakeFiles/mac.dir/LoRaMacClassB.c.obj
                0x0000000008007290                LoRaMacClassBIsMulticastExpected
 .text.LoRaMacClassBIsAcquisitionPending
                0x00000000080072a8       0x14 ../../mac/CMakeFiles/mac.dir/LoRaMacClassB.c.obj
                0x00000000080072a8                LoRaMacClassBIsAcquisitionPending
 .text.LoRaMacClassBSetBeaconState
                0x00000000080072bc       0x3c ../../mac/CMakeFiles/mac.dir/LoRaMacClassB.c.obj
                0x00000000080072bc                LoRaMacClassBSetBeaconState
 .text.LoRaMacClassBIsAcquisitionInProgress
                0x00000000080072f8       0x1c ../../mac/CMakeFiles/mac.dir/LoRaMacClassB.c.obj
                0x00000000080072f8                LoRaMacClassBIsAcquisitionInProgress
 .text.LoRaMacClassBIsBeaconModeActive
                0x0000000008007314       0x24 ../../mac/CMakeFiles/mac.dir/LoRaMacClassB.c.obj
                0x0000000008007314                LoRaMacClassBIsBeaconModeActive
 .text.LoRaMacClassBSetPingSlotInfo
                0x0000000008007338       0x24 ../../mac/CMakeFiles/mac.dir/LoRaMacClassB.c.obj
                0x0000000008007338                LoRaMacClassBSetPingSlotInfo
 .text.LoRaMacClassBResumeBeaconing
                0x000000000800735c       0x34 ../../mac/CMakeFiles/mac.dir/LoRaMacClassB.c.obj
                0x000000000800735c                LoRaMacClassBResumeBeaconing
 .text.LoRaMacClassBMibGetRequestConfirm
                0x0000000008007390       0x1c ../../mac/CMakeFiles/mac.dir/LoRaMacClassB.c.obj
                0x0000000008007390                LoRaMacClassBMibGetRequestConfirm
 .text.LoRaMacMibClassBSetRequestConfirm
                0x00000000080073ac       0x24 ../../mac/CMakeFiles/mac.dir/LoRaMacClassB.c.obj
                0x00000000080073ac                LoRaMacMibClassBSetRequestConfirm
 .text.LoRaMacClassBPingSlotInfoAns
                0x00000000080073d0       0x30 ../../mac/CMakeFiles/mac.dir/LoRaMacClassB.c.obj
                0x00000000080073d0                LoRaMacClassBPingSlotInfoAns
 .text.LoRaMacClassBPingSlotChannelReq
                0x0000000008007400       0xa0 ../../mac/CMakeFiles/mac.dir/LoRaMacClassB.c.obj
                0x0000000008007400                LoRaMacClassBPingSlotChannelReq
 .text.LoRaMacClassBBeaconTimingAns
                0x00000000080074a0       0x80 ../../mac/CMakeFiles/mac.dir/LoRaMacClassB.c.obj
                0x00000000080074a0                LoRaMacClassBBeaconTimingAns
 .text.LoRaMacClassBDeviceTimeAns
                0x0000000008007520       0xb0 ../../mac/CMakeFiles/mac.dir/LoRaMacClassB.c.obj
                0x0000000008007520                LoRaMacClassBDeviceTimeAns
 .text.LoRaMacClassBBeaconFreqReq
                0x00000000080075d0       0x58 ../../mac/CMakeFiles/mac.dir/LoRaMacClassB.c.obj
                0x00000000080075d0                LoRaMacClassBBeaconFreqReq
 .text.LoRaMacClassBIsUplinkCollision
                0x0000000008007628       0x50 ../../mac/CMakeFiles/mac.dir/LoRaMacClassB.c.obj
                0x0000000008007628                LoRaMacClassBIsUplinkCollision
 .text.LoRaMacClassBStopRxSlots
                0x0000000008007678       0x3c ../../mac/CMakeFiles/mac.dir/LoRaMacClassB.c.obj
                0x0000000008007678                LoRaMacClassBStopRxSlots
 .text.LoRaMacClassBHaltBeaconing
                0x00000000080076b4       0x5c ../../mac/CMakeFiles/mac.dir/LoRaMacClassB.c.obj
                0x00000000080076b4                LoRaMacClassBHaltBeaconing
 .text.LoRaMacClassBSwitchClass
                0x0000000008007710       0x38 ../../mac/CMakeFiles/mac.dir/LoRaMacClassB.c.obj
                0x0000000008007710                LoRaMacClassBSwitchClass
 .text.LoRaMacClassBStartRxSlots
                0x0000000008007748       0x44 ../../mac/CMakeFiles/mac.dir/LoRaMacClassB.c.obj
                0x0000000008007748                LoRaMacClassBStartRxSlots
 .text.UpdateBeaconState
                0x000000000800778c       0x6c ../../mac/CMakeFiles/mac.dir/LoRaMacClassB.c.obj
 .text.LoRaMacClassBProcessBeacon
                0x00000000080077f8      0x264 ../../mac/CMakeFiles/mac.dir/LoRaMacClassB.c.obj
 .text.LoRaMacClassBSetMulticastPeriodicity
                0x0000000008007a5c       0x18 ../../mac/CMakeFiles/mac.dir/LoRaMacClassB.c.obj
                0x0000000008007a5c                LoRaMacClassBSetMulticastPeriodicity
 .text.LoRaMacClassBProcess
                0x0000000008007a74       0x44 ../../mac/CMakeFiles/mac.dir/LoRaMacClassB.c.obj
                0x0000000008007a74                LoRaMacClassBProcess
 .text.IsSlotFree
                0x0000000008007ab8       0x1a ../../mac/CMakeFiles/mac.dir/LoRaMacCommands.c.obj
 *fill*         0x0000000008007ad2        0x2 
 .text.MallocNewMacCommandSlot
                0x0000000008007ad4       0x28 ../../mac/CMakeFiles/mac.dir/LoRaMacCommands.c.obj
 .text.LinkedListInit
                0x0000000008007afc       0x12 ../../mac/CMakeFiles/mac.dir/LoRaMacCommands.c.obj
 .text.LinkedListAdd
                0x0000000008007b0e       0x2c ../../mac/CMakeFiles/mac.dir/LoRaMacCommands.c.obj
 .text.LinkedListGetPrevious
                0x0000000008007b3a       0x24 ../../mac/CMakeFiles/mac.dir/LoRaMacCommands.c.obj
 .text.LinkedListRemove
                0x0000000008007b5e       0x40 ../../mac/CMakeFiles/mac.dir/LoRaMacCommands.c.obj
 .text.IsSticky
                0x0000000008007b9e       0x1e ../../mac/CMakeFiles/mac.dir/LoRaMacCommands.c.obj
 .text.NvmCtxCallback
                0x0000000008007bbc       0x14 ../../mac/CMakeFiles/mac.dir/LoRaMacCommands.c.obj
 .text.FreeMacCommandSlot
                0x0000000008007bd0       0x16 ../../mac/CMakeFiles/mac.dir/LoRaMacCommands.c.obj
 *fill*         0x0000000008007be6        0x2 
 .text.LoRaMacCommandsInit
                0x0000000008007be8       0x28 ../../mac/CMakeFiles/mac.dir/LoRaMacCommands.c.obj
                0x0000000008007be8                LoRaMacCommandsInit
 .text.LoRaMacCommandsRestoreNvmCtx
                0x0000000008007c10       0x1c ../../mac/CMakeFiles/mac.dir/LoRaMacCommands.c.obj
                0x0000000008007c10                LoRaMacCommandsRestoreNvmCtx
 .text.LoRaMacCommandsGetNvmCtx
                0x0000000008007c2c        0xc ../../mac/CMakeFiles/mac.dir/LoRaMacCommands.c.obj
                0x0000000008007c2c                LoRaMacCommandsGetNvmCtx
 .text.LoRaMacCommandsAddCmd
                0x0000000008007c38       0x5c ../../mac/CMakeFiles/mac.dir/LoRaMacCommands.c.obj
                0x0000000008007c38                LoRaMacCommandsAddCmd
 .text.LoRaMacCommandsRemoveCmd
                0x0000000008007c94       0x44 ../../mac/CMakeFiles/mac.dir/LoRaMacCommands.c.obj
                0x0000000008007c94                LoRaMacCommandsRemoveCmd
 .text.LoRaMacCommandsRemoveNoneStickyCmds
                0x0000000008007cd8       0x2c ../../mac/CMakeFiles/mac.dir/LoRaMacCommands.c.obj
                0x0000000008007cd8                LoRaMacCommandsRemoveNoneStickyCmds
 .text.LoRaMacCommandsRemoveStickyAnsCmds
                0x0000000008007d04       0x30 ../../mac/CMakeFiles/mac.dir/LoRaMacCommands.c.obj
                0x0000000008007d04                LoRaMacCommandsRemoveStickyAnsCmds
 .text.LoRaMacCommandsGetSizeSerializedCmds
                0x0000000008007d34       0x18 ../../mac/CMakeFiles/mac.dir/LoRaMacCommands.c.obj
                0x0000000008007d34                LoRaMacCommandsGetSizeSerializedCmds
 .text.LoRaMacCommandsSerializeCmds
                0x0000000008007d4c       0x74 ../../mac/CMakeFiles/mac.dir/LoRaMacCommands.c.obj
                0x0000000008007d4c                LoRaMacCommandsSerializeCmds
 .text.LoRaMacCommandsStickyCmdsPending
                0x0000000008007dc0       0x30 ../../mac/CMakeFiles/mac.dir/LoRaMacCommands.c.obj
                0x0000000008007dc0                LoRaMacCommandsStickyCmdsPending
 .text.LoRaMacCommandsGetCmdSize
                0x0000000008007df0       0x48 ../../mac/CMakeFiles/mac.dir/LoRaMacCommands.c.obj
                0x0000000008007df0                LoRaMacCommandsGetCmdSize
 .text.IncreaseBufferPointer
                0x0000000008007e38       0x18 ../../mac/CMakeFiles/mac.dir/LoRaMacConfirmQueue.c.obj
 .text.IsListEmpty
                0x0000000008007e50        0xc ../../mac/CMakeFiles/mac.dir/LoRaMacConfirmQueue.c.obj
 .text.IsListFull
                0x0000000008007e5c        0xc ../../mac/CMakeFiles/mac.dir/LoRaMacConfirmQueue.c.obj
 .text.GetElement
                0x0000000008007e68       0x40 ../../mac/CMakeFiles/mac.dir/LoRaMacConfirmQueue.c.obj
 .text.LoRaMacConfirmQueueInit
                0x0000000008007ea8       0x30 ../../mac/CMakeFiles/mac.dir/LoRaMacConfirmQueue.c.obj
                0x0000000008007ea8                LoRaMacConfirmQueueInit
 .text.LoRaMacConfirmQueueRestoreNvmCtx
                0x0000000008007ed8       0x1c ../../mac/CMakeFiles/mac.dir/LoRaMacConfirmQueue.c.obj
                0x0000000008007ed8                LoRaMacConfirmQueueRestoreNvmCtx
 .text.LoRaMacConfirmQueueGetNvmCtx
                0x0000000008007ef4        0xc ../../mac/CMakeFiles/mac.dir/LoRaMacConfirmQueue.c.obj
                0x0000000008007ef4                LoRaMacConfirmQueueGetNvmCtx
 .text.LoRaMacConfirmQueueAdd
                0x0000000008007f00       0x40 ../../mac/CMakeFiles/mac.dir/LoRaMacConfirmQueue.c.obj
                0x0000000008007f00                LoRaMacConfirmQueueAdd
 .text.LoRaMacConfirmQueueRemoveFirst
                0x0000000008007f40       0x2c ../../mac/CMakeFiles/mac.dir/LoRaMacConfirmQueue.c.obj
                0x0000000008007f40                LoRaMacConfirmQueueRemoveFirst
 .text.LoRaMacConfirmQueueSetStatus
                0x0000000008007f6c       0x30 ../../mac/CMakeFiles/mac.dir/LoRaMacConfirmQueue.c.obj
                0x0000000008007f6c                LoRaMacConfirmQueueSetStatus
 .text.LoRaMacConfirmQueueGetStatus
                0x0000000008007f9c       0x34 ../../mac/CMakeFiles/mac.dir/LoRaMacConfirmQueue.c.obj
                0x0000000008007f9c                LoRaMacConfirmQueueGetStatus
 .text.LoRaMacConfirmQueueSetStatusCmn
                0x0000000008007fd0       0x3c ../../mac/CMakeFiles/mac.dir/LoRaMacConfirmQueue.c.obj
                0x0000000008007fd0                LoRaMacConfirmQueueSetStatusCmn
 .text.LoRaMacConfirmQueueIsCmdActive
                0x000000000800800c       0x18 ../../mac/CMakeFiles/mac.dir/LoRaMacConfirmQueue.c.obj
                0x000000000800800c                LoRaMacConfirmQueueIsCmdActive
 .text.LoRaMacConfirmQueueHandleCb
                0x0000000008008024       0x5c ../../mac/CMakeFiles/mac.dir/LoRaMacConfirmQueue.c.obj
                0x0000000008008024                LoRaMacConfirmQueueHandleCb
 .text.LoRaMacConfirmQueueGetCnt
                0x0000000008008080        0xc ../../mac/CMakeFiles/mac.dir/LoRaMacConfirmQueue.c.obj
                0x0000000008008080                LoRaMacConfirmQueueGetCnt
 .text.LoRaMacConfirmQueueIsFull
                0x000000000800808c       0x14 ../../mac/CMakeFiles/mac.dir/LoRaMacConfirmQueue.c.obj
                0x000000000800808c                LoRaMacConfirmQueueIsFull
 .text.PrepareB0
                0x00000000080080a0       0x64 ../../mac/CMakeFiles/mac.dir/LoRaMacCrypto.c.obj
 .text.GetKeyAddrItem
                0x0000000008008104       0x2c ../../mac/CMakeFiles/mac.dir/LoRaMacCrypto.c.obj
 .text.GetLastFcntDown
                0x0000000008008130       0x88 ../../mac/CMakeFiles/mac.dir/LoRaMacCrypto.c.obj
 .text.CheckFCntDown
                0x00000000080081b8       0x30 ../../mac/CMakeFiles/mac.dir/LoRaMacCrypto.c.obj
 .text.UpdateFCntDown
                0x00000000080081e8       0x54 ../../mac/CMakeFiles/mac.dir/LoRaMacCrypto.c.obj
 .text.ResetFCnts
                0x000000000800823c       0x2c ../../mac/CMakeFiles/mac.dir/LoRaMacCrypto.c.obj
 .text.DummyCB  0x0000000008008268        0x2 ../../mac/CMakeFiles/mac.dir/LoRaMacCrypto.c.obj
 .text.ComputeCmacB0
                0x000000000800826a       0x5e ../../mac/CMakeFiles/mac.dir/LoRaMacCrypto.c.obj
 .text.DeriveSessionKey10x
                0x00000000080082c8       0x94 ../../mac/CMakeFiles/mac.dir/LoRaMacCrypto.c.obj
 .text.PayloadEncrypt
                0x000000000800835c       0xd0 ../../mac/CMakeFiles/mac.dir/LoRaMacCrypto.c.obj
 .text.VerifyCmacB0
                0x000000000800842c       0x7a ../../mac/CMakeFiles/mac.dir/LoRaMacCrypto.c.obj
 *fill*         0x00000000080084a6        0x2 
 .text.LoRaMacCryptoInit
                0x00000000080084a8       0x44 ../../mac/CMakeFiles/mac.dir/LoRaMacCrypto.c.obj
                0x00000000080084a8                LoRaMacCryptoInit
 .text.LoRaMacCryptoSetLrWanVersion
                0x00000000080084ec       0x10 ../../mac/CMakeFiles/mac.dir/LoRaMacCrypto.c.obj
                0x00000000080084ec                LoRaMacCryptoSetLrWanVersion
 .text.LoRaMacCryptoRestoreNvmCtx
                0x00000000080084fc       0x1c ../../mac/CMakeFiles/mac.dir/LoRaMacCrypto.c.obj
                0x00000000080084fc                LoRaMacCryptoRestoreNvmCtx
 .text.LoRaMacCryptoGetNvmCtx
                0x0000000008008518        0xc ../../mac/CMakeFiles/mac.dir/LoRaMacCrypto.c.obj
                0x0000000008008518                LoRaMacCryptoGetNvmCtx
 .text.LoRaMacCryptoGetFCntUp
                0x0000000008008524       0x1c ../../mac/CMakeFiles/mac.dir/LoRaMacCrypto.c.obj
                0x0000000008008524                LoRaMacCryptoGetFCntUp
 .text.LoRaMacCryptoGetFCntDown
                0x0000000008008540       0x84 ../../mac/CMakeFiles/mac.dir/LoRaMacCrypto.c.obj
                0x0000000008008540                LoRaMacCryptoGetFCntDown
 .text.LoRaMacCryptoSetMulticastReference
                0x00000000080085c4       0x28 ../../mac/CMakeFiles/mac.dir/LoRaMacCrypto.c.obj
                0x00000000080085c4                LoRaMacCryptoSetMulticastReference
 .text.LoRaMacCryptoPrepareJoinRequest
                0x00000000080085ec       0x64 ../../mac/CMakeFiles/mac.dir/LoRaMacCrypto.c.obj
                0x00000000080085ec                LoRaMacCryptoPrepareJoinRequest
 .text.LoRaMacCryptoSecureMessage
                0x0000000008008650       0x98 ../../mac/CMakeFiles/mac.dir/LoRaMacCrypto.c.obj
                0x0000000008008650                LoRaMacCryptoSecureMessage
 .text.LoRaMacCryptoUnsecureMessage
                0x00000000080086e8       0xc4 ../../mac/CMakeFiles/mac.dir/LoRaMacCrypto.c.obj
                0x00000000080086e8                LoRaMacCryptoUnsecureMessage
 .text.LoRaMacCryptoDeriveMcRootKey
                0x00000000080087ac       0x48 ../../mac/CMakeFiles/mac.dir/LoRaMacCrypto.c.obj
                0x00000000080087ac                LoRaMacCryptoDeriveMcRootKey
 .text.LoRaMacCryptoDeriveMcKEKey
                0x00000000080087f4       0x3c ../../mac/CMakeFiles/mac.dir/LoRaMacCrypto.c.obj
                0x00000000080087f4                LoRaMacCryptoDeriveMcKEKey
 .text.LoRaMacCryptoSetKey
                0x0000000008008830       0x32 ../../mac/CMakeFiles/mac.dir/LoRaMacCrypto.c.obj
                0x0000000008008830                LoRaMacCryptoSetKey
 *fill*         0x0000000008008862        0x2 
 .text.LoRaMacCryptoHandleJoinAccept
                0x0000000008008864       0xf4 ../../mac/CMakeFiles/mac.dir/LoRaMacCrypto.c.obj
                0x0000000008008864                LoRaMacCryptoHandleJoinAccept
 .text.LoRaMacCryptoDeriveMcSessionKeyPair
                0x0000000008008958       0x8c ../../mac/CMakeFiles/mac.dir/LoRaMacCrypto.c.obj
                0x0000000008008958                LoRaMacCryptoDeriveMcSessionKeyPair
 .text.LoRaMacParserJoinAccept
                0x00000000080089e4       0x9e ../../mac/CMakeFiles/mac.dir/LoRaMacParser.c.obj
                0x00000000080089e4                LoRaMacParserJoinAccept
 .text.LoRaMacParserData
                0x0000000008008a82       0xc0 ../../mac/CMakeFiles/mac.dir/LoRaMacParser.c.obj
                0x0000000008008a82                LoRaMacParserData
 .text.LoRaMacSerializerJoinRequest
                0x0000000008008b42       0x6c ../../mac/CMakeFiles/mac.dir/LoRaMacSerializer.c.obj
                0x0000000008008b42                LoRaMacSerializerJoinRequest
 .text.LoRaMacSerializerData
                0x0000000008008bae       0xe4 ../../mac/CMakeFiles/mac.dir/LoRaMacSerializer.c.obj
                0x0000000008008bae                LoRaMacSerializerData
 .text.RegionIsActive
                0x0000000008008c92        0xc ../../mac/CMakeFiles/mac.dir/region/Region.c.obj
                0x0000000008008c92                RegionIsActive
 .text.RegionGetPhyParam
                0x0000000008008c9e       0x20 ../../mac/CMakeFiles/mac.dir/region/Region.c.obj
                0x0000000008008c9e                RegionGetPhyParam
 .text.RegionSetBandTxDone
                0x0000000008008cbe       0x10 ../../mac/CMakeFiles/mac.dir/region/Region.c.obj
                0x0000000008008cbe                RegionSetBandTxDone
 .text.RegionInitDefaults
                0x0000000008008cce       0x10 ../../mac/CMakeFiles/mac.dir/region/Region.c.obj
                0x0000000008008cce                RegionInitDefaults
 .text.RegionGetNvmCtx
                0x0000000008008cde       0x12 ../../mac/CMakeFiles/mac.dir/region/Region.c.obj
                0x0000000008008cde                RegionGetNvmCtx
 .text.RegionVerify
                0x0000000008008cf0       0x16 ../../mac/CMakeFiles/mac.dir/region/Region.c.obj
                0x0000000008008cf0                RegionVerify
 .text.RegionApplyCFList
                0x0000000008008d06       0x10 ../../mac/CMakeFiles/mac.dir/region/Region.c.obj
                0x0000000008008d06                RegionApplyCFList
 .text.RegionChanMaskSet
                0x0000000008008d16       0x12 ../../mac/CMakeFiles/mac.dir/region/Region.c.obj
                0x0000000008008d16                RegionChanMaskSet
 .text.RegionComputeRxWindowParameters
                0x0000000008008d28       0x18 ../../mac/CMakeFiles/mac.dir/region/Region.c.obj
                0x0000000008008d28                RegionComputeRxWindowParameters
 .text.RegionRxConfig
                0x0000000008008d40       0x16 ../../mac/CMakeFiles/mac.dir/region/Region.c.obj
                0x0000000008008d40                RegionRxConfig
 .text.RegionTxConfig
                0x0000000008008d56       0x18 ../../mac/CMakeFiles/mac.dir/region/Region.c.obj
                0x0000000008008d56                RegionTxConfig
 .text.RegionLinkAdrReq
                0x0000000008008d6e       0x22 ../../mac/CMakeFiles/mac.dir/region/Region.c.obj
                0x0000000008008d6e                RegionLinkAdrReq
 .text.RegionRxParamSetupReq
                0x0000000008008d90       0x12 ../../mac/CMakeFiles/mac.dir/region/Region.c.obj
                0x0000000008008d90                RegionRxParamSetupReq
 .text.RegionNewChannelReq
                0x0000000008008da2       0x12 ../../mac/CMakeFiles/mac.dir/region/Region.c.obj
                0x0000000008008da2                RegionNewChannelReq
 .text.RegionTxParamSetupReq
                0x0000000008008db4       0x12 ../../mac/CMakeFiles/mac.dir/region/Region.c.obj
                0x0000000008008db4                RegionTxParamSetupReq
 .text.RegionDlChannelReq
                0x0000000008008dc6       0x12 ../../mac/CMakeFiles/mac.dir/region/Region.c.obj
                0x0000000008008dc6                RegionDlChannelReq
 .text.RegionAlternateDr
                0x0000000008008dd8       0x16 ../../mac/CMakeFiles/mac.dir/region/Region.c.obj
                0x0000000008008dd8                RegionAlternateDr
 .text.RegionNextChannel
                0x0000000008008dee       0x1a ../../mac/CMakeFiles/mac.dir/region/Region.c.obj
                0x0000000008008dee                RegionNextChannel
 .text.RegionSetContinuousWave
                0x0000000008008e08       0x10 ../../mac/CMakeFiles/mac.dir/region/Region.c.obj
                0x0000000008008e08                RegionSetContinuousWave
 .text.RegionApplyDrOffset
                0x0000000008008e18       0x18 ../../mac/CMakeFiles/mac.dir/region/Region.c.obj
                0x0000000008008e18                RegionApplyDrOffset
 .text.RegionRxBeaconSetup
                0x0000000008008e30       0x14 ../../mac/CMakeFiles/mac.dir/region/Region.c.obj
                0x0000000008008e30                RegionRxBeaconSetup
 .text.RegionGetVersion
                0x0000000008008e44        0x8 ../../mac/CMakeFiles/mac.dir/region/Region.c.obj
                0x0000000008008e44                RegionGetVersion
 .text.CountChannels
                0x0000000008008e4c       0x26 ../../mac/CMakeFiles/mac.dir/region/RegionCommon.c.obj
 *fill*         0x0000000008008e72        0x2 
 .text.RegionCommonGetJoinDc
                0x0000000008008e74       0x28 ../../mac/CMakeFiles/mac.dir/region/RegionCommon.c.obj
                0x0000000008008e74                RegionCommonGetJoinDc
 .text.GetDutyCycle
                0x0000000008008e9c       0x2e ../../mac/CMakeFiles/mac.dir/region/RegionCommon.c.obj
 *fill*         0x0000000008008eca        0x2 
 .text.SetMaxTimeCredits
                0x0000000008008ecc       0x38 ../../mac/CMakeFiles/mac.dir/region/RegionCommon.c.obj
 .text.UpdateTimeCredits
                0x0000000008008f04       0x52 ../../mac/CMakeFiles/mac.dir/region/RegionCommon.c.obj
 .text.RegionCommonValueInRange
                0x0000000008008f56       0x14 ../../mac/CMakeFiles/mac.dir/region/RegionCommon.c.obj
                0x0000000008008f56                RegionCommonValueInRange
 .text.RegionCommonChanVerifyDr
                0x0000000008008f6a       0x88 ../../mac/CMakeFiles/mac.dir/region/RegionCommon.c.obj
                0x0000000008008f6a                RegionCommonChanVerifyDr
 .text.RegionCommonChanDisable
                0x0000000008008ff2       0x2a ../../mac/CMakeFiles/mac.dir/region/RegionCommon.c.obj
                0x0000000008008ff2                RegionCommonChanDisable
 .text.RegionCommonCountChannels
                0x000000000800901c       0x2e ../../mac/CMakeFiles/mac.dir/region/RegionCommon.c.obj
                0x000000000800901c                RegionCommonCountChannels
 .text.RegionCommonChanMaskCopy
                0x000000000800904a       0x1e ../../mac/CMakeFiles/mac.dir/region/RegionCommon.c.obj
                0x000000000800904a                RegionCommonChanMaskCopy
 .text.RegionCommonSetBandTxDone
                0x0000000008009068       0x2e ../../mac/CMakeFiles/mac.dir/region/RegionCommon.c.obj
                0x0000000008009068                RegionCommonSetBandTxDone
 .text.RegionCommonUpdateBandTimeOff
                0x0000000008009096       0xa2 ../../mac/CMakeFiles/mac.dir/region/RegionCommon.c.obj
                0x0000000008009096                RegionCommonUpdateBandTimeOff
 .text.RegionCommonParseLinkAdrReq
                0x0000000008009138       0x3a ../../mac/CMakeFiles/mac.dir/region/RegionCommon.c.obj
                0x0000000008009138                RegionCommonParseLinkAdrReq
 .text.RegionCommonLinkAdrReqVerifyParams
                0x0000000008009172       0xac ../../mac/CMakeFiles/mac.dir/region/RegionCommon.c.obj
                0x0000000008009172                RegionCommonLinkAdrReqVerifyParams
 *fill*         0x000000000800921e        0x2 
 .text.RegionCommonComputeSymbolTimeLoRa
                0x0000000008009220       0x34 ../../mac/CMakeFiles/mac.dir/region/RegionCommon.c.obj
                0x0000000008009220                RegionCommonComputeSymbolTimeLoRa
 .text.RegionCommonComputeSymbolTimeFsk
                0x0000000008009254       0x18 ../../mac/CMakeFiles/mac.dir/region/RegionCommon.c.obj
                0x0000000008009254                RegionCommonComputeSymbolTimeFsk
 .text.RegionCommonComputeRxWindowParameters
                0x000000000800926c       0xcc ../../mac/CMakeFiles/mac.dir/region/RegionCommon.c.obj
                0x000000000800926c                RegionCommonComputeRxWindowParameters
 .text.RegionCommonComputeTxPower
                0x0000000008009338       0x2a ../../mac/CMakeFiles/mac.dir/region/RegionCommon.c.obj
                0x0000000008009338                RegionCommonComputeTxPower
 *fill*         0x0000000008009362        0x2 
 .text.RegionCommonRxBeaconSetup
                0x0000000008009364       0x64 ../../mac/CMakeFiles/mac.dir/region/RegionCommon.c.obj
                0x0000000008009364                RegionCommonRxBeaconSetup
 .text.RegionCommonCountNbOfEnabledChannels
                0x00000000080093c8       0xda ../../mac/CMakeFiles/mac.dir/region/RegionCommon.c.obj
                0x00000000080093c8                RegionCommonCountNbOfEnabledChannels
 .text.RegionCommonIdentifyChannels
                0x00000000080094a2       0x9a ../../mac/CMakeFiles/mac.dir/region/RegionCommon.c.obj
                0x00000000080094a2                RegionCommonIdentifyChannels
 .text.GetNextLowerTxDr
                0x000000000800953c       0x12 ../../mac/CMakeFiles/mac.dir/region/RegionEU868.c.obj
 *fill*         0x000000000800954e        0x2 
 .text.GetBandwidth
                0x0000000008009550       0x2c ../../mac/CMakeFiles/mac.dir/region/RegionEU868.c.obj
 .text.LimitTxPower
                0x000000000800957c        0xc ../../mac/CMakeFiles/mac.dir/region/RegionEU868.c.obj
 .text.VerifyRfFreq
                0x0000000008009588       0xac ../../mac/CMakeFiles/mac.dir/region/RegionEU868.c.obj
 .text.GetTimeOnAir
                0x0000000008009634       0x64 ../../mac/CMakeFiles/mac.dir/region/RegionEU868.c.obj
 .text.RegionEU868GetPhyParam
                0x0000000008009698      0x128 ../../mac/CMakeFiles/mac.dir/region/RegionEU868.c.obj
                0x0000000008009698                RegionEU868GetPhyParam
 .text.RegionEU868SetBandTxDone
                0x00000000080097c0       0x34 ../../mac/CMakeFiles/mac.dir/region/RegionEU868.c.obj
                0x00000000080097c0                RegionEU868SetBandTxDone
 .text.RegionEU868InitDefaults
                0x00000000080097f4       0xcc ../../mac/CMakeFiles/mac.dir/region/RegionEU868.c.obj
                0x00000000080097f4                RegionEU868InitDefaults
 .text.RegionEU868GetNvmCtx
                0x00000000080098c0       0x10 ../../mac/CMakeFiles/mac.dir/region/RegionEU868.c.obj
                0x00000000080098c0                RegionEU868GetNvmCtx
 .text.RegionEU868Verify
                0x00000000080098d0       0x80 ../../mac/CMakeFiles/mac.dir/region/RegionEU868.c.obj
                0x00000000080098d0                RegionEU868Verify
 .text.RegionEU868ChanMaskSet
                0x0000000008009950       0x34 ../../mac/CMakeFiles/mac.dir/region/RegionEU868.c.obj
                0x0000000008009950                RegionEU868ChanMaskSet
 .text.RegionEU868ComputeRxWindowParameters
                0x0000000008009984       0x7c ../../mac/CMakeFiles/mac.dir/region/RegionEU868.c.obj
                0x0000000008009984                RegionEU868ComputeRxWindowParameters
 .text.RegionEU868RxConfig
                0x0000000008009a00       0xf8 ../../mac/CMakeFiles/mac.dir/region/RegionEU868.c.obj
                0x0000000008009a00                RegionEU868RxConfig
 .text.RegionEU868TxConfig
                0x0000000008009af8      0x120 ../../mac/CMakeFiles/mac.dir/region/RegionEU868.c.obj
                0x0000000008009af8                RegionEU868TxConfig
 .text.RegionEU868LinkAdrReq
                0x0000000008009c18      0x184 ../../mac/CMakeFiles/mac.dir/region/RegionEU868.c.obj
                0x0000000008009c18                RegionEU868LinkAdrReq
 .text.RegionEU868RxParamSetupReq
                0x0000000008009d9c       0x4c ../../mac/CMakeFiles/mac.dir/region/RegionEU868.c.obj
                0x0000000008009d9c                RegionEU868RxParamSetupReq
 .text.RegionEU868TxParamSetupReq
                0x0000000008009de8        0x6 ../../mac/CMakeFiles/mac.dir/region/RegionEU868.c.obj
                0x0000000008009de8                RegionEU868TxParamSetupReq
 *fill*         0x0000000008009dee        0x2 
 .text.RegionEU868DlChannelReq
                0x0000000008009df0       0x50 ../../mac/CMakeFiles/mac.dir/region/RegionEU868.c.obj
                0x0000000008009df0                RegionEU868DlChannelReq
 .text.RegionEU868AlternateDr
                0x0000000008009e40        0x2 ../../mac/CMakeFiles/mac.dir/region/RegionEU868.c.obj
                0x0000000008009e40                RegionEU868AlternateDr
 *fill*         0x0000000008009e42        0x2 
 .text.RegionEU868NextChannel
                0x0000000008009e44       0xfc ../../mac/CMakeFiles/mac.dir/region/RegionEU868.c.obj
                0x0000000008009e44                RegionEU868NextChannel
 .text.RegionEU868ChannelAdd
                0x0000000008009f40       0xc8 ../../mac/CMakeFiles/mac.dir/region/RegionEU868.c.obj
                0x0000000008009f40                RegionEU868ChannelAdd
 .text.RegionEU868ChannelsRemove
                0x000000000800a008       0x34 ../../mac/CMakeFiles/mac.dir/region/RegionEU868.c.obj
                0x000000000800a008                RegionEU868ChannelsRemove
 .text.RegionEU868ApplyCFList
                0x000000000800a03c       0x7c ../../mac/CMakeFiles/mac.dir/region/RegionEU868.c.obj
                0x000000000800a03c                RegionEU868ApplyCFList
 .text.RegionEU868NewChannelReq
                0x000000000800a0b8       0x54 ../../mac/CMakeFiles/mac.dir/region/RegionEU868.c.obj
                0x000000000800a0b8                RegionEU868NewChannelReq
 .text.RegionEU868SetContinuousWave
                0x000000000800a10c       0x58 ../../mac/CMakeFiles/mac.dir/region/RegionEU868.c.obj
                0x000000000800a10c                RegionEU868SetContinuousWave
 .text.RegionEU868ApplyDrOffset
                0x000000000800a164       0x10 ../../mac/CMakeFiles/mac.dir/region/RegionEU868.c.obj
                0x000000000800a164                RegionEU868ApplyDrOffset
 .text.RegionEU868RxBeaconSetup
                0x000000000800a174       0x34 ../../mac/CMakeFiles/mac.dir/region/RegionEU868.c.obj
                0x000000000800a174                RegionEU868RxBeaconSetup
 .text.DelayMs  0x000000000800a1a8        0x8 ../../system/CMakeFiles/system.dir/delay.c.obj
                0x000000000800a1a8                DelayMs
 .text.FifoNext
                0x000000000800a1b0       0x10 ../../system/CMakeFiles/system.dir/fifo.c.obj
 .text.FifoInit
                0x000000000800a1c0        0xc ../../system/CMakeFiles/system.dir/fifo.c.obj
                0x000000000800a1c0                FifoInit
 .text.FifoPush
                0x000000000800a1cc       0x14 ../../system/CMakeFiles/system.dir/fifo.c.obj
                0x000000000800a1cc                FifoPush
 .text.FifoPop  0x000000000800a1e0       0x14 ../../system/CMakeFiles/system.dir/fifo.c.obj
                0x000000000800a1e0                FifoPop
 .text.IsFifoEmpty
                0x000000000800a1f4        0xe ../../system/CMakeFiles/system.dir/fifo.c.obj
                0x000000000800a1f4                IsFifoEmpty
 .text.IsFifoFull
                0x000000000800a202       0x16 ../../system/CMakeFiles/system.dir/fifo.c.obj
                0x000000000800a202                IsFifoFull
 .text.GpioInit
                0x000000000800a218       0x16 ../../system/CMakeFiles/system.dir/gpio.c.obj
                0x000000000800a218                GpioInit
 .text.GpioSetInterrupt
                0x000000000800a22e        0x8 ../../system/CMakeFiles/system.dir/gpio.c.obj
                0x000000000800a22e                GpioSetInterrupt
 .text.GpioWrite
                0x000000000800a236        0x8 ../../system/CMakeFiles/system.dir/gpio.c.obj
                0x000000000800a236                GpioWrite
 .text.GpioRead
                0x000000000800a23e        0x8 ../../system/CMakeFiles/system.dir/gpio.c.obj
                0x000000000800a23e                GpioRead
 *fill*         0x000000000800a246        0x2 
 .text.SysTimeAdd
                0x000000000800a248       0x3c ../../system/CMakeFiles/system.dir/systime.c.obj
                0x000000000800a248                SysTimeAdd
 .text.SysTimeSub
                0x000000000800a284       0x32 ../../system/CMakeFiles/system.dir/systime.c.obj
                0x000000000800a284                SysTimeSub
 .text.SysTimeSet
                0x000000000800a2b6       0x38 ../../system/CMakeFiles/system.dir/systime.c.obj
                0x000000000800a2b6                SysTimeSet
 .text.SysTimeGet
                0x000000000800a2ee       0x3a ../../system/CMakeFiles/system.dir/systime.c.obj
                0x000000000800a2ee                SysTimeGet
 .text.SysTimeGetMcuTime
                0x000000000800a328       0x22 ../../system/CMakeFiles/system.dir/systime.c.obj
                0x000000000800a328                SysTimeGetMcuTime
 .text.SysTimeToMs
                0x000000000800a34a       0x3e ../../system/CMakeFiles/system.dir/systime.c.obj
                0x000000000800a34a                SysTimeToMs
 .text.SysTimeFromMs
                0x000000000800a388       0x4c ../../system/CMakeFiles/system.dir/systime.c.obj
                0x000000000800a388                SysTimeFromMs
 .text.TimerInsertTimer
                0x000000000800a3d4       0x30 ../../system/CMakeFiles/system.dir/timer.c.obj
 .text.TimerExists
                0x000000000800a404       0x1c ../../system/CMakeFiles/system.dir/timer.c.obj
 .text.TimerSetTimeout
                0x000000000800a420       0x2c ../../system/CMakeFiles/system.dir/timer.c.obj
 .text.TimerInsertNewHeadTimer
                0x000000000800a44c       0x20 ../../system/CMakeFiles/system.dir/timer.c.obj
 .text.TimerInit
                0x000000000800a46c       0x12 ../../system/CMakeFiles/system.dir/timer.c.obj
                0x000000000800a46c                TimerInit
 *fill*         0x000000000800a47e        0x2 
 .text.TimerStart
                0x000000000800a480       0x74 ../../system/CMakeFiles/system.dir/timer.c.obj
                0x000000000800a480                TimerStart
 .text.TimerIrqHandler
                0x000000000800a4f4       0x94 ../../system/CMakeFiles/system.dir/timer.c.obj
                0x000000000800a4f4                TimerIrqHandler
 .text.TimerStop
                0x000000000800a588       0x90 ../../system/CMakeFiles/system.dir/timer.c.obj
                0x000000000800a588                TimerStop
 .text.TimerSetValue
                0x000000000800a618       0x22 ../../system/CMakeFiles/system.dir/timer.c.obj
                0x000000000800a618                TimerSetValue
 .text.TimerGetCurrentTime
                0x000000000800a63a        0xc ../../system/CMakeFiles/system.dir/timer.c.obj
                0x000000000800a63a                TimerGetCurrentTime
 .text.TimerGetElapsedTime
                0x000000000800a646       0x20 ../../system/CMakeFiles/system.dir/timer.c.obj
                0x000000000800a646                TimerGetElapsedTime
 .text.TimerTempCompensation
                0x000000000800a666        0x8 ../../system/CMakeFiles/system.dir/timer.c.obj
                0x000000000800a666                TimerTempCompensation
 .text.UartInit
                0x000000000800a66e       0x14 ../../system/CMakeFiles/system.dir/uart.c.obj
                0x000000000800a66e                UartInit
 .text.UartConfig
                0x000000000800a682       0x1e ../../system/CMakeFiles/system.dir/uart.c.obj
                0x000000000800a682                UartConfig
 .text.UartPutChar
                0x000000000800a6a0        0x8 ../../system/CMakeFiles/system.dir/uart.c.obj
                0x000000000800a6a0                UartPutChar
 .text.UartGetChar
                0x000000000800a6a8        0x8 ../../system/CMakeFiles/system.dir/uart.c.obj
                0x000000000800a6a8                UartGetChar
 .text.UartPutBuffer
                0x000000000800a6b0        0x8 ../../system/CMakeFiles/system.dir/uart.c.obj
                0x000000000800a6b0                UartPutBuffer
 .text.UartGetBuffer
                0x000000000800a6b8        0x8 ../../system/CMakeFiles/system.dir/uart.c.obj
                0x000000000800a6b8                UartGetBuffer
 .text.RadioGetFskBandwidthRegValue
                0x000000000800a6c0       0x38 ../../radio/CMakeFiles/radio.dir/sx126x/radio.c.obj
 .text.RadioCheckRfFrequency
                0x000000000800a6f8        0x4 ../../radio/CMakeFiles/radio.dir/sx126x/radio.c.obj
                0x000000000800a6f8                RadioCheckRfFrequency
 .text.RadioGetLoRaBandwidthInHz
                0x000000000800a6fc       0x64 ../../radio/CMakeFiles/radio.dir/sx126x/radio.c.obj
 .text.RadioGetGfskTimeOnAirNumerator
                0x000000000800a760       0x2c ../../radio/CMakeFiles/radio.dir/sx126x/radio.c.obj
 .text.RadioGetLoRaTimeOnAirNumerator
                0x000000000800a78c       0x98 ../../radio/CMakeFiles/radio.dir/sx126x/radio.c.obj
 .text.RadioTimeOnAir
                0x000000000800a824       0x78 ../../radio/CMakeFiles/radio.dir/sx126x/radio.c.obj
                0x000000000800a824                RadioTimeOnAir
 .text.RadioOnTxTimeoutIrq
                0x000000000800a89c       0x18 ../../radio/CMakeFiles/radio.dir/sx126x/radio.c.obj
                0x000000000800a89c                RadioOnTxTimeoutIrq
 .text.RadioOnRxTimeoutIrq
                0x000000000800a8b4       0x18 ../../radio/CMakeFiles/radio.dir/sx126x/radio.c.obj
                0x000000000800a8b4                RadioOnRxTimeoutIrq
 .text.RadioOnDioIrq
                0x000000000800a8cc        0xc ../../radio/CMakeFiles/radio.dir/sx126x/radio.c.obj
                0x000000000800a8cc                RadioOnDioIrq
 .text.RadioStandby
                0x000000000800a8d8        0xa ../../radio/CMakeFiles/radio.dir/sx126x/radio.c.obj
                0x000000000800a8d8                RadioStandby
 *fill*         0x000000000800a8e2        0x2 
 .text.RadioInit
                0x000000000800a8e4       0x6c ../../radio/CMakeFiles/radio.dir/sx126x/radio.c.obj
                0x000000000800a8e4                RadioInit
 .text.RadioGetStatus
                0x000000000800a950       0x22 ../../radio/CMakeFiles/radio.dir/sx126x/radio.c.obj
                0x000000000800a950                RadioGetStatus
 .text.RadioSetChannel
                0x000000000800a972        0x8 ../../radio/CMakeFiles/radio.dir/sx126x/radio.c.obj
                0x000000000800a972                RadioSetChannel
 *fill*         0x000000000800a97a        0x2 
 .text.RadioSetMaxPayloadLength
                0x000000000800a97c       0x40 ../../radio/CMakeFiles/radio.dir/sx126x/radio.c.obj
                0x000000000800a97c                RadioSetMaxPayloadLength
 .text.RadioRead
                0x000000000800a9bc        0xa ../../radio/CMakeFiles/radio.dir/sx126x/radio.c.obj
                0x000000000800a9bc                RadioRead
 .text.RadioWrite
                0x000000000800a9c6        0xa ../../radio/CMakeFiles/radio.dir/sx126x/radio.c.obj
                0x000000000800a9c6                RadioWrite
 .text.RadioSetPublicNetwork
                0x000000000800a9d0       0x44 ../../radio/CMakeFiles/radio.dir/sx126x/radio.c.obj
                0x000000000800a9d0                RadioSetPublicNetwork
 .text.RadioSetModem
                0x000000000800aa14       0x30 ../../radio/CMakeFiles/radio.dir/sx126x/radio.c.obj
                0x000000000800aa14                RadioSetModem
 .text.RadioRandom
                0x000000000800aa44       0x1a ../../radio/CMakeFiles/radio.dir/sx126x/radio.c.obj
                0x000000000800aa44                RadioRandom
 *fill*         0x000000000800aa5e        0x2 
 .text.RadioSetRxConfig
                0x000000000800aa60      0x268 ../../radio/CMakeFiles/radio.dir/sx126x/radio.c.obj
                0x000000000800aa60                RadioSetRxConfig
 .text.RadioSetTxConfig
                0x000000000800acc8      0x208 ../../radio/CMakeFiles/radio.dir/sx126x/radio.c.obj
                0x000000000800acc8                RadioSetTxConfig
 .text.RadioSend
                0x000000000800aed0       0x60 ../../radio/CMakeFiles/radio.dir/sx126x/radio.c.obj
                0x000000000800aed0                RadioSend
 .text.RadioSleep
                0x000000000800af30       0x10 ../../radio/CMakeFiles/radio.dir/sx126x/radio.c.obj
                0x000000000800af30                RadioSleep
 .text.RadioRx  0x000000000800af40       0x58 ../../radio/CMakeFiles/radio.dir/sx126x/radio.c.obj
                0x000000000800af40                RadioRx
 .text.RadioRxBoosted
                0x000000000800af98       0x58 ../../radio/CMakeFiles/radio.dir/sx126x/radio.c.obj
                0x000000000800af98                RadioRxBoosted
 .text.RadioSetRxDutyCycle
                0x000000000800aff0        0x8 ../../radio/CMakeFiles/radio.dir/sx126x/radio.c.obj
                0x000000000800aff0                RadioSetRxDutyCycle
 .text.RadioStartCad
                0x000000000800aff8       0x16 ../../radio/CMakeFiles/radio.dir/sx126x/radio.c.obj
                0x000000000800aff8                RadioStartCad
 *fill*         0x000000000800b00e        0x2 
 .text.RadioSetTxContinuousWave
                0x000000000800b010       0x34 ../../radio/CMakeFiles/radio.dir/sx126x/radio.c.obj
                0x000000000800b010                RadioSetTxContinuousWave
 .text.RadioRssi
                0x000000000800b044        0xa ../../radio/CMakeFiles/radio.dir/sx126x/radio.c.obj
                0x000000000800b044                RadioRssi
 .text.RadioIsChannelFree
                0x000000000800b04e       0x76 ../../radio/CMakeFiles/radio.dir/sx126x/radio.c.obj
                0x000000000800b04e                RadioIsChannelFree
 .text.RadioWriteBuffer
                0x000000000800b0c4        0xa ../../radio/CMakeFiles/radio.dir/sx126x/radio.c.obj
                0x000000000800b0c4                RadioWriteBuffer
 .text.RadioReadBuffer
                0x000000000800b0ce        0xa ../../radio/CMakeFiles/radio.dir/sx126x/radio.c.obj
                0x000000000800b0ce                RadioReadBuffer
 .text.RadioGetWakeupTime
                0x000000000800b0d8        0xa ../../radio/CMakeFiles/radio.dir/sx126x/radio.c.obj
                0x000000000800b0d8                RadioGetWakeupTime
 *fill*         0x000000000800b0e2        0x2 
 .text.RadioIrqProcess
                0x000000000800b0e4      0x1ac ../../radio/CMakeFiles/radio.dir/sx126x/radio.c.obj
                0x000000000800b0e4                RadioIrqProcess
 .text.SX126xCheckDeviceReady
                0x000000000800b290       0x20 ../../radio/CMakeFiles/radio.dir/sx126x/sx126x.c.obj
                0x000000000800b290                SX126xCheckDeviceReady
 .text.SX126xSetPayload
                0x000000000800b2b0        0xe ../../radio/CMakeFiles/radio.dir/sx126x/sx126x.c.obj
                0x000000000800b2b0                SX126xSetPayload
 .text.SX126xSetSyncWord
                0x000000000800b2be       0x12 ../../radio/CMakeFiles/radio.dir/sx126x/sx126x.c.obj
                0x000000000800b2be                SX126xSetSyncWord
 .text.SX126xSetSleep
                0x000000000800b2d0       0x38 ../../radio/CMakeFiles/radio.dir/sx126x/sx126x.c.obj
                0x000000000800b2d0                SX126xSetSleep
 .text.SX126xSetStandby
                0x000000000800b308       0x2c ../../radio/CMakeFiles/radio.dir/sx126x/sx126x.c.obj
                0x000000000800b308                SX126xSetStandby
 .text.SX126xInit
                0x000000000800b334       0x28 ../../radio/CMakeFiles/radio.dir/sx126x/sx126x.c.obj
                0x000000000800b334                SX126xInit
 .text.SX126xSetTx
                0x000000000800b35c       0x24 ../../radio/CMakeFiles/radio.dir/sx126x/sx126x.c.obj
                0x000000000800b35c                SX126xSetTx
 .text.SX126xSendPayload
                0x000000000800b380       0x10 ../../radio/CMakeFiles/radio.dir/sx126x/sx126x.c.obj
                0x000000000800b380                SX126xSendPayload
 .text.SX126xSetRx
                0x000000000800b390       0x24 ../../radio/CMakeFiles/radio.dir/sx126x/sx126x.c.obj
                0x000000000800b390                SX126xSetRx
 .text.SX126xGetRandom
                0x000000000800b3b4       0x70 ../../radio/CMakeFiles/radio.dir/sx126x/sx126x.c.obj
                0x000000000800b3b4                SX126xGetRandom
 .text.SX126xSetRxBoosted
                0x000000000800b424       0x30 ../../radio/CMakeFiles/radio.dir/sx126x/sx126x.c.obj
                0x000000000800b424                SX126xSetRxBoosted
 .text.SX126xSetRxDutyCycle
                0x000000000800b454       0x2e ../../radio/CMakeFiles/radio.dir/sx126x/sx126x.c.obj
                0x000000000800b454                SX126xSetRxDutyCycle
 .text.SX126xSetCad
                0x000000000800b482       0x14 ../../radio/CMakeFiles/radio.dir/sx126x/sx126x.c.obj
                0x000000000800b482                SX126xSetCad
 .text.SX126xSetTxContinuousWave
                0x000000000800b496       0x14 ../../radio/CMakeFiles/radio.dir/sx126x/sx126x.c.obj
                0x000000000800b496                SX126xSetTxContinuousWave
 .text.SX126xSetStopRxTimerOnPreambleDetect
                0x000000000800b4aa       0x16 ../../radio/CMakeFiles/radio.dir/sx126x/sx126x.c.obj
                0x000000000800b4aa                SX126xSetStopRxTimerOnPreambleDetect
 .text.SX126xSetLoRaSymbNumTimeout
                0x000000000800b4c0       0x40 ../../radio/CMakeFiles/radio.dir/sx126x/sx126x.c.obj
                0x000000000800b4c0                SX126xSetLoRaSymbNumTimeout
 .text.SX126xSetRegulatorMode
                0x000000000800b500       0x16 ../../radio/CMakeFiles/radio.dir/sx126x/sx126x.c.obj
                0x000000000800b500                SX126xSetRegulatorMode
 *fill*         0x000000000800b516        0x2 
 .text.SX126xCalibrateImage
                0x000000000800b518       0x80 ../../radio/CMakeFiles/radio.dir/sx126x/sx126x.c.obj
                0x000000000800b518                SX126xCalibrateImage
 .text.SX126xSetPaConfig
                0x000000000800b598       0x1c ../../radio/CMakeFiles/radio.dir/sx126x/sx126x.c.obj
                0x000000000800b598                SX126xSetPaConfig
 .text.SX126xSetDioIrqParams
                0x000000000800b5b4       0x2c ../../radio/CMakeFiles/radio.dir/sx126x/sx126x.c.obj
                0x000000000800b5b4                SX126xSetDioIrqParams
 .text.SX126xGetIrqStatus
                0x000000000800b5e0       0x1e ../../radio/CMakeFiles/radio.dir/sx126x/sx126x.c.obj
                0x000000000800b5e0                SX126xGetIrqStatus
 .text.SX126xSetDio2AsRfSwitchCtrl
                0x000000000800b5fe       0x16 ../../radio/CMakeFiles/radio.dir/sx126x/sx126x.c.obj
                0x000000000800b5fe                SX126xSetDio2AsRfSwitchCtrl
 .text.SX126xSetRfFrequency
                0x000000000800b614       0x78 ../../radio/CMakeFiles/radio.dir/sx126x/sx126x.c.obj
                0x000000000800b614                SX126xSetRfFrequency
 .text.SX126xSetPacketType
                0x000000000800b68c       0x20 ../../radio/CMakeFiles/radio.dir/sx126x/sx126x.c.obj
                0x000000000800b68c                SX126xSetPacketType
 .text.SX126xGetPacketType
                0x000000000800b6ac        0xc ../../radio/CMakeFiles/radio.dir/sx126x/sx126x.c.obj
                0x000000000800b6ac                SX126xGetPacketType
 .text.SX126xSetCrcSeed
                0x000000000800b6b8       0x28 ../../radio/CMakeFiles/radio.dir/sx126x/sx126x.c.obj
                0x000000000800b6b8                SX126xSetCrcSeed
 .text.SX126xSetCrcPolynomial
                0x000000000800b6e0       0x28 ../../radio/CMakeFiles/radio.dir/sx126x/sx126x.c.obj
                0x000000000800b6e0                SX126xSetCrcPolynomial
 .text.SX126xSetWhiteningSeed
                0x000000000800b708       0x3c ../../radio/CMakeFiles/radio.dir/sx126x/sx126x.c.obj
                0x000000000800b708                SX126xSetWhiteningSeed
 .text.SX126xSetTxParams
                0x000000000800b744       0xa0 ../../radio/CMakeFiles/radio.dir/sx126x/sx126x.c.obj
                0x000000000800b744                SX126xSetTxParams
 .text.SX126xSetModulationParams
                0x000000000800b7e4       0xd4 ../../radio/CMakeFiles/radio.dir/sx126x/sx126x.c.obj
                0x000000000800b7e4                SX126xSetModulationParams