Archive member included to satisfy reference by file (symbol)

/usr/local/Cellar/arm-none-eabi-gcc/9-2019-q4-major/gcc/bin/../lib/gcc/arm-none-eabi/9.2.1/../../../../arm-none-eabi/lib/thumb/v6-m/nofp/libm.a(lib_a-s_floor.o)
                              ../../boards/GC7818-F072/CMakeFiles/GC7818-F072.dir/rtc-board.c.obj (floor)
/usr/local/Cellar/arm-none-eabi-gcc/9-2019-q4-major/gcc/bin/../lib/gcc/arm-none-eabi/9.2.1/thumb/v6-m/nofp/libgcc.a(_udivsi3.o)
                              ../../system/CMakeFiles/system.dir/systime.c.obj (__aeabi_uidiv)
/usr/local/Cellar/arm-none-eabi-gcc/9-2019-q4-major/gcc/bin/../lib/gcc/arm-none-eabi/9.2.1/thumb/v6-m/nofp/libgcc.a(_divsi3.o)
                              ../../radio/CMakeFiles/radio.dir/sx1276/sx1276.c.obj (__aeabi_idiv)
/usr/local/Cellar/arm-none-eabi-gcc/9-2019-q4-major/gcc/bin/../lib/gcc/arm-none-eabi/9.2.1/thumb/v6-m/nofp/libgcc.a(_dvmd_tls.o)
                              /usr/local/Cellar/arm-none-eabi-gcc/9-2019-q4-major/gcc/bin/../lib/gcc/arm-none-eabi/9.2.1/thumb/v6-m/nofp/libgcc.a(_udivsi3.o) (__aeabi_idiv0)
/usr/local/Cellar/arm-none-eabi-gcc/9-2019-q4-major/gcc/bin/../lib/gcc/arm-none-eabi/9.2.1/thumb/v6-m/nofp/libgcc.a(_arm_cmpdf2.o)
                              ../../system/CMakeFiles/system.dir/gps.c.obj (__aeabi_dcmpeq)
/usr/local/Cellar/arm-none-eabi-gcc/9-2019-q4-major/gcc/bin/../lib/gcc/arm-none-eabi/9.2.1/thumb/v6-m/nofp/libgcc.a(_arm_cmpsf2.o)
                              ../../boards/GC7818-F072/CMakeFiles/GC7818-F072.dir/rtc-board.c.obj (__aeabi_fcmplt)
/usr/local/Cellar/arm-none-eabi-gcc/9-2019-q4-major/gcc/bin/../lib/gcc/arm-none-eabi/9.2.1/thumb/v6-m/nofp/libgcc.a(_aeabi_uldivmod.o)
                              ../../boards/GC7818-F072/CMakeFiles/GC7818-F072.dir/rtc-board.c.obj (__aeabi_uldivmod)
/usr/local/Cellar/arm-none-eabi-gcc/9-2019-q4-major/gcc/bin/../lib/gcc/arm-none-eabi/9.2.1/thumb/v6-m/nofp/libgcc.a(_fixunssfsi.o)
                              ../../system/CMakeFiles/system.dir/delay.c.obj (__aeabi_f2uiz)
/usr/local/Cellar/arm-none-eabi-gcc/9-2019-q4-major/gcc/bin/../lib/gcc/arm-none-eabi/9.2.1/thumb/v6-m/nofp/libgcc.a(_fixunsdfsi.o)
                              ../../radio/CMakeFiles/radio.dir/sx1276/sx1276.c.obj (__aeabi_d2uiz)
/usr/local/Cellar/arm-none-eabi-gcc/9-2019-q4-major/gcc/bin/../lib/gcc/arm-none-eabi/9.2.1/thumb/v6-m/nofp/libgcc.a(_udivmoddi4.o)
                              /usr/local/Cellar/arm-none-eabi-gcc/9-2019-q4-major/gcc/bin/../lib/gcc/arm-none-eabi/9.2.1/thumb/v6-m/nofp/libgcc.a(_aeabi_uldivmod.o) (__udivmoddi4)
/usr/local/Cellar/arm-none-eabi-gcc/9-2019-q4-major/gcc/bin/../lib/gcc/arm-none-eabi/9.2.1/thumb/v6-m/nofp/libgcc.a(addsf3.o)
                              ../../peripherals/CMakeFiles/peripherals.dir/mpl3115.c.obj (__aeabi_fadd)
/usr/local/Cellar/arm-none-eabi-gcc/9-2019-q4-major/gcc/bin/../lib/gcc/arm-none-eabi/9.2.1/thumb/v6-m/nofp/libgcc.a(eqsf2.o)
                              /usr/local/Cellar/arm-none-eabi-gcc/9-2019-q4-major/gcc/bin/../lib/gcc/arm-none-eabi/9.2.1/thumb/v6-m/nofp/libgcc.a(_arm_cmpsf2.o) (__eqsf2)
/usr/local/Cellar/arm-none-eabi-gcc/9-2019-q4-major/gcc/bin/../lib/gcc/arm-none-eabi/9.2.1/thumb/v6-m/nofp/libgcc.a(gesf2.o)
                              /usr/local/Cellar/arm-none-eabi-gcc/9-2019-q4-major/gcc/bin/../lib/gcc/arm-none-eabi/9.2.1/thumb/v6-m/nofp/libgcc.a(_arm_cmpsf2.o) (__gesf2)
/usr/local/Cellar/arm-none-eabi-gcc/9-2019-q4-major/gcc/bin/../lib/gcc/arm-none-eabi/9.2.1/thumb/v6-m/nofp/libgcc.a(lesf2.o)
                              /usr/local/Cellar/arm-none-eabi-gcc/9-2019-q4-major/gcc/bin/../lib/gcc/arm-none-eabi/9.2.1/thumb/v6-m/nofp/libgcc.a(_arm_cmpsf2.o) (__lesf2)
/usr/local/Cellar/arm-none-eabi-gcc/9-2019-q4-major/gcc/bin/../lib/gcc/arm-none-eabi/9.2.1/thumb/v6-m/nofp/libgcc.a(mulsf3.o)
                              ../../system/CMakeFiles/system.dir/delay.c.obj (__aeabi_fmul)
/usr/local/Cellar/arm-none-eabi-gcc/9-2019-q4-major/gcc/bin/../lib/gcc/arm-none-eabi/9.2.1/thumb/v6-m/nofp/libgcc.a(subsf3.o)
                              ../../boards/GC7818-F072/CMakeFiles/GC7818-F072.dir/rtc-board.c.obj (__aeabi_fsub)
/usr/local/Cellar/arm-none-eabi-gcc/9-2019-q4-major/gcc/bin/../lib/gcc/arm-none-eabi/9.2.1/thumb/v6-m/nofp/libgcc.a(fixsfsi.o)
                              /usr/local/Cellar/arm-none-eabi-gcc/9-2019-q4-major/gcc/bin/../lib/gcc/arm-none-eabi/9.2.1/thumb/v6-m/nofp/libgcc.a(_fixunssfsi.o) (__aeabi_f2iz)
/usr/local/Cellar/arm-none-eabi-gcc/9-2019-q4-major/gcc/bin/../lib/gcc/arm-none-eabi/9.2.1/thumb/v6-m/nofp/libgcc.a(floatsisf.o)
                              ../../peripherals/CMakeFiles/peripherals.dir/mpl3115.c.obj (__aeabi_i2f)
/usr/local/Cellar/arm-none-eabi-gcc/9-2019-q4-major/gcc/bin/../lib/gcc/arm-none-eabi/9.2.1/thumb/v6-m/nofp/libgcc.a(floatunsisf.o)
                              ../../peripherals/CMakeFiles/peripherals.dir/mpl3115.c.obj (__aeabi_ui2f)
[...]
Memory Configuration

Name             Origin             Length             Attributes
FLASH            0x0000000008000000 0x0000000000020000 xr
RAM              0x0000000020000000 0x0000000000004000 xrw
*default*        0x0000000000000000 0xffffffffffffffff

Linker script and memory map

LOAD /usr/local/Cellar/arm-none-eabi-gcc/9-2019-q4-major/gcc/bin/../lib/gcc/arm-none-eabi/9.2.1/thumb/v6-m/nofp/crtfastmath.o
LOAD /usr/local/Cellar/arm-none-eabi-gcc/9-2019-q4-major/gcc/bin/../lib/gcc/arm-none-eabi/9.2.1/thumb/v6-m/nofp/crti.o
LOAD /usr/local/Cellar/arm-none-eabi-gcc/9-2019-q4-major/gcc/bin/../lib/gcc/arm-none-eabi/9.2.1/thumb/v6-m/nofp/crtbegin.o
LOAD /usr/local/Cellar/arm-none-eabi-gcc/9-2019-q4-major/gcc/bin/../lib/gcc/arm-none-eabi/9.2.1/../../../../arm-none-eabi/lib/thumb/v6-m/nofp/crt0.o
LOAD CMakeFiles/ping-pong.dir/GC7818-F072/main.c.obj
LOAD ../../system/CMakeFiles/system.dir/adc.c.obj
LOAD ../../system/CMakeFiles/system.dir/delay.c.obj
LOAD ../../system/CMakeFiles/system.dir/eeprom.c.obj
LOAD ../../system/CMakeFiles/system.dir/fifo.c.obj
LOAD ../../system/CMakeFiles/system.dir/gpio.c.obj
LOAD ../../system/CMakeFiles/system.dir/gps.c.obj
LOAD ../../system/CMakeFiles/system.dir/i2c.c.obj
LOAD ../../system/CMakeFiles/system.dir/nvmm.c.obj
LOAD ../../system/CMakeFiles/system.dir/systime.c.obj
LOAD ../../system/CMakeFiles/system.dir/timer.c.obj
LOAD ../../system/CMakeFiles/system.dir/uart.c.obj
LOAD ../../radio/CMakeFiles/radio.dir/sx1276/sx1276.c.obj
LOAD ../../peripherals/CMakeFiles/peripherals.dir/gpio-ioe.c.obj
LOAD ../../peripherals/CMakeFiles/peripherals.dir/mag3110.c.obj
LOAD ../../peripherals/CMakeFiles/peripherals.dir/mma8451.c.obj
LOAD ../../peripherals/CMakeFiles/peripherals.dir/mpl3115.c.obj
LOAD ../../peripherals/CMakeFiles/peripherals.dir/pam7q.c.obj
LOAD ../../peripherals/CMakeFiles/peripherals.dir/soft-se/aes.c.obj
LOAD ../../peripherals/CMakeFiles/peripherals.dir/soft-se/cmac.c.obj
LOAD ../../peripherals/CMakeFiles/peripherals.dir/soft-se/soft-se-hal.c.obj
LOAD ../../peripherals/CMakeFiles/peripherals.dir/soft-se/soft-se.c.obj
LOAD ../../peripherals/CMakeFiles/peripherals.dir/sx1509.c.obj
LOAD ../../peripherals/CMakeFiles/peripherals.dir/sx9500.c.obj
LOAD ../../boards/GC7818-F072/CMakeFiles/GC7818-F072.dir/adc-board.c.obj
LOAD ../../boards/GC7818-F072/CMakeFiles/GC7818-F072.dir/board.c.obj
LOAD ../../boards/GC7818-F072/CMakeFiles/GC7818-F072.dir/delay-board.c.obj
LOAD ../../boards/GC7818-F072/CMakeFiles/GC7818-F072.dir/gpio-board.c.obj
LOAD ../../boards/GC7818-F072/CMakeFiles/GC7818-F072.dir/i2c-board.c.obj
LOAD ../../boards/GC7818-F072/CMakeFiles/GC7818-F072.dir/lpm-board.c.obj
LOAD ../../boards/GC7818-F072/CMakeFiles/GC7818-F072.dir/rtc-board.c.obj
LOAD ../../boards/GC7818-F072/CMakeFiles/GC7818-F072.dir/spi-board.c.obj
LOAD ../../boards/GC7818-F072/CMakeFiles/GC7818-F072.dir/uart-board.c.obj
LOAD ../../boards/GC7818-F072/CMakeFiles/GC7818-F072.dir/__/mcu/stm32/sysIrqHandlers.c.obj
LOAD ../../boards/GC7818-F072/CMakeFiles/GC7818-F072.dir/__/mcu/utilities.c.obj
LOAD ../../boards/GC7818-F072/CMakeFiles/GC7818-F072.dir/cmsis/arm-gcc/startup_stm32f0xx.s.obj
LOAD ../../boards/GC7818-F072/CMakeFiles/GC7818-F072.dir/cmsis/system_stm32f0xx.c.obj
LOAD ../../boards/GC7818-F072/CMakeFiles/GC7818-F072.dir/__/mcu/stm32/STM32F0xx_HAL_Driver/Src/stm32f0xx_hal.c.obj
LOAD ../../boards/GC7818-F072/CMakeFiles/GC7818-F072.dir/__/mcu/stm32/STM32F0xx_HAL_Driver/Src/stm32f0xx_hal_adc.c.obj
LOAD ../../boards/GC7818-F072/CMakeFiles/GC7818-F072.dir/__/mcu/stm32/STM32F0xx_HAL_Driver/Src/stm32f0xx_hal_adc_ex.c.obj
LOAD ../../boards/GC7818-F072/CMakeFiles/GC7818-F072.dir/__/mcu/stm32/STM32F0xx_HAL_Driver/Src/stm32f0xx_hal_cortex.c.obj
LOAD ../../boards/GC7818-F072/CMakeFiles/GC7818-F072.dir/__/mcu/stm32/STM32F0xx_HAL_Driver/Src/stm32f0xx_hal_dma.c.obj
LOAD ../../boards/GC7818-F072/CMakeFiles/GC7818-F072.dir/__/mcu/stm32/STM32F0xx_HAL_Driver/Src/stm32f0xx_hal_flash.c.obj
LOAD ../../boards/GC7818-F072/CMakeFiles/GC7818-F072.dir/__/mcu/stm32/STM32F0xx_HAL_Driver/Src/stm32f0xx_hal_flash_ex.c.obj
LOAD ../../boards/GC7818-F072/CMakeFiles/GC7818-F072.dir/__/mcu/stm32/STM32F0xx_HAL_Driver/Src/stm32f0xx_hal_gpio.c.obj
LOAD ../../boards/GC7818-F072/CMakeFiles/GC7818-F072.dir/__/mcu/stm32/STM32F0xx_HAL_Driver/Src/stm32f0xx_hal_i2c.c.obj
LOAD ../../boards/GC7818-F072/CMakeFiles/GC7818-F072.dir/__/mcu/stm32/STM32F0xx_HAL_Driver/Src/stm32f0xx_hal_i2c_ex.c.obj
LOAD ../../boards/GC7818-F072/CMakeFiles/GC7818-F072.dir/__/mcu/stm32/STM32F0xx_HAL_Driver/Src/stm32f0xx_hal_pwr.c.obj
LOAD ../../boards/GC7818-F072/CMakeFiles/GC7818-F072.dir/__/mcu/stm32/STM32F0xx_HAL_Driver/Src/stm32f0xx_hal_pwr_ex.c.obj
LOAD ../../boards/GC7818-F072/CMakeFiles/GC7818-F072.dir/__/mcu/stm32/STM32F0xx_HAL_Driver/Src/stm32f0xx_hal_rcc.c.obj
LOAD ../../boards/GC7818-F072/CMakeFiles/GC7818-F072.dir/__/mcu/stm32/STM32F0xx_HAL_Driver/Src/stm32f0xx_hal_rcc_ex.c.obj
LOAD ../../boards/GC7818-F072/CMakeFiles/GC7818-F072.dir/__/mcu/stm32/STM32F0xx_HAL_Driver/Src/stm32f0xx_hal_rtc.c.obj
LOAD ../../boards/GC7818-F072/CMakeFiles/GC7818-F072.dir/__/mcu/stm32/STM32F0xx_HAL_Driver/Src/stm32f0xx_hal_rtc_ex.c.obj
LOAD ../../boards/GC7818-F072/CMakeFiles/GC7818-F072.dir/__/mcu/stm32/STM32F0xx_HAL_Driver/Src/stm32f0xx_hal_spi.c.obj
LOAD ../../boards/GC7818-F072/CMakeFiles/GC7818-F072.dir/__/mcu/stm32/STM32F0xx_HAL_Driver/Src/stm32f0xx_hal_tim.c.obj
LOAD ../../boards/GC7818-F072/CMakeFiles/GC7818-F072.dir/__/mcu/stm32/STM32F0xx_HAL_Driver/Src/stm32f0xx_hal_uart.c.obj
LOAD ../../boards/GC7818-F072/CMakeFiles/GC7818-F072.dir/__/mcu/stm32/STM32F0xx_HAL_Driver/Src/stm32f0xx_hal_uart_ex.c.obj
LOAD ../../boards/GC7818-F072/CMakeFiles/GC7818-F072.dir/sx1276mb1las-board.c.obj
LOAD /usr/local/Cellar/arm-none-eabi-gcc/9-2019-q4-major/gcc/bin/../lib/gcc/arm-none-eabi/9.2.1/../../../../arm-none-eabi/lib/thumb/v6-m/nofp/libm.a
START GROUP
LOAD /usr/local/Cellar/arm-none-eabi-gcc/9-2019-q4-major/gcc/bin/../lib/gcc/arm-none-eabi/9.2.1/thumb/v6-m/nofp/libgcc.a
LOAD /usr/local/Cellar/arm-none-eabi-gcc/9-2019-q4-major/gcc/bin/../lib/gcc/arm-none-eabi/9.2.1/../../../../arm-none-eabi/lib/thumb/v6-m/nofp/libg_nano.a
LOAD /usr/local/Cellar/arm-none-eabi-gcc/9-2019-q4-major/gcc/bin/../lib/gcc/arm-none-eabi/9.2.1/../../../../arm-none-eabi/lib/thumb/v6-m/nofp/libc_nano.a
END GROUP
START GROUP
LOAD /usr/local/Cellar/arm-none-eabi-gcc/9-2019-q4-major/gcc/bin/../lib/gcc/arm-none-eabi/9.2.1/thumb/v6-m/nofp/libgcc.a
LOAD /usr/local/Cellar/arm-none-eabi-gcc/9-2019-q4-major/gcc/bin/../lib/gcc/arm-none-eabi/9.2.1/../../../../arm-none-eabi/lib/thumb/v6-m/nofp/libc_nano.a
LOAD /usr/local/Cellar/arm-none-eabi-gcc/9-2019-q4-major/gcc/bin/../lib/gcc/arm-none-eabi/9.2.1/../../../../arm-none-eabi/lib/thumb/v6-m/nofp/libnosys.a
END GROUP
START GROUP
LOAD /usr/local/Cellar/arm-none-eabi-gcc/9-2019-q4-major/gcc/bin/../lib/gcc/arm-none-eabi/9.2.1/thumb/v6-m/nofp/libgcc.a
LOAD /usr/local/Cellar/arm-none-eabi-gcc/9-2019-q4-major/gcc/bin/../lib/gcc/arm-none-eabi/9.2.1/../../../../arm-none-eabi/lib/thumb/v6-m/nofp/libc_nano.a
LOAD /usr/local/Cellar/arm-none-eabi-gcc/9-2019-q4-major/gcc/bin/../lib/gcc/arm-none-eabi/9.2.1/../../../../arm-none-eabi/lib/thumb/v6-m/nofp/libnosys.a
END GROUP
LOAD /usr/local/Cellar/arm-none-eabi-gcc/9-2019-q4-major/gcc/bin/../lib/gcc/arm-none-eabi/9.2.1/thumb/v6-m/nofp/crtend.o
LOAD /usr/local/Cellar/arm-none-eabi-gcc/9-2019-q4-major/gcc/bin/../lib/gcc/arm-none-eabi/9.2.1/thumb/v6-m/nofp/crtn.o

.text           0x0000000008000000     0x8460
 *(.isr_vector)
 .isr_vector    0x0000000008000000       0xc4 ../../boards/GC7818-F072/CMakeFiles/GC7818-F072.dir/cmsis/arm-gcc/startup_stm32f0xx.s.obj
                0x0000000008000000                g_pfnVectors
 *(.text*)
 .text          0x00000000080000c4       0x48 /usr/local/Cellar/arm-none-eabi-gcc/9-2019-q4-major/gcc/bin/../lib/gcc/arm-none-eabi/9.2.1/thumb/v6-m/nofp/crtbegin.o
 .text.OnTxDone
                0x000000000800010c       0x18 CMakeFiles/ping-pong.dir/GC7818-F072/main.c.obj
                0x000000000800010c                OnTxDone
 .text.OnTxTimeout
                0x0000000008000124       0x18 CMakeFiles/ping-pong.dir/GC7818-F072/main.c.obj
                0x0000000008000124                OnTxTimeout
 .text.OnRxTimeout
                0x000000000800013c       0x18 CMakeFiles/ping-pong.dir/GC7818-F072/main.c.obj
                0x000000000800013c                OnRxTimeout
 .text.OnRxError
                0x0000000008000154       0x18 CMakeFiles/ping-pong.dir/GC7818-F072/main.c.obj
                0x0000000008000154                OnRxError
 .text.OnRxDone
                0x000000000800016c       0x48 CMakeFiles/ping-pong.dir/GC7818-F072/main.c.obj
                0x000000000800016c                OnRxDone
 .text.main     0x00000000080001b4      0x320 CMakeFiles/ping-pong.dir/GC7818-F072/main.c.obj
                0x00000000080001b4                main
 .text.DelayMs  0x00000000080004d4        0x8 ../../system/CMakeFiles/system.dir/delay.c.obj
                0x00000000080004d4                DelayMs
 .text.FifoNext
                0x00000000080004dc       0x10 ../../system/CMakeFiles/system.dir/fifo.c.obj
 .text.FifoInit
                0x00000000080004ec        0xc ../../system/CMakeFiles/system.dir/fifo.c.obj
                0x00000000080004ec                FifoInit
 .text.FifoPush
                0x00000000080004f8       0x14 ../../system/CMakeFiles/system.dir/fifo.c.obj
                0x00000000080004f8                FifoPush
 .text.FifoPop  0x000000000800050c       0x14 ../../system/CMakeFiles/system.dir/fifo.c.obj
                0x000000000800050c                FifoPop
 .text.IsFifoEmpty
                0x0000000008000520        0xe ../../system/CMakeFiles/system.dir/fifo.c.obj
                0x0000000008000520                IsFifoEmpty
 .text.IsFifoFull
                0x000000000800052e       0x16 ../../system/CMakeFiles/system.dir/fifo.c.obj
                0x000000000800052e                IsFifoFull
 .text.GpioInit
                0x0000000008000544       0x16 ../../system/CMakeFiles/system.dir/gpio.c.obj
                0x0000000008000544                GpioInit
 .text.GpioSetInterrupt
                0x000000000800055a        0x8 ../../system/CMakeFiles/system.dir/gpio.c.obj
                0x000000000800055a                GpioSetInterrupt
 .text.GpioWrite
                0x0000000008000562        0x8 ../../system/CMakeFiles/system.dir/gpio.c.obj
                0x0000000008000562                GpioWrite
 .text.GpioToggle
                0x000000000800056a        0x8 ../../system/CMakeFiles/system.dir/gpio.c.obj
                0x000000000800056a                GpioToggle
 *fill*         0x0000000008000572        0x2 
 .text.TimerInsertTimer
                0x0000000008000574       0x30 ../../system/CMakeFiles/system.dir/timer.c.obj
 .text.TimerExists
                0x00000000080005a4       0x1c ../../system/CMakeFiles/system.dir/timer.c.obj
 .text.TimerSetTimeout
                0x00000000080005c0       0x2c ../../system/CMakeFiles/system.dir/timer.c.obj
 .text.TimerInsertNewHeadTimer
                0x00000000080005ec       0x20 ../../system/CMakeFiles/system.dir/timer.c.obj
 .text.TimerInit
                0x000000000800060c       0x12 ../../system/CMakeFiles/system.dir/timer.c.obj
                0x000000000800060c                TimerInit
 *fill*         0x000000000800061e        0x2 
 .text.TimerStart
                0x0000000008000620       0x74 ../../system/CMakeFiles/system.dir/timer.c.obj
                0x0000000008000620                TimerStart
 .text.TimerIrqHandler
                0x0000000008000694       0x94 ../../system/CMakeFiles/system.dir/timer.c.obj
                0x0000000008000694                TimerIrqHandler
 .text.TimerStop
                0x0000000008000728       0x90 ../../system/CMakeFiles/system.dir/timer.c.obj
                0x0000000008000728                TimerStop
 .text.TimerSetValue
                0x00000000080007b8       0x22 ../../system/CMakeFiles/system.dir/timer.c.obj
                0x00000000080007b8                TimerSetValue
 .text.TimerGetCurrentTime
                0x00000000080007da        0xc ../../system/CMakeFiles/system.dir/timer.c.obj
                0x00000000080007da                TimerGetCurrentTime
 .text.TimerGetElapsedTime
                0x00000000080007e6       0x20 ../../system/CMakeFiles/system.dir/timer.c.obj
                0x00000000080007e6                TimerGetElapsedTime
 .text.UartInit
                0x0000000008000806       0x14 ../../system/CMakeFiles/system.dir/uart.c.obj
                0x0000000008000806                UartInit
 .text.UartConfig
                0x000000000800081a       0x1e ../../system/CMakeFiles/system.dir/uart.c.obj
                0x000000000800081a                UartConfig
 .text.UartPutChar
                0x0000000008000838        0x8 ../../system/CMakeFiles/system.dir/uart.c.obj
                0x0000000008000838                UartPutChar
 .text.UartGetChar
                0x0000000008000840        0x8 ../../system/CMakeFiles/system.dir/uart.c.obj
                0x0000000008000840                UartGetChar
 .text.UartPutBuffer
                0x0000000008000848        0x8 ../../system/CMakeFiles/system.dir/uart.c.obj
                0x0000000008000848                UartPutBuffer
 .text.UartGetBuffer
                0x0000000008000850        0x8 ../../system/CMakeFiles/system.dir/uart.c.obj
                0x0000000008000850                UartGetBuffer
 .text.GetFskBandwidthRegValue
                0x0000000008000858       0x30 ../../radio/CMakeFiles/radio.dir/sx1276/sx1276.c.obj
 .text.SX1276GetLoRaBandwidthInHz
                0x0000000008000888       0x28 ../../radio/CMakeFiles/radio.dir/sx1276/sx1276.c.obj
 .text.SX1276GetGfskTimeOnAirNumerator
                0x00000000080008b0       0x22 ../../radio/CMakeFiles/radio.dir/sx1276/sx1276.c.obj
 .text.SX1276GetLoRaTimeOnAirNumerator
                0x00000000080008d2       0x98 ../../radio/CMakeFiles/radio.dir/sx1276/sx1276.c.obj
 *fill*         0x000000000800096a        0x2 
 .text.SX1276OnDio4Irq
                0x000000000800096c       0x24 ../../radio/CMakeFiles/radio.dir/sx1276/sx1276.c.obj
 .text.SX1276GetStatus
                0x0000000008000990        0xc ../../radio/CMakeFiles/radio.dir/sx1276/sx1276.c.obj
                0x0000000008000990                SX1276GetStatus
 .text.SX1276GetTimeOnAir
                0x000000000800099c       0x6c ../../radio/CMakeFiles/radio.dir/sx1276/sx1276.c.obj
                0x000000000800099c                SX1276GetTimeOnAir
 .text.SX1276WriteBuffer
                0x0000000008000a08       0x48 ../../radio/CMakeFiles/radio.dir/sx1276/sx1276.c.obj
                0x0000000008000a08                SX1276WriteBuffer
 .text.SX1276WriteFifo
                0x0000000008000a50        0xe ../../radio/CMakeFiles/radio.dir/sx1276/sx1276.c.obj
 .text.SX1276Write
                0x0000000008000a5e       0x16 ../../radio/CMakeFiles/radio.dir/sx1276/sx1276.c.obj
                0x0000000008000a5e                SX1276Write
 .text.SX1276SetChannel
                0x0000000008000a74       0x44 ../../radio/CMakeFiles/radio.dir/sx1276/sx1276.c.obj
                0x0000000008000a74                SX1276SetChannel
 .text.SX1276ReadBuffer
                0x0000000008000ab8       0x48 ../../radio/CMakeFiles/radio.dir/sx1276/sx1276.c.obj
                0x0000000008000ab8                SX1276ReadBuffer
 .text.SX1276ReadFifo
                0x0000000008000b00        0xe ../../radio/CMakeFiles/radio.dir/sx1276/sx1276.c.obj
 .text.SX1276Read
                0x0000000008000b0e       0x16 ../../radio/CMakeFiles/radio.dir/sx1276/sx1276.c.obj
                0x0000000008000b0e                SX1276Read
 .text.SX1276OnDio3Irq
                0x0000000008000b24       0x58 ../../radio/CMakeFiles/radio.dir/sx1276/sx1276.c.obj
 .text.SX1276OnDio2Irq
                0x0000000008000b7c      0x11c ../../radio/CMakeFiles/radio.dir/sx1276/sx1276.c.obj
 .text.SX1276OnDio1Irq
                0x0000000008000c98      0x14c ../../radio/CMakeFiles/radio.dir/sx1276/sx1276.c.obj
 .text.SX1276OnDio0Irq
                0x0000000008000de4      0x328 ../../radio/CMakeFiles/radio.dir/sx1276/sx1276.c.obj
 .text.RxChainCalibration
                0x000000000800110c       0x94 ../../radio/CMakeFiles/radio.dir/sx1276/sx1276.c.obj
 .text.SX1276SetOpMode
                0x00000000080011a0       0x38 ../../radio/CMakeFiles/radio.dir/sx1276/sx1276.c.obj
 .text.SX1276SetSleep
                0x00000000080011d8       0x3c ../../radio/CMakeFiles/radio.dir/sx1276/sx1276.c.obj
                0x00000000080011d8                SX1276SetSleep
 .text.SX1276SetStby
                0x0000000008001214       0x34 ../../radio/CMakeFiles/radio.dir/sx1276/sx1276.c.obj
                0x0000000008001214                SX1276SetStby
 .text.SX1276SetTx
                0x0000000008001248       0xd4 ../../radio/CMakeFiles/radio.dir/sx1276/sx1276.c.obj
 .text.SX1276Send
                0x000000000800131c      0x13c ../../radio/CMakeFiles/radio.dir/sx1276/sx1276.c.obj
                0x000000000800131c                SX1276Send
 .text.SX1276SetRx
                0x0000000008001458      0x2c8 ../../radio/CMakeFiles/radio.dir/sx1276/sx1276.c.obj
                0x0000000008001458                SX1276SetRx
 .text.SX1276StartCad
                0x0000000008001720       0x3c ../../radio/CMakeFiles/radio.dir/sx1276/sx1276.c.obj
                0x0000000008001720                SX1276StartCad
 .text.SX1276ReadRssi
                0x000000000800175c       0x50 ../../radio/CMakeFiles/radio.dir/sx1276/sx1276.c.obj
                0x000000000800175c                SX1276ReadRssi
 .text.SX1276SetModem
                0x00000000080017ac       0x8c ../../radio/CMakeFiles/radio.dir/sx1276/sx1276.c.obj
                0x00000000080017ac                SX1276SetModem
 .text.SX1276Init
                0x0000000008001838       0x88 ../../radio/CMakeFiles/radio.dir/sx1276/sx1276.c.obj
                0x0000000008001838                SX1276Init
 .text.SX1276IsChannelFree
                0x00000000080018c0       0x66 ../../radio/CMakeFiles/radio.dir/sx1276/sx1276.c.obj
                0x00000000080018c0                SX1276IsChannelFree
 .text.SX1276Random
                0x0000000008001926       0x40 ../../radio/CMakeFiles/radio.dir/sx1276/sx1276.c.obj
                0x0000000008001926                SX1276Random
 *fill*         0x0000000008001966        0x2 
 .text.SX1276SetRxConfig
                0x0000000008001968      0x360 ../../radio/CMakeFiles/radio.dir/sx1276/sx1276.c.obj
                0x0000000008001968                SX1276SetRxConfig
 .text.SX1276SetTxConfig
                0x0000000008001cc8      0x29c ../../radio/CMakeFiles/radio.dir/sx1276/sx1276.c.obj
                0x0000000008001cc8                SX1276SetTxConfig
 .text.SX1276SetTxContinuousWave
                0x0000000008001f64       0x88 ../../radio/CMakeFiles/radio.dir/sx1276/sx1276.c.obj
                0x0000000008001f64                SX1276SetTxContinuousWave
 .text.SX1276SetMaxPayloadLength
                0x0000000008001fec       0x38 ../../radio/CMakeFiles/radio.dir/sx1276/sx1276.c.obj
                0x0000000008001fec                SX1276SetMaxPayloadLength
 .text.SX1276SetPublicNetwork
                0x0000000008002024       0x30 ../../radio/CMakeFiles/radio.dir/sx1276/sx1276.c.obj
                0x0000000008002024                SX1276SetPublicNetwork
 .text.SX1276OnTimeoutIrq
                0x0000000008002054       0xec ../../radio/CMakeFiles/radio.dir/sx1276/sx1276.c.obj
 .text.SX1276GetWakeupTime
                0x0000000008002140        0xa ../../radio/CMakeFiles/radio.dir/sx1276/sx1276.c.obj
                0x0000000008002140                SX1276GetWakeupTime
 *fill*         0x000000000800214a        0x2 
 .text.SystemClockReConfig
                0x000000000800214c       0x5c ../../boards/GC7818-F072/CMakeFiles/GC7818-F072.dir/board.c.obj
 .text.SystemClockConfig
                0x00000000080021a8       0x88 ../../boards/GC7818-F072/CMakeFiles/GC7818-F072.dir/board.c.obj
 .text.BoardUnusedIoInit
                0x0000000008002230        0xc ../../boards/GC7818-F072/CMakeFiles/GC7818-F072.dir/board.c.obj
 .text.CalibrateSystemWakeupTime
                0x000000000800223c       0x3c ../../boards/GC7818-F072/CMakeFiles/GC7818-F072.dir/board.c.obj
 .text.OnCalibrateSystemWakeupTimeTimerEvent
                0x0000000008002278       0x14 ../../boards/GC7818-F072/CMakeFiles/GC7818-F072.dir/board.c.obj
 .text.BoardCriticalSectionBegin
                0x000000000800228c        0xa ../../boards/GC7818-F072/CMakeFiles/GC7818-F072.dir/board.c.obj
                0x000000000800228c                BoardCriticalSectionBegin
 .text.BoardCriticalSectionEnd
                0x0000000008002296        0x8 ../../boards/GC7818-F072/CMakeFiles/GC7818-F072.dir/board.c.obj
                0x0000000008002296                BoardCriticalSectionEnd
 .text.BoardInitPeriph
                0x000000000800229e        0x2 ../../boards/GC7818-F072/CMakeFiles/GC7818-F072.dir/board.c.obj
                0x000000000800229e                BoardInitPeriph
 .text.BoardGetRandomSeed
                0x00000000080022a0       0x20 ../../boards/GC7818-F072/CMakeFiles/GC7818-F072.dir/board.c.obj
                0x00000000080022a0                BoardGetRandomSeed
 .text.SysTick_Handler
                0x00000000080022c0        0xc ../../boards/GC7818-F072/CMakeFiles/GC7818-F072.dir/board.c.obj
                0x00000000080022c0                SysTick_Handler
 .text.GetBoardPowerSource
                0x00000000080022cc       0x14 ../../boards/GC7818-F072/CMakeFiles/GC7818-F072.dir/board.c.obj
                0x00000000080022cc                GetBoardPowerSource
 .text.BoardInitMcu
                0x00000000080022e0      0x154 ../../boards/GC7818-F072/CMakeFiles/GC7818-F072.dir/board.c.obj
                0x00000000080022e0                BoardInitMcu
 .text.LpmEnterStopMode
                0x0000000008002434        0x2 ../../boards/GC7818-F072/CMakeFiles/GC7818-F072.dir/board.c.obj
                0x0000000008002434                LpmEnterStopMode
 .text.LpmExitStopMode
                0x0000000008002436       0x18 ../../boards/GC7818-F072/CMakeFiles/GC7818-F072.dir/board.c.obj
                0x0000000008002436                LpmExitStopMode
 .text.LpmEnterSleepMode
                0x000000000800244e        0xc ../../boards/GC7818-F072/CMakeFiles/GC7818-F072.dir/board.c.obj
                0x000000000800244e                LpmEnterSleepMode
 .text.BoardLowPowerHandler
                0x000000000800245a        0xc ../../boards/GC7818-F072/CMakeFiles/GC7818-F072.dir/board.c.obj
                0x000000000800245a                BoardLowPowerHandler
 *fill*         0x0000000008002466        0x2 
 .text._write   0x0000000008002468       0x1c ../../boards/GC7818-F072/CMakeFiles/GC7818-F072.dir/board.c.obj
                0x0000000008002468                _write
 .text._read    0x0000000008002484       0x38 ../../boards/GC7818-F072/CMakeFiles/GC7818-F072.dir/board.c.obj
                0x0000000008002484                _read
 .text.print    0x00000000080024bc       0x18 ../../boards/GC7818-F072/CMakeFiles/GC7818-F072.dir/board.c.obj
                0x00000000080024bc                print
 .text.DelayMsMcu
                0x00000000080024d4        0x8 ../../boards/GC7818-F072/CMakeFiles/GC7818-F072.dir/delay-board.c.obj
                0x00000000080024d4                DelayMsMcu
 .text.GpioMcuSetInterrupt
                0x00000000080024dc      0x13c ../../boards/GC7818-F072/CMakeFiles/GC7818-F072.dir/gpio-board.c.obj
                0x00000000080024dc                GpioMcuSetInterrupt
 .text.GpioMcuWrite
                0x0000000008002618       0x1c ../../boards/GC7818-F072/CMakeFiles/GC7818-F072.dir/gpio-board.c.obj
                0x0000000008002618                GpioMcuWrite
 .text.GpioMcuInit
                0x0000000008002634      0x10c ../../boards/GC7818-F072/CMakeFiles/GC7818-F072.dir/gpio-board.c.obj
                0x0000000008002634                GpioMcuInit
 .text.GpioMcuToggle
                0x0000000008002740       0x1a ../../boards/GC7818-F072/CMakeFiles/GC7818-F072.dir/gpio-board.c.obj
                0x0000000008002740                GpioMcuToggle
 .text.EXTI0_1_IRQHandler
                0x000000000800275a       0x10 ../../boards/GC7818-F072/CMakeFiles/GC7818-F072.dir/gpio-board.c.obj
                0x000000000800275a                EXTI0_1_IRQHandler
 .text.EXTI2_3_IRQHandler
                0x000000000800276a       0x10 ../../boards/GC7818-F072/CMakeFiles/GC7818-F072.dir/gpio-board.c.obj
                0x000000000800276a                EXTI2_3_IRQHandler
 .text.EXTI4_15_IRQHandler
                0x000000000800277a       0x5c ../../boards/GC7818-F072/CMakeFiles/GC7818-F072.dir/gpio-board.c.obj
                0x000000000800277a                EXTI4_15_IRQHandler
 *fill*         0x00000000080027d6        0x2 
 .text.HAL_GPIO_EXTI_Callback
                0x00000000080027d8       0x30 ../../boards/GC7818-F072/CMakeFiles/GC7818-F072.dir/gpio-board.c.obj
                0x00000000080027d8                HAL_GPIO_EXTI_Callback
 .text.LpmSetOffMode
                0x0000000008002808       0x38 ../../boards/GC7818-F072/CMakeFiles/GC7818-F072.dir/lpm-board.c.obj
                0x0000000008002808                LpmSetOffMode
 .text.LpmSetStopMode
                0x0000000008002840       0x38 ../../boards/GC7818-F072/CMakeFiles/GC7818-F072.dir/lpm-board.c.obj
                0x0000000008002840                LpmSetStopMode
 .text.LpmGetMode
                0x0000000008002878       0x38 ../../boards/GC7818-F072/CMakeFiles/GC7818-F072.dir/lpm-board.c.obj
                0x0000000008002878                LpmGetMode
 .text.LpmExitSleepMode
                0x00000000080028b0        0x2 ../../boards/GC7818-F072/CMakeFiles/GC7818-F072.dir/lpm-board.c.obj
                0x00000000080028b0                LpmExitSleepMode
 .text.LpmEnterOffMode
                0x00000000080028b2        0x2 ../../boards/GC7818-F072/CMakeFiles/GC7818-F072.dir/lpm-board.c.obj
                0x00000000080028b2                LpmEnterOffMode
 .text.LpmExitOffMode
                0x00000000080028b4        0x2 ../../boards/GC7818-F072/CMakeFiles/GC7818-F072.dir/lpm-board.c.obj
                0x00000000080028b4                LpmExitOffMode
 *fill*         0x00000000080028b6        0x2 
 .text.LpmEnterLowPower
                0x00000000080028b8       0x38 ../../boards/GC7818-F072/CMakeFiles/GC7818-F072.dir/lpm-board.c.obj
                0x00000000080028b8                LpmEnterLowPower
 .text.RtcGetCalendarValue
                0x00000000080028f0       0xc4 ../../boards/GC7818-F072/CMakeFiles/GC7818-F072.dir/rtc-board.c.obj
 .text.RtcSetTimerContext
                0x00000000080029b4       0x18 ../../boards/GC7818-F072/CMakeFiles/GC7818-F072.dir/rtc-board.c.obj
                0x00000000080029b4                RtcSetTimerContext
 .text.RtcInit  0x00000000080029cc       0xa8 ../../boards/GC7818-F072/CMakeFiles/GC7818-F072.dir/rtc-board.c.obj
                0x00000000080029cc                RtcInit
 .text.RtcGetTimerContext
                0x0000000008002a74        0xc ../../boards/GC7818-F072/CMakeFiles/GC7818-F072.dir/rtc-board.c.obj
                0x0000000008002a74                RtcGetTimerContext
 .text.RtcGetMinimumTimeout
                0x0000000008002a80        0x4 ../../boards/GC7818-F072/CMakeFiles/GC7818-F072.dir/rtc-board.c.obj
                0x0000000008002a80                RtcGetMinimumTimeout
 .text.RtcMs2Tick
                0x0000000008002a84       0x10 ../../boards/GC7818-F072/CMakeFiles/GC7818-F072.dir/rtc-board.c.obj
                0x0000000008002a84                RtcMs2Tick
 .text.RtcTick2Ms
                0x0000000008002a94       0x24 ../../boards/GC7818-F072/CMakeFiles/GC7818-F072.dir/rtc-board.c.obj
                0x0000000008002a94                RtcTick2Ms
 .text.RtcStopAlarm
                0x0000000008002ab8       0x34 ../../boards/GC7818-F072/CMakeFiles/GC7818-F072.dir/rtc-board.c.obj
                0x0000000008002ab8                RtcStopAlarm
 .text.RtcStartAlarm
                0x0000000008002aec      0x14c ../../boards/GC7818-F072/CMakeFiles/GC7818-F072.dir/rtc-board.c.obj
                0x0000000008002aec                RtcStartAlarm
 .text.RtcGetTimerValue
                0x0000000008002c38       0x10 ../../boards/GC7818-F072/CMakeFiles/GC7818-F072.dir/rtc-board.c.obj
                0x0000000008002c38                RtcGetTimerValue
 .text.RtcGetTimerElapsedTime
                0x0000000008002c48       0x1c ../../boards/GC7818-F072/CMakeFiles/GC7818-F072.dir/rtc-board.c.obj
                0x0000000008002c48                RtcGetTimerElapsedTime
 .text.RtcSetAlarm
                0x0000000008002c64       0x50 ../../boards/GC7818-F072/CMakeFiles/GC7818-F072.dir/rtc-board.c.obj
                0x0000000008002c64                RtcSetAlarm
 .text.RtcSetMcuWakeUpTime
                0x0000000008002cb4       0x8c ../../boards/GC7818-F072/CMakeFiles/GC7818-F072.dir/rtc-board.c.obj
                0x0000000008002cb4                RtcSetMcuWakeUpTime
 .text.HAL_RTC_AlarmAEventCallback
                0x0000000008002d40        0x8 ../../boards/GC7818-F072/CMakeFiles/GC7818-F072.dir/rtc-board.c.obj
                0x0000000008002d40                HAL_RTC_AlarmAEventCallback
 .text.RTC_IRQHandler
                0x0000000008002d48       0x44 ../../boards/GC7818-F072/CMakeFiles/GC7818-F072.dir/rtc-board.c.obj
                0x0000000008002d48                RTC_IRQHandler
 .text.SpiFormat
                0x0000000008002d8c       0xa0 ../../boards/GC7818-F072/CMakeFiles/GC7818-F072.dir/spi-board.c.obj
                0x0000000008002d8c                SpiFormat
 .text.SpiFrequency
                0x0000000008002e2c       0x54 ../../boards/GC7818-F072/CMakeFiles/GC7818-F072.dir/spi-board.c.obj
                0x0000000008002e2c                SpiFrequency
 .text.SpiInit  0x0000000008002e80      0x1a4 ../../boards/GC7818-F072/CMakeFiles/GC7818-F072.dir/spi-board.c.obj
                0x0000000008002e80                SpiInit
 .text.SpiInOut
                0x0000000008003024       0x58 ../../boards/GC7818-F072/CMakeFiles/GC7818-F072.dir/spi-board.c.obj
                0x0000000008003024                SpiInOut
 .text.UartMcuInit
                0x000000000800307c       0x64 ../../boards/GC7818-F072/CMakeFiles/GC7818-F072.dir/uart-board.c.obj
                0x000000000800307c                UartMcuInit
 .text.UartMcuConfig
                0x00000000080030e0      0x100 ../../boards/GC7818-F072/CMakeFiles/GC7818-F072.dir/uart-board.c.obj
                0x00000000080030e0                UartMcuConfig
 .text.UartMcuPutChar
                0x00000000080031e0       0x58 ../../boards/GC7818-F072/CMakeFiles/GC7818-F072.dir/uart-board.c.obj
                0x00000000080031e0                UartMcuPutChar
 .text.UartMcuGetChar
                0x0000000008003238       0x3e ../../boards/GC7818-F072/CMakeFiles/GC7818-F072.dir/uart-board.c.obj
                0x0000000008003238                UartMcuGetChar
 .text.UartMcuPutBuffer
                0x0000000008003276       0x40 ../../boards/GC7818-F072/CMakeFiles/GC7818-F072.dir/uart-board.c.obj
                0x0000000008003276                UartMcuPutBuffer
 .text.UartMcuGetBuffer
                0x00000000080032b6       0x3a ../../boards/GC7818-F072/CMakeFiles/GC7818-F072.dir/uart-board.c.obj
                0x00000000080032b6                UartMcuGetBuffer
 .text.HAL_UART_TxCpltCallback
                0x00000000080032f0       0x40 ../../boards/GC7818-F072/CMakeFiles/GC7818-F072.dir/uart-board.c.obj
                0x00000000080032f0                HAL_UART_TxCpltCallback
 .text.HAL_UART_RxCpltCallback
                0x0000000008003330       0x40 ../../boards/GC7818-F072/CMakeFiles/GC7818-F072.dir/uart-board.c.obj
                0x0000000008003330                HAL_UART_RxCpltCallback
 .text.HAL_UART_ErrorCallback
                0x0000000008003370       0x18 ../../boards/GC7818-F072/CMakeFiles/GC7818-F072.dir/uart-board.c.obj
                0x0000000008003370                HAL_UART_ErrorCallback
 .text.USART1_IRQHandler
                0x0000000008003388       0x10 ../../boards/GC7818-F072/CMakeFiles/GC7818-F072.dir/uart-board.c.obj
                0x0000000008003388                USART1_IRQHandler
 .text.NMI_Handler
                0x0000000008003398        0x2 ../../boards/GC7818-F072/CMakeFiles/GC7818-F072.dir/__/mcu/stm32/sysIrqHandlers.c.obj
                0x0000000008003398                NMI_Handler
 *fill*         0x000000000800339a        0x2 
 .text.rand1    0x000000000800339c       0x2c ../../boards/GC7818-F072/CMakeFiles/GC7818-F072.dir/__/mcu/utilities.c.obj
                0x000000000800339c                rand1
 .text.srand1   0x00000000080033c8        0xc ../../boards/GC7818-F072/CMakeFiles/GC7818-F072.dir/__/mcu/utilities.c.obj
                0x00000000080033c8                srand1
 .text.randr    0x00000000080033d4       0x16 ../../boards/GC7818-F072/CMakeFiles/GC7818-F072.dir/__/mcu/utilities.c.obj
                0x00000000080033d4                randr
 .text.memcpy1  0x00000000080033ea       0x16 ../../boards/GC7818-F072/CMakeFiles/GC7818-F072.dir/__/mcu/utilities.c.obj
                0x00000000080033ea                memcpy1
 .text.Reset_Handler
                0x0000000008003400       0x50 ../../boards/GC7818-F072/CMakeFiles/GC7818-F072.dir/cmsis/arm-gcc/startup_stm32f0xx.s.obj
                0x0000000008003400                Reset_Handler
 .text.Default_Handler
                0x0000000008003450        0x2 ../../boards/GC7818-F072/CMakeFiles/GC7818-F072.dir/cmsis/arm-gcc/startup_stm32f0xx.s.obj
                0x0000000008003450                TIM1_BRK_UP_TRG_COM_IRQHandler
                0x0000000008003450                HardFault_Handler
                0x0000000008003450                ADC1_COMP_IRQHandler
                0x0000000008003450                PVD_IRQHandler
                0x0000000008003450                PendSV_Handler
                0x0000000008003450                I2C1_IRQHandler
                0x0000000008003450                SPI1_IRQHandler
                0x0000000008003450                TIM6_DAC_IRQHandler
                0x0000000008003450                I2C2_IRQHandler
                0x0000000008003450                TIM17_IRQHandler
                0x0000000008003450                TIM16_IRQHandler
                0x0000000008003450                TIM3_IRQHandler
                0x0000000008003450                RCC_IRQHandler
                0x0000000008003450                DMA1_Channel1_IRQHandler
                0x0000000008003450                Default_Handler
                0x0000000008003450                CEC_IRQHandler
                0x0000000008003450                TIM14_IRQHandler
                0x0000000008003450                DMA1_Channel4_5_IRQHandler
                0x0000000008003450                TIM15_IRQHandler
                0x0000000008003450                SPI2_IRQHandler
                0x0000000008003450                SVC_Handler
                0x0000000008003450                TS_IRQHandler
                0x0000000008003450                WWDG_IRQHandler
                0x0000000008003450                TIM2_IRQHandler
                0x0000000008003450                DMA1_Channel2_3_IRQHandler
                0x0000000008003450                USART2_IRQHandler
                0x0000000008003450                FLASH_IRQHandler
                0x0000000008003450                TIM1_CC_IRQHandler
 *fill*         0x0000000008003452        0x2 
 .text.SystemInit
                0x0000000008003454       0x60 ../../boards/GC7818-F072/CMakeFiles/GC7818-F072.dir/cmsis/system_stm32f0xx.c.obj
                0x0000000008003454                SystemInit
 .text.SystemCoreClockUpdate
                0x00000000080034b4       0xb0 ../../boards/GC7818-F072/CMakeFiles/GC7818-F072.dir/cmsis/system_stm32f0xx.c.obj
                0x00000000080034b4                SystemCoreClockUpdate
 .text.HAL_MspInit
                0x0000000008003564        0x2 ../../boards/GC7818-F072/CMakeFiles/GC7818-F072.dir/__/mcu/stm32/STM32F0xx_HAL_Driver/Src/stm32f0xx_hal.c.obj
                0x0000000008003564                HAL_MspInit
 *fill*         0x0000000008003566        0x2 
 .text.HAL_InitTick
                0x0000000008003568       0x50 ../../boards/GC7818-F072/CMakeFiles/GC7818-F072.dir/__/mcu/stm32/STM32F0xx_HAL_Driver/Src/stm32f0xx_hal.c.obj
                0x0000000008003568                HAL_InitTick
 .text.HAL_Init
                0x00000000080035b8       0x20 ../../boards/GC7818-F072/CMakeFiles/GC7818-F072.dir/__/mcu/stm32/STM32F0xx_HAL_Driver/Src/stm32f0xx_hal.c.obj
                0x00000000080035b8                HAL_Init
 .text.HAL_IncTick
                0x00000000080035d8       0x18 ../../boards/GC7818-F072/CMakeFiles/GC7818-F072.dir/__/mcu/stm32/STM32F0xx_HAL_Driver/Src/stm32f0xx_hal.c.obj
                0x00000000080035d8                HAL_IncTick
 .text.HAL_GetTick
                0x00000000080035f0        0xc ../../boards/GC7818-F072/CMakeFiles/GC7818-F072.dir/__/mcu/stm32/STM32F0xx_HAL_Driver/Src/stm32f0xx_hal.c.obj
                0x00000000080035f0                HAL_GetTick
 .text.HAL_Delay
                0x00000000080035fc       0x24 ../../boards/GC7818-F072/CMakeFiles/GC7818-F072.dir/__/mcu/stm32/STM32F0xx_HAL_Driver/Src/stm32f0xx_hal.c.obj
                0x00000000080035fc                HAL_Delay
 .text.HAL_DBGMCU_EnableDBGStopMode
                0x0000000008003620       0x10 ../../boards/GC7818-F072/CMakeFiles/GC7818-F072.dir/__/mcu/stm32/STM32F0xx_HAL_Driver/Src/stm32f0xx_hal.c.obj
                0x0000000008003620                HAL_DBGMCU_EnableDBGStopMode
 .text.HAL_DBGMCU_EnableDBGStandbyMode
                0x0000000008003630       0x10 ../../boards/GC7818-F072/CMakeFiles/GC7818-F072.dir/__/mcu/stm32/STM32F0xx_HAL_Driver/Src/stm32f0xx_hal.c.obj
                0x0000000008003630                HAL_DBGMCU_EnableDBGStandbyMode
 .text.HAL_NVIC_SetPriority
                0x0000000008003640       0x60 ../../boards/GC7818-F072/CMakeFiles/GC7818-F072.dir/__/mcu/stm32/STM32F0xx_HAL_Driver/Src/stm32f0xx_hal_cortex.c.obj
                0x0000000008003640                HAL_NVIC_SetPriority
 .text.HAL_NVIC_EnableIRQ
                0x00000000080036a0       0x14 ../../boards/GC7818-F072/CMakeFiles/GC7818-F072.dir/__/mcu/stm32/STM32F0xx_HAL_Driver/Src/stm32f0xx_hal_cortex.c.obj
                0x00000000080036a0                HAL_NVIC_EnableIRQ
 .text.HAL_SYSTICK_Config
                0x00000000080036b4       0x38 ../../boards/GC7818-F072/CMakeFiles/GC7818-F072.dir/__/mcu/stm32/STM32F0xx_HAL_Driver/Src/stm32f0xx_hal_cortex.c.obj
                0x00000000080036b4                HAL_SYSTICK_Config
 .text.HAL_NVIC_GetPendingIRQ
                0x00000000080036ec       0x18 ../../boards/GC7818-F072/CMakeFiles/GC7818-F072.dir/__/mcu/stm32/STM32F0xx_HAL_Driver/Src/stm32f0xx_hal_cortex.c.obj
                0x00000000080036ec                HAL_NVIC_GetPendingIRQ
 .text.HAL_SYSTICK_CLKSourceConfig
                0x0000000008003704       0x20 ../../boards/GC7818-F072/CMakeFiles/GC7818-F072.dir/__/mcu/stm32/STM32F0xx_HAL_Driver/Src/stm32f0xx_hal_cortex.c.obj
                0x0000000008003704                HAL_SYSTICK_CLKSourceConfig
 .text.HAL_SYSTICK_Callback
                0x0000000008003724        0x2 ../../boards/GC7818-F072/CMakeFiles/GC7818-F072.dir/__/mcu/stm32/STM32F0xx_HAL_Driver/Src/stm32f0xx_hal_cortex.c.obj
                0x0000000008003724                HAL_SYSTICK_Callback
 .text.HAL_SYSTICK_IRQHandler
                0x0000000008003726        0x8 ../../boards/GC7818-F072/CMakeFiles/GC7818-F072.dir/__/mcu/stm32/STM32F0xx_HAL_Driver/Src/stm32f0xx_hal_cortex.c.obj
                0x0000000008003726                HAL_SYSTICK_IRQHandler
 .text.HAL_DMA_Abort_IT
                0x000000000800372e       0x4a ../../boards/GC7818-F072/CMakeFiles/GC7818-F072.dir/__/mcu/stm32/STM32F0xx_HAL_Driver/Src/stm32f0xx_hal_dma.c.obj
                0x000000000800372e                HAL_DMA_Abort_IT
 .text.HAL_GPIO_Init
                0x0000000008003778      0x1bc ../../boards/GC7818-F072/CMakeFiles/GC7818-F072.dir/__/mcu/stm32/STM32F0xx_HAL_Driver/Src/stm32f0xx_hal_gpio.c.obj
                0x0000000008003778                HAL_GPIO_Init
 .text.HAL_GPIO_WritePin
                0x0000000008003934        0xc ../../boards/GC7818-F072/CMakeFiles/GC7818-F072.dir/__/mcu/stm32/STM32F0xx_HAL_Driver/Src/stm32f0xx_hal_gpio.c.obj
                0x0000000008003934                HAL_GPIO_WritePin
 .text.HAL_GPIO_TogglePin
                0x0000000008003940       0x10 ../../boards/GC7818-F072/CMakeFiles/GC7818-F072.dir/__/mcu/stm32/STM32F0xx_HAL_Driver/Src/stm32f0xx_hal_gpio.c.obj
                0x0000000008003940                HAL_GPIO_TogglePin
 .text.HAL_GPIO_EXTI_IRQHandler
                0x0000000008003950       0x1c ../../boards/GC7818-F072/CMakeFiles/GC7818-F072.dir/__/mcu/stm32/STM32F0xx_HAL_Driver/Src/stm32f0xx_hal_gpio.c.obj
                0x0000000008003950                HAL_GPIO_EXTI_IRQHandler
 .text.HAL_PWR_EnterSLEEPMode
                0x000000000800396c       0x20 ../../boards/GC7818-F072/CMakeFiles/GC7818-F072.dir/__/mcu/stm32/STM32F0xx_HAL_Driver/Src/stm32f0xx_hal_pwr.c.obj
                0x000000000800396c                HAL_PWR_EnterSLEEPMode
 .text.HAL_RCC_OscConfig
                0x000000000800398c      0x544 ../../boards/GC7818-F072/CMakeFiles/GC7818-F072.dir/__/mcu/stm32/STM32F0xx_HAL_Driver/Src/stm32f0xx_hal_rcc.c.obj
                0x000000000800398c                HAL_RCC_OscConfig
 .text.HAL_RCC_GetSysClockFreq
                0x0000000008003ed0       0xa0 ../../boards/GC7818-F072/CMakeFiles/GC7818-F072.dir/__/mcu/stm32/STM32F0xx_HAL_Driver/Src/stm32f0xx_hal_rcc.c.obj
                0x0000000008003ed0                HAL_RCC_GetSysClockFreq
 .text.HAL_RCC_ClockConfig
                0x0000000008003f70      0x144 ../../boards/GC7818-F072/CMakeFiles/GC7818-F072.dir/__/mcu/stm32/STM32F0xx_HAL_Driver/Src/stm32f0xx_hal_rcc.c.obj
                0x0000000008003f70                HAL_RCC_ClockConfig
 .text.HAL_RCC_GetHCLKFreq
                0x00000000080040b4        0xc ../../boards/GC7818-F072/CMakeFiles/GC7818-F072.dir/__/mcu/stm32/STM32F0xx_HAL_Driver/Src/stm32f0xx_hal_rcc.c.obj
                0x00000000080040b4                HAL_RCC_GetHCLKFreq
 .text.HAL_RCC_GetPCLK1Freq
                0x00000000080040c0       0x20 ../../boards/GC7818-F072/CMakeFiles/GC7818-F072.dir/__/mcu/stm32/STM32F0xx_HAL_Driver/Src/stm32f0xx_hal_rcc.c.obj
                0x00000000080040c0                HAL_RCC_GetPCLK1Freq
 .text.HAL_RCCEx_PeriphCLKConfig
                0x00000000080040e0      0x15c ../../boards/GC7818-F072/CMakeFiles/GC7818-F072.dir/__/mcu/stm32/STM32F0xx_HAL_Driver/Src/stm32f0xx_hal_rcc_ex.c.obj
                0x00000000080040e0                HAL_RCCEx_PeriphCLKConfig
 .text.HAL_RTC_MspInit
                0x000000000800423c        0x2 ../../boards/GC7818-F072/CMakeFiles/GC7818-F072.dir/__/mcu/stm32/STM32F0xx_HAL_Driver/Src/stm32f0xx_hal_rtc.c.obj
                0x000000000800423c                HAL_RTC_MspInit
 *fill*         0x000000000800423e        0x2 
 .text.HAL_RTC_DeactivateAlarm
                0x0000000008004240       0x7c ../../boards/GC7818-F072/CMakeFiles/GC7818-F072.dir/__/mcu/stm32/STM32F0xx_HAL_Driver/Src/stm32f0xx_hal_rtc.c.obj
                0x0000000008004240                HAL_RTC_DeactivateAlarm
 .text.HAL_RTC_WaitForSynchro
                0x00000000080042bc       0x32 ../../boards/GC7818-F072/CMakeFiles/GC7818-F072.dir/__/mcu/stm32/STM32F0xx_HAL_Driver/Src/stm32f0xx_hal_rtc.c.obj
                0x00000000080042bc                HAL_RTC_WaitForSynchro
 .text.RTC_EnterInitMode
                0x00000000080042ee       0x3a ../../boards/GC7818-F072/CMakeFiles/GC7818-F072.dir/__/mcu/stm32/STM32F0xx_HAL_Driver/Src/stm32f0xx_hal_rtc.c.obj
                0x00000000080042ee                RTC_EnterInitMode
 .text.HAL_RTC_Init
                0x0000000008004328       0xc4 ../../boards/GC7818-F072/CMakeFiles/GC7818-F072.dir/__/mcu/stm32/STM32F0xx_HAL_Driver/Src/stm32f0xx_hal_rtc.c.obj
                0x0000000008004328                HAL_RTC_Init
 .text.RTC_ByteToBcd2
                0x00000000080043ec       0x16 ../../boards/GC7818-F072/CMakeFiles/GC7818-F072.dir/__/mcu/stm32/STM32F0xx_HAL_Driver/Src/stm32f0xx_hal_rtc.c.obj
                0x00000000080043ec                RTC_ByteToBcd2
 *fill*         0x0000000008004402        0x2 
 .text.HAL_RTC_SetTime
                0x0000000008004404       0xfc ../../boards/GC7818-F072/CMakeFiles/GC7818-F072.dir/__/mcu/stm32/STM32F0xx_HAL_Driver/Src/stm32f0xx_hal_rtc.c.obj
                0x0000000008004404                HAL_RTC_SetTime
 .text.HAL_RTC_SetDate
                0x0000000008004500       0xd8 ../../boards/GC7818-F072/CMakeFiles/GC7818-F072.dir/__/mcu/stm32/STM32F0xx_HAL_Driver/Src/stm32f0xx_hal_rtc.c.obj
                0x0000000008004500                HAL_RTC_SetDate
 .text.HAL_RTC_SetAlarm_IT
                0x00000000080045d8      0x138 ../../boards/GC7818-F072/CMakeFiles/GC7818-F072.dir/__/mcu/stm32/STM32F0xx_HAL_Driver/Src/stm32f0xx_hal_rtc.c.obj
                0x00000000080045d8                HAL_RTC_SetAlarm_IT
 .text.RTC_Bcd2ToByte
                0x0000000008004710       0x14 ../../boards/GC7818-F072/CMakeFiles/GC7818-F072.dir/__/mcu/stm32/STM32F0xx_HAL_Driver/Src/stm32f0xx_hal_rtc.c.obj
                0x0000000008004710                RTC_Bcd2ToByte
 .text.HAL_RTC_GetTime
                0x0000000008004724       0x58 ../../boards/GC7818-F072/CMakeFiles/GC7818-F072.dir/__/mcu/stm32/STM32F0xx_HAL_Driver/Src/stm32f0xx_hal_rtc.c.obj
                0x0000000008004724                HAL_RTC_GetTime
 .text.HAL_RTC_GetDate
                0x000000000800477c       0x48 ../../boards/GC7818-F072/CMakeFiles/GC7818-F072.dir/__/mcu/stm32/STM32F0xx_HAL_Driver/Src/stm32f0xx_hal_rtc.c.obj
                0x000000000800477c                HAL_RTC_GetDate
 .text.HAL_RTC_GetAlarm
                0x00000000080047c4       0x88 ../../boards/GC7818-F072/CMakeFiles/GC7818-F072.dir/__/mcu/stm32/STM32F0xx_HAL_Driver/Src/stm32f0xx_hal_rtc.c.obj
                0x00000000080047c4                HAL_RTC_GetAlarm
 .text.HAL_RTCEx_EnableBypassShadow
                0x000000000800484c       0x3a ../../boards/GC7818-F072/CMakeFiles/GC7818-F072.dir/__/mcu/stm32/STM32F0xx_HAL_Driver/Src/stm32f0xx_hal_rtc_ex.c.obj
                0x000000000800484c                HAL_RTCEx_EnableBypassShadow
 .text.HAL_SPI_MspInit
                0x0000000008004886        0x2 ../../boards/GC7818-F072/CMakeFiles/GC7818-F072.dir/__/mcu/stm32/STM32F0xx_HAL_Driver/Src/stm32f0xx_hal_spi.c.obj
                0x0000000008004886                HAL_SPI_MspInit
 .text.HAL_SPI_Init
                0x0000000008004888       0xf0 ../../boards/GC7818-F072/CMakeFiles/GC7818-F072.dir/__/mcu/stm32/STM32F0xx_HAL_Driver/Src/stm32f0xx_hal_spi.c.obj
                0x0000000008004888                HAL_SPI_Init
 .text.UART_EndRxTransfer
                0x0000000008004978       0x24 ../../boards/GC7818-F072/CMakeFiles/GC7818-F072.dir/__/mcu/stm32/STM32F0xx_HAL_Driver/Src/stm32f0xx_hal_uart.c.obj
 .text.UART_TxISR_8BIT
                0x000000000800499c       0x42 ../../boards/GC7818-F072/CMakeFiles/GC7818-F072.dir/__/mcu/stm32/STM32F0xx_HAL_Driver/Src/stm32f0xx_hal_uart.c.obj
 .text.UART_TxISR_16BIT
                0x00000000080049de       0x46 ../../boards/GC7818-F072/CMakeFiles/GC7818-F072.dir/__/mcu/stm32/STM32F0xx_HAL_Driver/Src/stm32f0xx_hal_uart.c.obj
 .text.HAL_UART_MspInit
                0x0000000008004a24        0x2 ../../boards/GC7818-F072/CMakeFiles/GC7818-F072.dir/__/mcu/stm32/STM32F0xx_HAL_Driver/Src/stm32f0xx_hal_uart.c.obj
                0x0000000008004a24                HAL_UART_MspInit
 *fill*         0x0000000008004a26        0x2 
 .text.HAL_UART_Transmit_IT
                0x0000000008004a28       0x8c ../../boards/GC7818-F072/CMakeFiles/GC7818-F072.dir/__/mcu/stm32/STM32F0xx_HAL_Driver/Src/stm32f0xx_hal_uart.c.obj
                0x0000000008004a28                HAL_UART_Transmit_IT
 .text.HAL_UART_Receive_IT
                0x0000000008004ab4      0x100 ../../boards/GC7818-F072/CMakeFiles/GC7818-F072.dir/__/mcu/stm32/STM32F0xx_HAL_Driver/Src/stm32f0xx_hal_uart.c.obj
                0x0000000008004ab4                HAL_UART_Receive_IT
 .text.UART_EndTransmit_IT
                0x0000000008004bb4       0x1a ../../boards/GC7818-F072/CMakeFiles/GC7818-F072.dir/__/mcu/stm32/STM32F0xx_HAL_Driver/Src/stm32f0xx_hal_uart.c.obj
 *fill*         0x0000000008004bce        0x2 
 .text.UART_RxISR_8BIT
                0x0000000008004bd0       0x64 ../../boards/GC7818-F072/CMakeFiles/GC7818-F072.dir/__/mcu/stm32/STM32F0xx_HAL_Driver/Src/stm32f0xx_hal_uart.c.obj
 .text.UART_RxISR_16BIT
                0x0000000008004c34       0x64 ../../boards/GC7818-F072/CMakeFiles/GC7818-F072.dir/__/mcu/stm32/STM32F0xx_HAL_Driver/Src/stm32f0xx_hal_uart.c.obj
 .text.HAL_UART_IRQHandler
                0x0000000008004c98      0x170 ../../boards/GC7818-F072/CMakeFiles/GC7818-F072.dir/__/mcu/stm32/STM32F0xx_HAL_Driver/Src/stm32f0xx_hal_uart.c.obj
                0x0000000008004c98                HAL_UART_IRQHandler
 .text.UART_DMAAbortOnError
                0x0000000008004e08       0x14 ../../boards/GC7818-F072/CMakeFiles/GC7818-F072.dir/__/mcu/stm32/STM32F0xx_HAL_Driver/Src/stm32f0xx_hal_uart.c.obj
 .text.UART_SetConfig
                0x0000000008004e1c      0x24c ../../boards/GC7818-F072/CMakeFiles/GC7818-F072.dir/__/mcu/stm32/STM32F0xx_HAL_Driver/Src/stm32f0xx_hal_uart.c.obj
                0x0000000008004e1c                UART_SetConfig
 .text.UART_AdvFeatureConfig
                0x0000000008005068       0xe0 ../../boards/GC7818-F072/CMakeFiles/GC7818-F072.dir/__/mcu/stm32/STM32F0xx_HAL_Driver/Src/stm32f0xx_hal_uart.c.obj
                0x0000000008005068                UART_AdvFeatureConfig
 .text.UART_WaitOnFlagUntilTimeout
                0x0000000008005148       0xac ../../boards/GC7818-F072/CMakeFiles/GC7818-F072.dir/__/mcu/stm32/STM32F0xx_HAL_Driver/Src/stm32f0xx_hal_uart.c.obj
                0x0000000008005148                UART_WaitOnFlagUntilTimeout
 .text.UART_CheckIdleState
                0x00000000080051f4       0x6c ../../boards/GC7818-F072/CMakeFiles/GC7818-F072.dir/__/mcu/stm32/STM32F0xx_HAL_Driver/Src/stm32f0xx_hal_uart.c.obj
                0x00000000080051f4                UART_CheckIdleState
 .text.HAL_UART_Init
                0x0000000008005260       0x6c ../../boards/GC7818-F072/CMakeFiles/GC7818-F072.dir/__/mcu/stm32/STM32F0xx_HAL_Driver/Src/stm32f0xx_hal_uart.c.obj
                0x0000000008005260                HAL_UART_Init
 .text.HAL_UARTEx_WakeupCallback
                0x00000000080052cc        0x2 ../../boards/GC7818-F072/CMakeFiles/GC7818-F072.dir/__/mcu/stm32/STM32F0xx_HAL_Driver/Src/stm32f0xx_hal_uart_ex.c.obj
                0x00000000080052cc                HAL_UARTEx_WakeupCallback
 .text.SX1276GetPaSelect
                0x00000000080052ce        0x4 ../../boards/GC7818-F072/CMakeFiles/GC7818-F072.dir/sx1276mb1las-board.c.obj
 .text.SX1276CheckRfFrequency
                0x00000000080052d2        0x4 ../../boards/GC7818-F072/CMakeFiles/GC7818-F072.dir/sx1276mb1las-board.c.obj
                0x00000000080052d2                SX1276CheckRfFrequency
 *fill*         0x00000000080052d6        0x2 
 .text.SX1276IoInit
                0x00000000080052d8       0x94 ../../boards/GC7818-F072/CMakeFiles/GC7818-F072.dir/sx1276mb1las-board.c.obj
                0x00000000080052d8                SX1276IoInit
 .text.SX1276IoIrqInit
                0x000000000800536c       0x60 ../../boards/GC7818-F072/CMakeFiles/GC7818-F072.dir/sx1276mb1las-board.c.obj
                0x000000000800536c                SX1276IoIrqInit
 .text.SX1276IoDbgInit
                0x00000000080053cc        0x2 ../../boards/GC7818-F072/CMakeFiles/GC7818-F072.dir/sx1276mb1las-board.c.obj
                0x00000000080053cc                SX1276IoDbgInit
 .text.SX1276IoTcxoInit
                0x00000000080053ce        0x2 ../../boards/GC7818-F072/CMakeFiles/GC7818-F072.dir/sx1276mb1las-board.c.obj
                0x00000000080053ce                SX1276IoTcxoInit
 .text.SX1276SetBoardTcxo
                0x00000000080053d0        0x2 ../../boards/GC7818-F072/CMakeFiles/GC7818-F072.dir/sx1276mb1las-board.c.obj
                0x00000000080053d0                SX1276SetBoardTcxo
 .text.SX1276GetBoardTcxoWakeupTime
                0x00000000080053d2        0x4 ../../boards/GC7818-F072/CMakeFiles/GC7818-F072.dir/sx1276mb1las-board.c.obj
                0x00000000080053d2                SX1276GetBoardTcxoWakeupTime
 *fill*         0x00000000080053d6        0x2 
 .text.SX1276Reset
                0x00000000080053d8       0x40 ../../boards/GC7818-F072/CMakeFiles/GC7818-F072.dir/sx1276mb1las-board.c.obj
                0x00000000080053d8                SX1276Reset
 .text.SX1276SetRfTxPower
                0x0000000008005418       0xd0 ../../boards/GC7818-F072/CMakeFiles/GC7818-F072.dir/sx1276mb1las-board.c.obj
                0x0000000008005418                SX1276SetRfTxPower
 .text.SX1276AntSwInit
                0x00000000080054e8       0x24 ../../boards/GC7818-F072/CMakeFiles/GC7818-F072.dir/sx1276mb1las-board.c.obj
                0x00000000080054e8                SX1276AntSwInit
 .text.SX1276AntSwDeInit
                0x000000000800550c       0x20 ../../boards/GC7818-F072/CMakeFiles/GC7818-F072.dir/sx1276mb1las-board.c.obj
                0x000000000800550c                SX1276AntSwDeInit
 .text.SX1276SetAntSwLowPower
                0x000000000800552c       0x24 ../../boards/GC7818-F072/CMakeFiles/GC7818-F072.dir/sx1276mb1las-board.c.obj
                0x000000000800552c                SX1276SetAntSwLowPower
 .text.SX1276SetAntSw
                0x0000000008005550       0x20 ../../boards/GC7818-F072/CMakeFiles/GC7818-F072.dir/sx1276mb1las-board.c.obj
                0x0000000008005550                SX1276SetAntSw
 .text          0x0000000008005570      0x114 /usr/local/Cellar/arm-none-eabi-gcc/9-2019-q4-major/gcc/bin/../lib/gcc/arm-none-eabi/9.2.1/thumb/v6-m/nofp/libgcc.a(_udivsi3.o)
                0x0000000008005570                __udivsi3
                0x0000000008005570                __aeabi_uidiv
                0x000000000800567c                __aeabi_uidivmod
 .text          0x0000000008005684      0x1d4 /usr/local/Cellar/arm-none-eabi-gcc/9-2019-q4-major/gcc/bin/../lib/gcc/arm-none-eabi/9.2.1/thumb/v6-m/nofp/libgcc.a(_divsi3.o)
                0x0000000008005684                __aeabi_idiv
                0x0000000008005684                __divsi3
                0x0000000008005850                __aeabi_idivmod
 .text          0x0000000008005858        0x4 /usr/local/Cellar/arm-none-eabi-gcc/9-2019-q4-major/gcc/bin/../lib/gcc/arm-none-eabi/9.2.1/thumb/v6-m/nofp/libgcc.a(_dvmd_tls.o)
                0x0000000008005858                __aeabi_ldiv0
                0x0000000008005858                __aeabi_idiv0
 .text          0x000000000800585c       0x7c /usr/local/Cellar/arm-none-eabi-gcc/9-2019-q4-major/gcc/bin/../lib/gcc/arm-none-eabi/9.2.1/thumb/v6-m/nofp/libgcc.a(_arm_cmpdf2.o)
                0x000000000800585c                __aeabi_cdrcmple
                0x000000000800586c                __aeabi_cdcmple
                0x000000000800586c                __aeabi_cdcmpeq
                0x000000000800587c                __aeabi_dcmpeq
                0x0000000008005888                __aeabi_dcmplt
                0x000000000800589c                __aeabi_dcmple
                0x00000000080058b0                __aeabi_dcmpgt
                0x00000000080058c4                __aeabi_dcmpge
 .text          0x00000000080058d8       0x40 /usr/local/Cellar/arm-none-eabi-gcc/9-2019-q4-major/gcc/bin/../lib/gcc/arm-none-eabi/9.2.1/thumb/v6-m/nofp/libgcc.a(_aeabi_uldivmod.o)
                0x00000000080058d8                __aeabi_uldivmod
 .text          0x0000000008005918       0x3c /usr/local/Cellar/arm-none-eabi-gcc/9-2019-q4-major/gcc/bin/../lib/gcc/arm-none-eabi/9.2.1/thumb/v6-m/nofp/libgcc.a(_fixunsdfsi.o)
                0x0000000008005918                __fixunsdfsi
                0x0000000008005918                __aeabi_d2uiz
 .text          0x0000000008005954      0x198 /usr/local/Cellar/arm-none-eabi-gcc/9-2019-q4-major/gcc/bin/../lib/gcc/arm-none-eabi/9.2.1/thumb/v6-m/nofp/libgcc.a(_udivmoddi4.o)
                0x0000000008005954                __udivmoddi4
 .text          0x0000000008005aec      0x5d0 /usr/local/Cellar/arm-none-eabi-gcc/9-2019-q4-major/gcc/bin/../lib/gcc/arm-none-eabi/9.2.1/thumb/v6-m/nofp/libgcc.a(divdf3.o)
                0x0000000008005aec                __aeabi_ddiv
 .text          0x00000000080060bc       0x78 /usr/local/Cellar/arm-none-eabi-gcc/9-2019-q4-major/gcc/bin/../lib/gcc/arm-none-eabi/9.2.1/thumb/v6-m/nofp/libgcc.a(eqdf2.o)
                0x00000000080060bc                __eqdf2
                0x00000000080060bc                __nedf2
 .text          0x0000000008006134       0xe4 /usr/local/Cellar/arm-none-eabi-gcc/9-2019-q4-major/gcc/bin/../lib/gcc/arm-none-eabi/9.2.1/thumb/v6-m/nofp/libgcc.a(gedf2.o)
                0x0000000008006134                __gtdf2
                0x0000000008006134                __gedf2
 .text          0x0000000008006218       0xe0 /usr/local/Cellar/arm-none-eabi-gcc/9-2019-q4-major/gcc/bin/../lib/gcc/arm-none-eabi/9.2.1/thumb/v6-m/nofp/libgcc.a(ledf2.o)
                0x0000000008006218                __ltdf2
                0x0000000008006218                __ledf2
 .text          0x00000000080062f8      0x4d8 /usr/local/Cellar/arm-none-eabi-gcc/9-2019-q4-major/gcc/bin/../lib/gcc/arm-none-eabi/9.2.1/thumb/v6-m/nofp/libgcc.a(muldf3.o)
                0x00000000080062f8                __aeabi_dmul
 .text          0x00000000080067d0      0x724 /usr/local/Cellar/arm-none-eabi-gcc/9-2019-q4-major/gcc/bin/../lib/gcc/arm-none-eabi/9.2.1/thumb/v6-m/nofp/libgcc.a(subdf3.o)
                0x00000000080067d0                __aeabi_dsub
 .text          0x0000000008006ef4       0x6c /usr/local/Cellar/arm-none-eabi-gcc/9-2019-q4-major/gcc/bin/../lib/gcc/arm-none-eabi/9.2.1/thumb/v6-m/nofp/libgcc.a(fixdfsi.o)
                0x0000000008006ef4                __aeabi_d2iz
 .text          0x0000000008006f60       0x60 /usr/local/Cellar/arm-none-eabi-gcc/9-2019-q4-major/gcc/bin/../lib/gcc/arm-none-eabi/9.2.1/thumb/v6-m/nofp/libgcc.a(floatsidf.o)
                0x0000000008006f60                __aeabi_i2d
 .text          0x0000000008006fc0       0x4c /usr/local/Cellar/arm-none-eabi-gcc/9-2019-q4-major/gcc/bin/../lib/gcc/arm-none-eabi/9.2.1/thumb/v6-m/nofp/libgcc.a(floatunsidf.o)
                0x0000000008006fc0                __aeabi_ui2d
 .text          0x000000000800700c       0x3c /usr/local/Cellar/arm-none-eabi-gcc/9-2019-q4-major/gcc/bin/../lib/gcc/arm-none-eabi/9.2.1/thumb/v6-m/nofp/libgcc.a(_clzsi2.o)
                0x000000000800700c                __clzsi2
 .text          0x0000000008007048       0x18 /usr/local/Cellar/arm-none-eabi-gcc/9-2019-q4-major/gcc/bin/../lib/gcc/arm-none-eabi/9.2.1/thumb/v6-m/nofp/libgcc.a(_clzdi2.o)
                0x0000000008007048                __clzdi2
 .text.__libc_init_array
                0x0000000008007060       0x48 /usr/local/Cellar/arm-none-eabi-gcc/9-2019-q4-major/gcc/bin/../lib/gcc/arm-none-eabi/9.2.1/../../../../arm-none-eabi/lib/thumb/v6-m/nofp/libg_nano.a(lib_a-init.o)
                0x0000000008007060                __libc_init_array
 .text.memcpy   0x00000000080070a8       0x12 /usr/local/Cellar/arm-none-eabi-gcc/9-2019-q4-major/gcc/bin/../lib/gcc/arm-none-eabi/9.2.1/../../../../arm-none-eabi/lib/thumb/v6-m/nofp/libg_nano.a(lib_a-memcpy-stub.o)
                0x00000000080070a8                memcpy
 .text.memset   0x00000000080070ba       0x10 /usr/local/Cellar/arm-none-eabi-gcc/9-2019-q4-major/gcc/bin/../lib/gcc/arm-none-eabi/9.2.1/../../../../arm-none-eabi/lib/thumb/v6-m/nofp/libg_nano.a(lib_a-memset.o)
                0x00000000080070ba                memset
 *fill*         0x00000000080070ca        0x2 
 .text.printf   0x00000000080070cc       0x34 /usr/local/Cellar/arm-none-eabi-gcc/9-2019-q4-major/gcc/bin/../lib/gcc/arm-none-eabi/9.2.1/../../../../arm-none-eabi/lib/thumb/v6-m/nofp/libg_nano.a(lib_a-printf.o)
                0x00000000080070cc                printf
                0x00000000080070cc                iprintf
 .text          0x0000000008007100        0xe /usr/local/Cellar/arm-none-eabi-gcc/9-2019-q4-major/gcc/bin/../lib/gcc/arm-none-eabi/9.2.1/../../../../arm-none-eabi/lib/thumb/v6-m/nofp/libg_nano.a(lib_a-strlen.o)
                0x0000000008007100                strlen
 .text.strncmp  0x000000000800710e       0x22 /usr/local/Cellar/arm-none-eabi-gcc/9-2019-q4-major/gcc/bin/../lib/gcc/arm-none-eabi/9.2.1/../../../../arm-none-eabi/lib/thumb/v6-m/nofp/libg_nano.a(lib_a-strncmp.o)
                0x000000000800710e                strncmp
 .text.std      0x0000000008007130       0x48 /usr/local/Cellar/arm-none-eabi-gcc/9-2019-q4-major/gcc/bin/../lib/gcc/arm-none-eabi/9.2.1/../../../../arm-none-eabi/lib/thumb/v6-m/nofp/libg_nano.a(lib_a-findfp.o)
 .text._cleanup_r
                0x0000000008007178       0x10 /usr/local/Cellar/arm-none-eabi-gcc/9-2019-q4-major/gcc/bin/../lib/gcc/arm-none-eabi/9.2.1/../../../../arm-none-eabi/lib/thumb/v6-m/nofp/libg_nano.a(lib_a-findfp.o)
                0x0000000008007178                _cleanup_r
 .text.__sfmoreglue
                0x0000000008007188       0x2c /usr/local/Cellar/arm-none-eabi-gcc/9-2019-q4-major/gcc/bin/../lib/gcc/arm-none-eabi/9.2.1/../../../../arm-none-eabi/lib/thumb/v6-m/nofp/libg_nano.a(lib_a-findfp.o)
                0x0000000008007188                __sfmoreglue
 .text.__sfp_lock_acquire
                0x00000000080071b4       0x10 /usr/local/Cellar/arm-none-eabi-gcc/9-2019-q4-major/gcc/bin/../lib/gcc/arm-none-eabi/9.2.1/../../../../arm-none-eabi/lib/thumb/v6-m/nofp/libg_nano.a(lib_a-findfp.o)
                0x00000000080071b4                __sfp_lock_acquire
 .text.__sfp_lock_release
                0x00000000080071c4       0x10 /usr/local/Cellar/arm-none-eabi-gcc/9-2019-q4-major/gcc/bin/../lib/gcc/arm-none-eabi/9.2.1/../../../../arm-none-eabi/lib/thumb/v6-m/nofp/libg_nano.a(lib_a-findfp.o)
                0x00000000080071c4                __sfp_lock_release
 .text.__sinit_lock_acquire
                0x00000000080071d4       0x10 /usr/local/Cellar/arm-none-eabi-gcc/9-2019-q4-major/gcc/bin/../lib/gcc/arm-none-eabi/9.2.1/../../../../arm-none-eabi/lib/thumb/v6-m/nofp/libg_nano.a(lib_a-findfp.o)
                0x00000000080071d4                __sinit_lock_acquire
 .text.__sinit_lock_release
                0x00000000080071e4       0x10 /usr/local/Cellar/arm-none-eabi-gcc/9-2019-q4-major/gcc/bin/../lib/gcc/arm-none-eabi/9.2.1/../../../../arm-none-eabi/lib/thumb/v6-m/nofp/libg_nano.a(lib_a-findfp.o)
                0x00000000080071e4                __sinit_lock_release
 .text.__sinit  0x00000000080071f4       0x70 /usr/local/Cellar/arm-none-eabi-gcc/9-2019-q4-major/gcc/bin/../lib/gcc/arm-none-eabi/9.2.1/../../../../arm-none-eabi/lib/thumb/v6-m/nofp/libg_nano.a(lib_a-findfp.o)
                0x00000000080071f4                __sinit
 .text.__sfp    0x0000000008007264       0x90 /usr/local/Cellar/arm-none-eabi-gcc/9-2019-q4-major/gcc/bin/../lib/gcc/arm-none-eabi/9.2.1/../../../../arm-none-eabi/lib/thumb/v6-m/nofp/libg_nano.a(lib_a-findfp.o)
                0x0000000008007264                __sfp
 .text._fwalk_reent
                0x00000000080072f4       0x40 /usr/local/Cellar/arm-none-eabi-gcc/9-2019-q4-major/gcc/bin/../lib/gcc/arm-none-eabi/9.2.1/../../../../arm-none-eabi/lib/thumb/v6-m/nofp/libg_nano.a(lib_a-fwalk.o)
                0x00000000080072f4                _fwalk_reent
 .text.__retarget_lock_init_recursive
                0x0000000008007334        0x2 /usr/local/Cellar/arm-none-eabi-gcc/9-2019-q4-major/gcc/bin/../lib/gcc/arm-none-eabi/9.2.1/../../../../arm-none-eabi/lib/thumb/v6-m/nofp/libg_nano.a(lib_a-lock.o)
                0x0000000008007334                __retarget_lock_init_recursive
 .text.__retarget_lock_acquire_recursive
                0x0000000008007336        0x2 /usr/local/Cellar/arm-none-eabi-gcc/9-2019-q4-major/gcc/bin/../lib/gcc/arm-none-eabi/9.2.1/../../../../arm-none-eabi/lib/thumb/v6-m/nofp/libg_nano.a(lib_a-lock.o)
                0x0000000008007336                __retarget_lock_acquire_recursive
 .text.__retarget_lock_release_recursive
                0x0000000008007338        0x2 /usr/local/Cellar/arm-none-eabi-gcc/9-2019-q4-major/gcc/bin/../lib/gcc/arm-none-eabi/9.2.1/../../../../arm-none-eabi/lib/thumb/v6-m/nofp/libg_nano.a(lib_a-lock.o)
                0x0000000008007338                __retarget_lock_release_recursive
 *fill*         0x000000000800733a        0x2 
 .text._malloc_r
                0x000000000800733c       0xbc /usr/local/Cellar/arm-none-eabi-gcc/9-2019-q4-major/gcc/bin/../lib/gcc/arm-none-eabi/9.2.1/../../../../arm-none-eabi/lib/thumb/v6-m/nofp/libg_nano.a(lib_a-nano-mallocr.o)
                0x000000000800733c                _malloc_r
 .text.__sfputc_r
                0x00000000080073f8       0x2a /usr/local/Cellar/arm-none-eabi-gcc/9-2019-q4-major/gcc/bin/../lib/gcc/arm-none-eabi/9.2.1/../../../../arm-none-eabi/lib/thumb/v6-m/nofp/libg_nano.a(lib_a-nano-vfprintf.o)
 .text.__sfputs_r
                0x0000000008007422       0x24 /usr/local/Cellar/arm-none-eabi-gcc/9-2019-q4-major/gcc/bin/../lib/gcc/arm-none-eabi/9.2.1/../../../../arm-none-eabi/lib/thumb/v6-m/nofp/libg_nano.a(lib_a-nano-vfprintf.o)
                0x0000000008007422                __sfputs_r
 *fill*         0x0000000008007446        0x2 
 .text._vfprintf_r
                0x0000000008007448      0x274 /usr/local/Cellar/arm-none-eabi-gcc/9-2019-q4-major/gcc/bin/../lib/gcc/arm-none-eabi/9.2.1/../../../../arm-none-eabi/lib/thumb/v6-m/nofp/libg_nano.a(lib_a-nano-vfprintf.o)
                0x0000000008007448                _vfiprintf_r
                0x0000000008007448                _vfprintf_r
 .text._printf_common
                0x00000000080076bc       0xde /usr/local/Cellar/arm-none-eabi-gcc/9-2019-q4-major/gcc/bin/../lib/gcc/arm-none-eabi/9.2.1/../../../../arm-none-eabi/lib/thumb/v6-m/nofp/libg_nano.a(lib_a-nano-vfprintf_i.o)
                0x00000000080076bc                _printf_common
 *fill*         0x000000000800779a        0x2 
 .text._printf_i
                0x000000000800779c      0x224 /usr/local/Cellar/arm-none-eabi-gcc/9-2019-q4-major/gcc/bin/../lib/gcc/arm-none-eabi/9.2.1/../../../../arm-none-eabi/lib/thumb/v6-m/nofp/libg_nano.a(lib_a-nano-vfprintf_i.o)
                0x000000000800779c                _printf_i
 .text._sbrk_r  0x00000000080079c0       0x24 /usr/local/Cellar/arm-none-eabi-gcc/9-2019-q4-major/gcc/bin/../lib/gcc/arm-none-eabi/9.2.1/../../../../arm-none-eabi/lib/thumb/v6-m/nofp/libg_nano.a(lib_a-sbrkr.o)
                0x00000000080079c0                _sbrk_r
 .text.__sread  0x00000000080079e4       0x28 /usr/local/Cellar/arm-none-eabi-gcc/9-2019-q4-major/gcc/bin/../lib/gcc/arm-none-eabi/9.2.1/../../../../arm-none-eabi/lib/thumb/v6-m/nofp/libg_nano.a(lib_a-stdio.o)
                0x00000000080079e4                __sread
 .text.__swrite
                0x0000000008007a0c       0x38 /usr/local/Cellar/arm-none-eabi-gcc/9-2019-q4-major/gcc/bin/../lib/gcc/arm-none-eabi/9.2.1/../../../../arm-none-eabi/lib/thumb/v6-m/nofp/libg_nano.a(lib_a-stdio.o)
                0x0000000008007a0c                __swrite
 .text.__sseek  0x0000000008007a44       0x2c /usr/local/Cellar/arm-none-eabi-gcc/9-2019-q4-major/gcc/bin/../lib/gcc/arm-none-eabi/9.2.1/../../../../arm-none-eabi/lib/thumb/v6-m/nofp/libg_nano.a(lib_a-stdio.o)
                0x0000000008007a44                __sseek
 .text.__sclose
                0x0000000008007a70        0xc /usr/local/Cellar/arm-none-eabi-gcc/9-2019-q4-major/gcc/bin/../lib/gcc/arm-none-eabi/9.2.1/../../../../arm-none-eabi/lib/thumb/v6-m/nofp/libg_nano.a(lib_a-stdio.o)
                0x0000000008007a70                __sclose
 .text.__swbuf_r
                0x0000000008007a7c       0xac /usr/local/Cellar/arm-none-eabi-gcc/9-2019-q4-major/gcc/bin/../lib/gcc/arm-none-eabi/9.2.1/../../../../arm-none-eabi/lib/thumb/v6-m/nofp/libg_nano.a(lib_a-wbuf.o)
                0x0000000008007a7c                __swbuf_r
 .text._write_r
                0x0000000008007b28       0x28 /usr/local/Cellar/arm-none-eabi-gcc/9-2019-q4-major/gcc/bin/../lib/gcc/arm-none-eabi/9.2.1/../../../../arm-none-eabi/lib/thumb/v6-m/nofp/libg_nano.a(lib_a-writer.o)
                0x0000000008007b28                _write_r
 .text.__swsetup_r
                0x0000000008007b50       0xf0 /usr/local/Cellar/arm-none-eabi-gcc/9-2019-q4-major/gcc/bin/../lib/gcc/arm-none-eabi/9.2.1/../../../../arm-none-eabi/lib/thumb/v6-m/nofp/libg_nano.a(lib_a-wsetup.o)
                0x0000000008007b50                __swsetup_r
 .text._close_r
                0x0000000008007c40       0x24 /usr/local/Cellar/arm-none-eabi-gcc/9-2019-q4-major/gcc/bin/../lib/gcc/arm-none-eabi/9.2.1/../../../../arm-none-eabi/lib/thumb/v6-m/nofp/libg_nano.a(lib_a-closer.o)
                0x0000000008007c40                _close_r
 .text.__sflush_r
                0x0000000008007c64      0x118 /usr/local/Cellar/arm-none-eabi-gcc/9-2019-q4-major/gcc/bin/../lib/gcc/arm-none-eabi/9.2.1/../../../../arm-none-eabi/lib/thumb/v6-m/nofp/libg_nano.a(lib_a-fflush.o)
                0x0000000008007c64                __sflush_r
 .text._fflush_r
                0x0000000008007d7c       0x80 /usr/local/Cellar/arm-none-eabi-gcc/9-2019-q4-major/gcc/bin/../lib/gcc/arm-none-eabi/9.2.1/../../../../arm-none-eabi/lib/thumb/v6-m/nofp/libg_nano.a(lib_a-fflush.o)
                0x0000000008007d7c                _fflush_r
 .text._lseek_r
                0x0000000008007dfc       0x28 /usr/local/Cellar/arm-none-eabi-gcc/9-2019-q4-major/gcc/bin/../lib/gcc/arm-none-eabi/9.2.1/../../../../arm-none-eabi/lib/thumb/v6-m/nofp/libg_nano.a(lib_a-lseekr.o)
                0x0000000008007dfc                _lseek_r
 .text.__swhatbuf_r
                0x0000000008007e24       0x50 /usr/local/Cellar/arm-none-eabi-gcc/9-2019-q4-major/gcc/bin/../lib/gcc/arm-none-eabi/9.2.1/../../../../arm-none-eabi/lib/thumb/v6-m/nofp/libg_nano.a(lib_a-makebuf.o)
                0x0000000008007e24                __swhatbuf_r
 .text.__smakebuf_r
                0x0000000008007e74       0x88 /usr/local/Cellar/arm-none-eabi-gcc/9-2019-q4-major/gcc/bin/../lib/gcc/arm-none-eabi/9.2.1/../../../../arm-none-eabi/lib/thumb/v6-m/nofp/libg_nano.a(lib_a-makebuf.o)
                0x0000000008007e74                __smakebuf_r
 .text.memchr   0x0000000008007efc       0x16 /usr/local/Cellar/arm-none-eabi-gcc/9-2019-q4-major/gcc/bin/../lib/gcc/arm-none-eabi/9.2.1/../../../../arm-none-eabi/lib/thumb/v6-m/nofp/libg_nano.a(lib_a-memchr-stub.o)
                0x0000000008007efc                memchr
 *fill*         0x0000000008007f12        0x2 
 .text.__malloc_lock
                0x0000000008007f14       0x10 /usr/local/Cellar/arm-none-eabi-gcc/9-2019-q4-major/gcc/bin/../lib/gcc/arm-none-eabi/9.2.1/../../../../arm-none-eabi/lib/thumb/v6-m/nofp/libg_nano.a(lib_a-mlock.o)
                0x0000000008007f14                __malloc_lock
 .text.__malloc_unlock
                0x0000000008007f24       0x10 /usr/local/Cellar/arm-none-eabi-gcc/9-2019-q4-major/gcc/bin/../lib/gcc/arm-none-eabi/9.2.1/../../../../arm-none-eabi/lib/thumb/v6-m/nofp/libg_nano.a(lib_a-mlock.o)
                0x0000000008007f24                __malloc_unlock
 .text._free_r  0x0000000008007f34       0x94 /usr/local/Cellar/arm-none-eabi-gcc/9-2019-q4-major/gcc/bin/../lib/gcc/arm-none-eabi/9.2.1/../../../../arm-none-eabi/lib/thumb/v6-m/nofp/libg_nano.a(lib_a-nano-freer.o)
                0x0000000008007f34                _free_r
 .text._read_r  0x0000000008007fc8       0x28 /usr/local/Cellar/arm-none-eabi-gcc/9-2019-q4-major/gcc/bin/../lib/gcc/arm-none-eabi/9.2.1/../../../../arm-none-eabi/lib/thumb/v6-m/nofp/libg_nano.a(lib_a-readr.o)
                0x0000000008007fc8                _read_r
 .text._fstat_r
                0x0000000008007ff0       0x24 /usr/local/Cellar/arm-none-eabi-gcc/9-2019-q4-major/gcc/bin/../lib/gcc/arm-none-eabi/9.2.1/../../../../arm-none-eabi/lib/thumb/v6-m/nofp/libg_nano.a(lib_a-fstatr.o)
                0x0000000008007ff0                _fstat_r
 .text._isatty_r
                0x0000000008008014       0x24 /usr/local/Cellar/arm-none-eabi-gcc/9-2019-q4-major/gcc/bin/../lib/gcc/arm-none-eabi/9.2.1/../../../../arm-none-eabi/lib/thumb/v6-m/nofp/libg_nano.a(lib_a-isattyr.o)
                0x0000000008008014                _isatty_r
 .text          0x0000000008008038       0x14 /usr/local/Cellar/arm-none-eabi-gcc/9-2019-q4-major/gcc/bin/../lib/gcc/arm-none-eabi/9.2.1/thumb/v6-m/nofp/libgcc.a(_thumb1_case_shi.o)
                0x0000000008008038                __gnu_thumb1_case_shi
 .text._close   0x000000000800804c       0x10 /usr/local/Cellar/arm-none-eabi-gcc/9-2019-q4-major/gcc/bin/../lib/gcc/arm-none-eabi/9.2.1/../../../../arm-none-eabi/lib/thumb/v6-m/nofp/libnosys.a(close.o)
                0x000000000800804c                _close
 .text._fstat   0x000000000800805c       0x10 /usr/local/Cellar/arm-none-eabi-gcc/9-2019-q4-major/gcc/bin/../lib/gcc/arm-none-eabi/9.2.1/../../../../arm-none-eabi/lib/thumb/v6-m/nofp/libnosys.a(fstat.o)
                0x000000000800805c                _fstat
 .text._isatty  0x000000000800806c       0x10 /usr/local/Cellar/arm-none-eabi-gcc/9-2019-q4-major/gcc/bin/../lib/gcc/arm-none-eabi/9.2.1/../../../../arm-none-eabi/lib/thumb/v6-m/nofp/libnosys.a(isatty.o)
                0x000000000800806c                _isatty
 .text._lseek   0x000000000800807c       0x10 /usr/local/Cellar/arm-none-eabi-gcc/9-2019-q4-major/gcc/bin/../lib/gcc/arm-none-eabi/9.2.1/../../../../arm-none-eabi/lib/thumb/v6-m/nofp/libnosys.a(lseek.o)
                0x000000000800807c                _lseek
 .text._sbrk    0x000000000800808c       0x1c /usr/local/Cellar/arm-none-eabi-gcc/9-2019-q4-major/gcc/bin/../lib/gcc/arm-none-eabi/9.2.1/../../../../arm-none-eabi/lib/thumb/v6-m/nofp/libnosys.a(sbrk.o)
                0x000000000800808c                _sbrk
 *(.init)
 .init          0x00000000080080a8        0x4 /usr/local/Cellar/arm-none-eabi-gcc/9-2019-q4-major/gcc/bin/../lib/gcc/arm-none-eabi/9.2.1/thumb/v6-m/nofp/crti.o
                0x00000000080080a8                _init
 .init          0x00000000080080ac        0x8 /usr/local/Cellar/arm-none-eabi-gcc/9-2019-q4-major/gcc/bin/../lib/gcc/arm-none-eabi/9.2.1/thumb/v6-m/nofp/crtn.o
 *(.fini)
 .fini          0x00000000080080b4        0x4 /usr/local/Cellar/arm-none-eabi-gcc/9-2019-q4-major/gcc/bin/../lib/gcc/arm-none-eabi/9.2.1/thumb/v6-m/nofp/crti.o
                0x00000000080080b4                _fini
 .fini          0x00000000080080b8        0x8 /usr/local/Cellar/arm-none-eabi-gcc/9-2019-q4-major/gcc/bin/../lib/gcc/arm-none-eabi/9.2.1/thumb/v6-m/nofp/crtn.o
 *crtbegin.o(.ctors)
 *crtbegin?.o(.ctors)
 *(EXCLUDE_FILE(*crtend.o *crtend?.o) .ctors)
 *(SORT_BY_NAME(.ctors.*))
 *(.ctors)
 *crtbegin.o(.dtors)
 *crtbegin?.o(.dtors)
 *(EXCLUDE_FILE(*crtend.o *crtend?.o) .dtors)
 *(SORT_BY_NAME(.dtors.*))
 *(.dtors)
 *(.rodata*)
 .rodata.main.str1.4
                0x00000000080080c0       0x2c CMakeFiles/ping-pong.dir/GC7818-F072/main.c.obj
 .rodata.PingMsg
                0x00000000080080ec       0x41 CMakeFiles/ping-pong.dir/GC7818-F072/main.c.obj
                0x00000000080080ec                PingMsg
 *fill*         0x000000000800812d        0x3 
 .rodata.PongMsg
                0x0000000008008130       0x41 CMakeFiles/ping-pong.dir/GC7818-F072/main.c.obj
                0x0000000008008130                PongMsg
 *fill*         0x0000000008008171        0x3 
 .rodata.SX1276SetRx
                0x0000000008008174       0x24 ../../radio/CMakeFiles/radio.dir/sx1276/sx1276.c.obj
 .rodata.FskBandwidths
                0x0000000008008198       0xb0 ../../radio/CMakeFiles/radio.dir/sx1276/sx1276.c.obj
                0x0000000008008198                FskBandwidths
 .rodata.RadioRegsInit
                0x0000000008008248       0x30 ../../radio/CMakeFiles/radio.dir/sx1276/sx1276.c.obj
                0x0000000008008248                RadioRegsInit
 .rodata.BoardInitMcu.str1.4
                0x0000000008008278        0x6 ../../boards/GC7818-F072/CMakeFiles/GC7818-F072.dir/board.c.obj
 *fill*         0x000000000800827e        0x2 
 .rodata.DaysInMonth
                0x0000000008008280        0xc ../../boards/GC7818-F072/CMakeFiles/GC7818-F072.dir/rtc-board.c.obj
 .rodata.DaysInMonthLeapYear
                0x000000000800828c        0xc ../../boards/GC7818-F072/CMakeFiles/GC7818-F072.dir/rtc-board.c.obj
 .rodata.AHBPrescTable
                0x0000000008008298       0x10 ../../boards/GC7818-F072/CMakeFiles/GC7818-F072.dir/cmsis/system_stm32f0xx.c.obj
                0x0000000008008298                AHBPrescTable
 .rodata.APBPrescTable
                0x00000000080082a8        0x8 ../../boards/GC7818-F072/CMakeFiles/GC7818-F072.dir/cmsis/system_stm32f0xx.c.obj
                0x00000000080082a8                APBPrescTable
 .rodata.HAL_RCC_GetSysClockFreq.str1.4
                0x00000000080082b0       0x25 ../../boards/GC7818-F072/CMakeFiles/GC7818-F072.dir/__/mcu/stm32/STM32F0xx_HAL_Driver/Src/stm32f0xx_hal_rcc.c.obj
 *fill*         0x00000000080082d5        0x3 
 .rodata.Radio  0x00000000080082d8       0x6c ../../boards/GC7818-F072/CMakeFiles/GC7818-F072.dir/sx1276mb1las-board.c.obj
                0x00000000080082d8                Radio
 .rodata        0x0000000008008344       0x40 /usr/local/Cellar/arm-none-eabi-gcc/9-2019-q4-major/gcc/bin/../lib/gcc/arm-none-eabi/9.2.1/thumb/v6-m/nofp/libgcc.a(divdf3.o)
 .rodata        0x0000000008008384       0x40 /usr/local/Cellar/arm-none-eabi-gcc/9-2019-q4-major/gcc/bin/../lib/gcc/arm-none-eabi/9.2.1/thumb/v6-m/nofp/libgcc.a(muldf3.o)
 .rodata._global_impure_ptr
                0x00000000080083c4        0x4 /usr/local/Cellar/arm-none-eabi-gcc/9-2019-q4-major/gcc/bin/../lib/gcc/arm-none-eabi/9.2.1/../../../../arm-none-eabi/lib/thumb/v6-m/nofp/libg_nano.a(lib_a-impure.o)
                0x00000000080083c4                _global_impure_ptr
 .rodata.__sf_fake_stderr
                0x00000000080083c8       0x20 /usr/local/Cellar/arm-none-eabi-gcc/9-2019-q4-major/gcc/bin/../lib/gcc/arm-none-eabi/9.2.1/../../../../arm-none-eabi/lib/thumb/v6-m/nofp/libg_nano.a(lib_a-findfp.o)
                0x00000000080083c8                __sf_fake_stderr
 .rodata.__sf_fake_stdin
                0x00000000080083e8       0x20 /usr/local/Cellar/arm-none-eabi-gcc/9-2019-q4-major/gcc/bin/../lib/gcc/arm-none-eabi/9.2.1/../../../../arm-none-eabi/lib/thumb/v6-m/nofp/libg_nano.a(lib_a-findfp.o)
                0x00000000080083e8                __sf_fake_stdin
 .rodata.__sf_fake_stdout
                0x0000000008008408       0x20 /usr/local/Cellar/arm-none-eabi-gcc/9-2019-q4-major/gcc/bin/../lib/gcc/arm-none-eabi/9.2.1/../../../../arm-none-eabi/lib/thumb/v6-m/nofp/libg_nano.a(lib_a-findfp.o)
                0x0000000008008408                __sf_fake_stdout
 .rodata._vfprintf_r.str1.1
                0x0000000008008428       0x11 /usr/local/Cellar/arm-none-eabi-gcc/9-2019-q4-major/gcc/bin/../lib/gcc/arm-none-eabi/9.2.1/../../../../arm-none-eabi/lib/thumb/v6-m/nofp/libg_nano.a(lib_a-nano-vfprintf.o)
 .rodata._printf_i.str1.1
                0x0000000008008439       0x22 /usr/local/Cellar/arm-none-eabi-gcc/9-2019-q4-major/gcc/bin/../lib/gcc/arm-none-eabi/9.2.1/../../../../arm-none-eabi/lib/thumb/v6-m/nofp/libg_nano.a(lib_a-nano-vfprintf_i.o)
 *(.eh_frame*)
 *fill*         0x000000000800845b        0x1 
 .eh_frame      0x000000000800845c        0x0 /usr/local/Cellar/arm-none-eabi-gcc/9-2019-q4-major/gcc/bin/../lib/gcc/arm-none-eabi/9.2.1/thumb/v6-m/nofp/crtbegin.o
 .eh_frame      0x000000000800845c        0x4 /usr/local/Cellar/arm-none-eabi-gcc/9-2019-q4-major/gcc/bin/../lib/gcc/arm-none-eabi/9.2.1/thumb/v6-m/nofp/crtend.o

.glue_7         0x0000000008008460        0x0
 .glue_7        0x0000000008008460        0x0 linker stubs

.glue_7t        0x0000000008008460        0x0
 .glue_7t       0x0000000008008460        0x0 linker stubs

.vfp11_veneer   0x0000000008008460        0x0
 .vfp11_veneer  0x0000000008008460        0x0 linker stubs

.v4_bx          0x0000000008008460        0x0
 .v4_bx         0x0000000008008460        0x0 linker stubs

.iplt           0x0000000008008460        0x0
 .iplt          0x0000000008008460        0x0 /usr/local/Cellar/arm-none-eabi-gcc/9-2019-q4-major/gcc/bin/../lib/gcc/arm-none-eabi/9.2.1/thumb/v6-m/nofp/crtbegin.o

.ARM.extab
 *(.ARM.extab* .gnu.linkonce.armextab.*)
                0x0000000008008460                __exidx_start = .

.ARM.exidx      0x0000000008008460        0x8
 *(.ARM.exidx* .gnu.linkonce.armexidx.*)
 .ARM.exidx     0x0000000008008460        0x8 /usr/local/Cellar/arm-none-eabi-gcc/9-2019-q4-major/gcc/bin/../lib/gcc/arm-none-eabi/9.2.1/thumb/v6-m/nofp/libgcc.a(_udivmoddi4.o)
                0x0000000008008468                __exidx_end = .
                0x0000000008008468                __etext = .
                0x0000000008008468                _sidata = .

.rel.dyn        0x0000000008008468        0x0
 .rel.iplt      0x0000000008008468        0x0 /usr/local/Cellar/arm-none-eabi-gcc/9-2019-q4-major/gcc/bin/../lib/gcc/arm-none-eabi/9.2.1/thumb/v6-m/nofp/crtbegin.o

.data           0x0000000020000000       0x98 load address 0x0000000008008468
                0x0000000020000000                __data_start__ = .
                0x0000000020000000                _sdata = .
 *(vtable)
 *(.data*)
 .data.BufferSize
                0x0000000020000000        0x2 CMakeFiles/ping-pong.dir/GC7818-F072/main.c.obj
                0x0000000020000000                BufferSize
 *fill*         0x0000000020000002        0x2 
 .data.DioIrq   0x0000000020000004       0x18 ../../radio/CMakeFiles/radio.dir/sx1276/sx1276.c.obj
                0x0000000020000004                DioIrq
 .data.next     0x000000002000001c        0x4 ../../boards/GC7818-F072/CMakeFiles/GC7818-F072.dir/__/mcu/utilities.c.obj
 .data.SystemCoreClock
                0x0000000020000020        0x4 ../../boards/GC7818-F072/CMakeFiles/GC7818-F072.dir/cmsis/system_stm32f0xx.c.obj
                0x0000000020000020                SystemCoreClock
 .data.uwTickFreq
                0x0000000020000024        0x1 ../../boards/GC7818-F072/CMakeFiles/GC7818-F072.dir/__/mcu/stm32/STM32F0xx_HAL_Driver/Src/stm32f0xx_hal.c.obj
                0x0000000020000024                uwTickFreq
 *fill*         0x0000000020000025        0x3 
 .data.uwTickPrio
                0x0000000020000028        0x4 ../../boards/GC7818-F072/CMakeFiles/GC7818-F072.dir/__/mcu/stm32/STM32F0xx_HAL_Driver/Src/stm32f0xx_hal.c.obj
                0x0000000020000028                uwTickPrio
 .data._impure_ptr
                0x000000002000002c        0x4 /usr/local/Cellar/arm-none-eabi-gcc/9-2019-q4-major/gcc/bin/../lib/gcc/arm-none-eabi/9.2.1/../../../../arm-none-eabi/lib/thumb/v6-m/nofp/libg_nano.a(lib_a-impure.o)
                0x000000002000002c                _impure_ptr
 .data.impure_data
                0x0000000020000030       0x60 /usr/local/Cellar/arm-none-eabi-gcc/9-2019-q4-major/gcc/bin/../lib/gcc/arm-none-eabi/9.2.1/../../../../arm-none-eabi/lib/thumb/v6-m/nofp/libg_nano.a(lib_a-impure.o)
                0x0000000020000090                . = ALIGN (0x4)
                0x0000000020000090                PROVIDE (__preinit_array_start = .)
 *(.preinit_array)
                0x0000000020000090                PROVIDE (__preinit_array_end = .)
                0x0000000020000090                . = ALIGN (0x4)
                0x0000000020000090                PROVIDE (__init_array_start = .)
 *(SORT_BY_NAME(.init_array.*))
 *(.init_array)
 .init_array    0x0000000020000090        0x4 /usr/local/Cellar/arm-none-eabi-gcc/9-2019-q4-major/gcc/bin/../lib/gcc/arm-none-eabi/9.2.1/thumb/v6-m/nofp/crtbegin.o
                0x0000000020000094                PROVIDE (__init_array_end = .)
                0x0000000020000094                . = ALIGN (0x4)
                [!provide]                        PROVIDE (__fini_array_start = .)
 *(SORT_BY_NAME(.fini_array.*))
 *(.fini_array)
 .fini_array    0x0000000020000094        0x4 /usr/local/Cellar/arm-none-eabi-gcc/9-2019-q4-major/gcc/bin/../lib/gcc/arm-none-eabi/9.2.1/thumb/v6-m/nofp/crtbegin.o
                [!provide]                        PROVIDE (__fini_array_end = .)
 *(.jcr*)
                0x0000000020000098                . = ALIGN (0x4)
                0x0000000020000098                __data_end__ = .
                0x0000000020000098                _edata = .

.igot.plt       0x0000000020000098        0x0 load address 0x0000000008008500
 .igot.plt      0x0000000020000098        0x0 /usr/local/Cellar/arm-none-eabi-gcc/9-2019-q4-major/gcc/bin/../lib/gcc/arm-none-eabi/9.2.1/thumb/v6-m/nofp/crtbegin.o

.bss            0x0000000020000098      0xe20 load address 0x0000000008008500
                0x0000000020000098                . = ALIGN (0x4)
                0x0000000020000098                __bss_start__ = .
                0x0000000020000098                _sbss = .
 *(.bss*)
 .bss           0x0000000020000098       0x1c /usr/local/Cellar/arm-none-eabi-gcc/9-2019-q4-major/gcc/bin/../lib/gcc/arm-none-eabi/9.2.1/thumb/v6-m/nofp/crtbegin.o
 .bss.RadioEvents
                0x00000000200000b4       0x24 CMakeFiles/ping-pong.dir/GC7818-F072/main.c.obj
 .bss.RssiValue
                0x00000000200000d8        0x1 CMakeFiles/ping-pong.dir/GC7818-F072/main.c.obj
                0x00000000200000d8                RssiValue
 .bss.SnrValue  0x00000000200000d9        0x1 CMakeFiles/ping-pong.dir/GC7818-F072/main.c.obj
                0x00000000200000d9                SnrValue
 .bss.State     0x00000000200000da        0x1 CMakeFiles/ping-pong.dir/GC7818-F072/main.c.obj
                0x00000000200000da                State
 *fill*         0x00000000200000db        0x1 
 .bss.TimerListHead
                0x00000000200000dc        0x4 ../../system/CMakeFiles/system.dir/timer.c.obj
 .bss.RadioEvents
                0x00000000200000e0        0x4 ../../radio/CMakeFiles/radio.dir/sx1276/sx1276.c.obj
 .bss.RxTxBuffer
                0x00000000200000e4      0x100 ../../radio/CMakeFiles/radio.dir/sx1276/sx1276.c.obj
 .bss.CalibrateSystemWakeupTimeTimer
                0x00000000200001e4       0x18 ../../boards/GC7818-F072/CMakeFiles/GC7818-F072.dir/board.c.obj
 .bss.McuInitialized
                0x00000000200001fc        0x1 ../../boards/GC7818-F072/CMakeFiles/GC7818-F072.dir/board.c.obj
 .bss.SystemWakeupTimeCalibrated
                0x00000000200001fd        0x1 ../../boards/GC7818-F072/CMakeFiles/GC7818-F072.dir/board.c.obj
 .bss.UsbIsConnected
                0x00000000200001fe        0x1 ../../boards/GC7818-F072/CMakeFiles/GC7818-F072.dir/board.c.obj
 *fill*         0x00000000200001ff        0x1 
 .bss.GpioIrq   0x0000000020000200       0x40 ../../boards/GC7818-F072/CMakeFiles/GC7818-F072.dir/gpio-board.c.obj
 .bss.OffModeDisable
                0x0000000020000240        0x4 ../../boards/GC7818-F072/CMakeFiles/GC7818-F072.dir/lpm-board.c.obj
 .bss.StopModeDisable
                0x0000000020000244        0x4 ../../boards/GC7818-F072/CMakeFiles/GC7818-F072.dir/lpm-board.c.obj
 .bss.McuWakeUpTimeCal
                0x0000000020000248        0x2 ../../boards/GC7818-F072/CMakeFiles/GC7818-F072.dir/rtc-board.c.obj
 .bss.McuWakeUpTimeInitialized
                0x000000002000024a        0x1 ../../boards/GC7818-F072/CMakeFiles/GC7818-F072.dir/rtc-board.c.obj
 *fill*         0x000000002000024b        0x1 
 .bss.RtcAlarm  0x000000002000024c       0x28 ../../boards/GC7818-F072/CMakeFiles/GC7818-F072.dir/rtc-board.c.obj
 .bss.RtcHandle
                0x0000000020000274       0x20 ../../boards/GC7818-F072/CMakeFiles/GC7818-F072.dir/rtc-board.c.obj
 .bss.RtcInitialized
                0x0000000020000294        0x1 ../../boards/GC7818-F072/CMakeFiles/GC7818-F072.dir/rtc-board.c.obj
 *fill*         0x0000000020000295        0x3 
 .bss.RtcTimerContext
                0x0000000020000298       0x1c ../../boards/GC7818-F072/CMakeFiles/GC7818-F072.dir/rtc-board.c.obj
 .bss.SpiHandle
                0x00000000200002b4       0xc8 ../../boards/GC7818-F072/CMakeFiles/GC7818-F072.dir/spi-board.c.obj
 .bss.RxData    0x000000002000037c        0x1 ../../boards/GC7818-F072/CMakeFiles/GC7818-F072.dir/uart-board.c.obj
                0x000000002000037c                RxData
 .bss.TxData    0x000000002000037d        0x1 ../../boards/GC7818-F072/CMakeFiles/GC7818-F072.dir/uart-board.c.obj
                0x000000002000037d                TxData
 *fill*         0x000000002000037e        0x2 
 .bss.UartHandle
                0x0000000020000380       0x80 ../../boards/GC7818-F072/CMakeFiles/GC7818-F072.dir/uart-board.c.obj
 .bss.RadioIsActive
                0x0000000020000400        0x1 ../../boards/GC7818-F072/CMakeFiles/GC7818-F072.dir/sx1276mb1las-board.c.obj
 *fill*         0x0000000020000401        0x3 
 .bss.__malloc_free_list
                0x0000000020000404        0x4 /usr/local/Cellar/arm-none-eabi-gcc/9-2019-q4-major/gcc/bin/../lib/gcc/arm-none-eabi/9.2.1/../../../../arm-none-eabi/lib/thumb/v6-m/nofp/libg_nano.a(lib_a-nano-mallocr.o)
                0x0000000020000404                __malloc_free_list
 .bss.__malloc_sbrk_start
                0x0000000020000408        0x4 /usr/local/Cellar/arm-none-eabi-gcc/9-2019-q4-major/gcc/bin/../lib/gcc/arm-none-eabi/9.2.1/../../../../arm-none-eabi/lib/thumb/v6-m/nofp/libg_nano.a(lib_a-nano-mallocr.o)
                0x0000000020000408                __malloc_sbrk_start
 .bss.heap_end.4144
                0x000000002000040c        0x4 /usr/local/Cellar/arm-none-eabi-gcc/9-2019-q4-major/gcc/bin/../lib/gcc/arm-none-eabi/9.2.1/../../../../arm-none-eabi/lib/thumb/v6-m/nofp/libnosys.a(sbrk.o)
 *(COMMON)
 COMMON         0x0000000020000410       0x48 CMakeFiles/ping-pong.dir/GC7818-F072/main.c.obj
                0x0000000020000410                t
                0x0000000020000418                Buffer
 COMMON         0x0000000020000458      0x18c ../../radio/CMakeFiles/radio.dir/sx1276/sx1276.c.obj
                0x0000000020000458                TxTimeoutTimer
                0x0000000020000470                RxTimeoutSyncWord
                0x0000000020000488                SX1276
                0x00000000200005cc                RxTimeoutTimer
 COMMON         0x00000000200005e4      0x8ac ../../boards/GC7818-F072/CMakeFiles/GC7818-F072.dir/board.c.obj
                0x00000000200005e4                Led2
                0x00000000200005f8                LedOnBoard
                0x000000002000060c                Uart1TxBuffer
                0x0000000020000a0c                Uart1
                0x0000000020000a54                Uart1RxBuffer
                0x0000000020000e54                LedRed
                0x0000000020000e68                Led1
                0x0000000020000e7c                LedGreen
 COMMON         0x0000000020000e90        0x4 ../../boards/GC7818-F072/CMakeFiles/GC7818-F072.dir/__/mcu/stm32/STM32F0xx_HAL_Driver/Src/stm32f0xx_hal.c.obj
                0x0000000020000e90                uwTick
 COMMON         0x0000000020000e94       0x14 ../../boards/GC7818-F072/CMakeFiles/GC7818-F072.dir/sx1276mb1las-board.c.obj
                0x0000000020000e94                AntSwitch
 COMMON         0x0000000020000ea8        0x9 /usr/local/Cellar/arm-none-eabi-gcc/9-2019-q4-major/gcc/bin/../lib/gcc/arm-none-eabi/9.2.1/../../../../arm-none-eabi/lib/thumb/v6-m/nofp/libg_nano.a(lib_a-lock.o)
                0x0000000020000ea8                __lock___atexit_recursive_mutex
                0x0000000020000ea9                __lock___arc4random_mutex
                0x0000000020000eaa                __lock___env_recursive_mutex
                0x0000000020000eab                __lock___sinit_recursive_mutex
                0x0000000020000eac                __lock___malloc_recursive_mutex
                0x0000000020000ead                __lock___at_quick_exit_mutex
                0x0000000020000eae                __lock___dd_hash_mutex
                0x0000000020000eaf                __lock___tz_mutex
                0x0000000020000eb0                __lock___sfp_recursive_mutex
 *fill*         0x0000000020000eb1        0x3 
 COMMON         0x0000000020000eb4        0x4 /usr/local/Cellar/arm-none-eabi-gcc/9-2019-q4-major/gcc/bin/../lib/gcc/arm-none-eabi/9.2.1/../../../../arm-none-eabi/lib/thumb/v6-m/nofp/libg_nano.a(lib_a-reent.o)
                0x0000000020000eb4                errno
                0x0000000020000eb8                . = ALIGN (0x4)
                0x0000000020000eb8                __bss_end__ = .
                0x0000000020000eb8                _ebss = .

.heap           0x0000000020000eb8        0x0
                0x0000000020000eb8                __end__ = .
                0x0000000020000eb8                end = __end__
 *(.heap*)
                0x0000000020000eb8                __HeapLimit = .

.stack_dummy    0x0000000020000eb8        0x0
 *(.stack*)
                0x0000000020004000                __StackTop = (ORIGIN (RAM) + LENGTH (RAM))
                0x0000000020004000                _estack = __StackTop
                0x0000000020004000                __StackLimit = (__StackTop - SIZEOF (.stack_dummy))
                0x0000000020004000                PROVIDE (__stack = __StackTop)
                0x0000000000000001                ASSERT ((__StackLimit >= __HeapLimit), region RAM overflowed with stack)
OUTPUT(ping-pong elf32-littlearm)

.ARM.attributes
                0x0000000000000000       0x2a
 .ARM.attributes
                0x0000000000000000       0x1e /usr/local/Cellar/arm-none-eabi-gcc/9-2019-q4-major/gcc/bin/../lib/gcc/arm-none-eabi/9.2.1/thumb/v6-m/nofp/crti.o
 .ARM.attributes
                0x000000000000001e       0x2c /usr/local/Cellar/arm-none-eabi-gcc/9-2019-q4-major/gcc/bin/../lib/gcc/arm-none-eabi/9.2.1/thumb/v6-m/nofp/crtbegin.o
 .ARM.attributes
                0x000000000000004a       0x28 CMakeFiles/ping-pong.dir/GC7818-F072/main.c.obj
 .ARM.attributes