Archive member included to satisfy reference by file (symbol)

/usr/local/Cellar/arm-none-eabi-gcc/9-2019-q4-major/gcc/bin/../lib/gcc/arm-none-eabi/9.2.1/../../../../arm-none-eabi/lib/thumb/v6-m/nofp/libm.a(lib_a-s_floor.o)
                              ../../boards/GC7818-F072/CMakeFiles/GC7818-F072.dir/rtc-board.c.obj (floor)
/usr/local/Cellar/arm-none-eabi-gcc/9-2019-q4-major/gcc/bin/../lib/gcc/arm-none-eabi/9.2.1/thumb/v6-m/nofp/libgcc.a(_thumb1_case_sqi.o)
                              ../../boards/GC7818-F072/CMakeFiles/GC7818-F072.dir/__/mcu/stm32/STM32F0xx_HAL_Driver/Src/stm32f0xx_hal_uart.c.obj (__gnu_thumb1_case_sqi)
/usr/local/Cellar/arm-none-eabi-gcc/9-2019-q4-major/gcc/bin/../lib/gcc/arm-none-eabi/9.2.1/thumb/v6-m/nofp/libgcc.a(_thumb1_case_uqi.o)
                              ../../radio/CMakeFiles/radio.dir/sx1276/sx1276.c.obj (__gnu_thumb1_case_uqi)
/usr/local/Cellar/arm-none-eabi-gcc/9-2019-q4-major/gcc/bin/../lib/gcc/arm-none-eabi/9.2.1/thumb/v6-m/nofp/libgcc.a(_udivsi3.o)
                              ../../system/CMakeFiles/system.dir/systime.c.obj (__aeabi_uidiv)
/usr/local/Cellar/arm-none-eabi-gcc/9-2019-q4-major/gcc/bin/../lib/gcc/arm-none-eabi/9.2.1/thumb/v6-m/nofp/libgcc.a(_divsi3.o)
                              ../../radio/CMakeFiles/radio.dir/sx1276/sx1276.c.obj (__aeabi_idiv)
/usr/local/Cellar/arm-none-eabi-gcc/9-2019-q4-major/gcc/bin/../lib/gcc/arm-none-eabi/9.2.1/thumb/v6-m/nofp/libgcc.a(_dvmd_tls.o)
                              /usr/local/Cellar/arm-none-eabi-gcc/9-2019-q4-major/gcc/bin/../lib/gcc/arm-none-eabi/9.2.1/thumb/v6-m/nofp/libgcc.a(_udivsi3.o) (__aeabi_idiv0)
/usr/local/Cellar/arm-none-eabi-gcc/9-2019-q4-major/gcc/bin/../lib/gcc/arm-none-eabi/9.2.1/thumb/v6-m/nofp/libgcc.a(_lshrdi3.o)
                              ../../boards/GC7818-F072/CMakeFiles/GC7818-F072.dir/__/mcu/stm32/STM32F0xx_HAL_Driver/Src/stm32f0xx_hal_flash.c.obj (__aeabi_llsr)
/usr/local/Cellar/arm-none-eabi-gcc/9-2019-q4-major/gcc/bin/../lib/gcc/arm-none-eabi/9.2.1/thumb/v6-m/nofp/libgcc.a(_arm_cmpdf2.o)
                              ../../system/CMakeFiles/system.dir/gps.c.obj (__aeabi_dcmpeq)
/usr/local/Cellar/arm-none-eabi-gcc/9-2019-q4-major/gcc/bin/../lib/gcc/arm-none-eabi/9.2.1/thumb/v6-m/nofp/libgcc.a(_arm_cmpsf2.o)
                              ../../boards/GC7818-F072/CMakeFiles/GC7818-F072.dir/rtc-board.c.obj (__aeabi_fcmplt)
/usr/local/Cellar/arm-none-eabi-gcc/9-2019-q4-major/gcc/bin/../lib/gcc/arm-none-eabi/9.2.1/thumb/v6-m/nofp/libgcc.a(_aeabi_ldivmod.o)
                              ../../boards/GC7818-F072/CMakeFiles/GC7818-F072.dir/rtc-board.c.obj (__aeabi_ldivmod)
/usr/local/Cellar/arm-none-eabi-gcc/9-2019-q4-major/gcc/bin/../lib/gcc/arm-none-eabi/9.2.1/thumb/v6-m/nofp/libgcc.a(_aeabi_uldivmod.o)
                              ../../boards/GC7818-F072/CMakeFiles/GC7818-F072.dir/rtc-board.c.obj (__aeabi_uldivmod)
/usr/local/Cellar/arm-none-eabi-gcc/9-2019-q4-major/gcc/bin/../lib/gcc/arm-none-eabi/9.2.1/thumb/v6-m/nofp/libgcc.a(_fixunssfsi.o)
                              ../../system/CMakeFiles/system.dir/delay.c.obj (__aeabi_f2uiz)
/usr/local/Cellar/arm-none-eabi-gcc/9-2019-q4-major/gcc/bin/../lib/gcc/arm-none-eabi/9.2.1/thumb/v6-m/nofp/libgcc.a(_fixunsdfsi.o)
                              ../../radio/CMakeFiles/radio.dir/sx1276/sx1276.c.obj (__aeabi_d2uiz)
/usr/local/Cellar/arm-none-eabi-gcc/9-2019-q4-major/gcc/bin/../lib/gcc/arm-none-eabi/9.2.1/thumb/v6-m/nofp/libgcc.a(_udivmoddi4.o)
                              /usr/local/Cellar/arm-none-eabi-gcc/9-2019-q4-major/gcc/bin/../lib/gcc/arm-none-eabi/9.2.1/thumb/v6-m/nofp/libgcc.a(_aeabi_uldivmod.o) (__udivmoddi4)
/usr/local/Cellar/arm-none-eabi-gcc/9-2019-q4-major/gcc/bin/../lib/gcc/arm-none-eabi/9.2.1/thumb/v6-m/nofp/libgcc.a(bpabi.o)
                              /usr/local/Cellar/arm-none-eabi-gcc/9-2019-q4-major/gcc/bin/../lib/gcc/arm-none-eabi/9.2.1/thumb/v6-m/nofp/libgcc.a(_aeabi_ldivmod.o) (__gnu_ldivmod_helper)
/usr/local/Cellar/arm-none-eabi-gcc/9-2019-q4-major/gcc/bin/../lib/gcc/arm-none-eabi/9.2.1/thumb/v6-m/nofp/libgcc.a(addsf3.o)
                              ../../peripherals/CMakeFiles/peripherals.dir/mpl3115.c.obj (__aeabi_fadd)
/usr/local/Cellar/arm-none-eabi-gcc/9-2019-q4-major/gcc/bin/../lib/gcc/arm-none-eabi/9.2.1/thumb/v6-m/nofp/libgcc.a(eqsf2.o)
                              /usr/local/Cellar/arm-none-eabi-gcc/9-2019-q4-major/gcc/bin/../lib/gcc/arm-none-eabi/9.2.1/thumb/v6-m/nofp/libgcc.a(_arm_cmpsf2.o) (__eqsf2)
/usr/local/Cellar/arm-none-eabi-gcc/9-2019-q4-major/gcc/bin/../lib/gcc/arm-none-eabi/9.2.1/thumb/v6-m/nofp/libgcc.a(gesf2.o)
                              /usr/local/Cellar/arm-none-eabi-gcc/9-2019-q4-major/gcc/bin/../lib/gcc/arm-none-eabi/9.2.1/thumb/v6-m/nofp/libgcc.a(_arm_cmpsf2.o) (__gesf2)
/usr/local/Cellar/arm-none-eabi-gcc/9-2019-q4-major/gcc/bin/../lib/gcc/arm-none-eabi/9.2.1/thumb/v6-m/nofp/libgcc.a(lesf2.o)
[...]
Memory Configuration

Name             Origin             Length             Attributes
FLASH            0x0000000008000000 0x0000000000020000 xr
RAM              0x0000000020000000 0x0000000000004000 xrw
*default*        0x0000000000000000 0xffffffffffffffff

Linker script and memory map

LOAD /usr/local/Cellar/arm-none-eabi-gcc/9-2019-q4-major/gcc/bin/../lib/gcc/arm-none-eabi/9.2.1/thumb/v6-m/nofp/crtfastmath.o
LOAD /usr/local/Cellar/arm-none-eabi-gcc/9-2019-q4-major/gcc/bin/../lib/gcc/arm-none-eabi/9.2.1/thumb/v6-m/nofp/crti.o
LOAD /usr/local/Cellar/arm-none-eabi-gcc/9-2019-q4-major/gcc/bin/../lib/gcc/arm-none-eabi/9.2.1/thumb/v6-m/nofp/crtbegin.o
LOAD /usr/local/Cellar/arm-none-eabi-gcc/9-2019-q4-major/gcc/bin/../lib/gcc/arm-none-eabi/9.2.1/../../../../arm-none-eabi/lib/thumb/v6-m/nofp/crt0.o
LOAD CMakeFiles/ping-pong.dir/GC7818-F072/main.c.obj
LOAD ../../system/CMakeFiles/system.dir/adc.c.obj
LOAD ../../system/CMakeFiles/system.dir/delay.c.obj
LOAD ../../system/CMakeFiles/system.dir/eeprom.c.obj
LOAD ../../system/CMakeFiles/system.dir/fifo.c.obj
LOAD ../../system/CMakeFiles/system.dir/gpio.c.obj
LOAD ../../system/CMakeFiles/system.dir/gps.c.obj
LOAD ../../system/CMakeFiles/system.dir/i2c.c.obj
LOAD ../../system/CMakeFiles/system.dir/nvmm.c.obj
LOAD ../../system/CMakeFiles/system.dir/systime.c.obj
LOAD ../../system/CMakeFiles/system.dir/timer.c.obj
LOAD ../../system/CMakeFiles/system.dir/uart.c.obj
LOAD ../../radio/CMakeFiles/radio.dir/sx1276/sx1276.c.obj
LOAD ../../peripherals/CMakeFiles/peripherals.dir/gpio-ioe.c.obj
LOAD ../../peripherals/CMakeFiles/peripherals.dir/mag3110.c.obj
LOAD ../../peripherals/CMakeFiles/peripherals.dir/mma8451.c.obj
LOAD ../../peripherals/CMakeFiles/peripherals.dir/mpl3115.c.obj
LOAD ../../peripherals/CMakeFiles/peripherals.dir/pam7q.c.obj
LOAD ../../peripherals/CMakeFiles/peripherals.dir/soft-se/aes.c.obj
LOAD ../../peripherals/CMakeFiles/peripherals.dir/soft-se/cmac.c.obj
LOAD ../../peripherals/CMakeFiles/peripherals.dir/soft-se/soft-se-hal.c.obj
LOAD ../../peripherals/CMakeFiles/peripherals.dir/soft-se/soft-se.c.obj
LOAD ../../peripherals/CMakeFiles/peripherals.dir/sx1509.c.obj
LOAD ../../peripherals/CMakeFiles/peripherals.dir/sx9500.c.obj
LOAD ../../boards/GC7818-F072/CMakeFiles/GC7818-F072.dir/adc-board.c.obj
LOAD ../../boards/GC7818-F072/CMakeFiles/GC7818-F072.dir/board.c.obj
LOAD ../../boards/GC7818-F072/CMakeFiles/GC7818-F072.dir/delay-board.c.obj
LOAD ../../boards/GC7818-F072/CMakeFiles/GC7818-F072.dir/gpio-board.c.obj
LOAD ../../boards/GC7818-F072/CMakeFiles/GC7818-F072.dir/i2c-board.c.obj
LOAD ../../boards/GC7818-F072/CMakeFiles/GC7818-F072.dir/lpm-board.c.obj
LOAD ../../boards/GC7818-F072/CMakeFiles/GC7818-F072.dir/rtc-board.c.obj
LOAD ../../boards/GC7818-F072/CMakeFiles/GC7818-F072.dir/spi-board.c.obj
LOAD ../../boards/GC7818-F072/CMakeFiles/GC7818-F072.dir/uart-board.c.obj
LOAD ../../boards/GC7818-F072/CMakeFiles/GC7818-F072.dir/__/mcu/stm32/sysIrqHandlers.c.obj
LOAD ../../boards/GC7818-F072/CMakeFiles/GC7818-F072.dir/__/mcu/utilities.c.obj
LOAD ../../boards/GC7818-F072/CMakeFiles/GC7818-F072.dir/cmsis/arm-gcc/startup_stm32f0xx.s.obj
LOAD ../../boards/GC7818-F072/CMakeFiles/GC7818-F072.dir/cmsis/system_stm32f0xx.c.obj
LOAD ../../boards/GC7818-F072/CMakeFiles/GC7818-F072.dir/__/mcu/stm32/STM32F0xx_HAL_Driver/Src/stm32f0xx_hal.c.obj
LOAD ../../boards/GC7818-F072/CMakeFiles/GC7818-F072.dir/__/mcu/stm32/STM32F0xx_HAL_Driver/Src/stm32f0xx_hal_adc.c.obj
LOAD ../../boards/GC7818-F072/CMakeFiles/GC7818-F072.dir/__/mcu/stm32/STM32F0xx_HAL_Driver/Src/stm32f0xx_hal_adc_ex.c.obj
LOAD ../../boards/GC7818-F072/CMakeFiles/GC7818-F072.dir/__/mcu/stm32/STM32F0xx_HAL_Driver/Src/stm32f0xx_hal_cortex.c.obj
LOAD ../../boards/GC7818-F072/CMakeFiles/GC7818-F072.dir/__/mcu/stm32/STM32F0xx_HAL_Driver/Src/stm32f0xx_hal_dma.c.obj
LOAD ../../boards/GC7818-F072/CMakeFiles/GC7818-F072.dir/__/mcu/stm32/STM32F0xx_HAL_Driver/Src/stm32f0xx_hal_flash.c.obj
LOAD ../../boards/GC7818-F072/CMakeFiles/GC7818-F072.dir/__/mcu/stm32/STM32F0xx_HAL_Driver/Src/stm32f0xx_hal_flash_ex.c.obj
LOAD ../../boards/GC7818-F072/CMakeFiles/GC7818-F072.dir/__/mcu/stm32/STM32F0xx_HAL_Driver/Src/stm32f0xx_hal_gpio.c.obj
LOAD ../../boards/GC7818-F072/CMakeFiles/GC7818-F072.dir/__/mcu/stm32/STM32F0xx_HAL_Driver/Src/stm32f0xx_hal_i2c.c.obj
LOAD ../../boards/GC7818-F072/CMakeFiles/GC7818-F072.dir/__/mcu/stm32/STM32F0xx_HAL_Driver/Src/stm32f0xx_hal_i2c_ex.c.obj
LOAD ../../boards/GC7818-F072/CMakeFiles/GC7818-F072.dir/__/mcu/stm32/STM32F0xx_HAL_Driver/Src/stm32f0xx_hal_pwr.c.obj
LOAD ../../boards/GC7818-F072/CMakeFiles/GC7818-F072.dir/__/mcu/stm32/STM32F0xx_HAL_Driver/Src/stm32f0xx_hal_pwr_ex.c.obj
LOAD ../../boards/GC7818-F072/CMakeFiles/GC7818-F072.dir/__/mcu/stm32/STM32F0xx_HAL_Driver/Src/stm32f0xx_hal_rcc.c.obj
LOAD ../../boards/GC7818-F072/CMakeFiles/GC7818-F072.dir/__/mcu/stm32/STM32F0xx_HAL_Driver/Src/stm32f0xx_hal_rcc_ex.c.obj
LOAD ../../boards/GC7818-F072/CMakeFiles/GC7818-F072.dir/__/mcu/stm32/STM32F0xx_HAL_Driver/Src/stm32f0xx_hal_rtc.c.obj
LOAD ../../boards/GC7818-F072/CMakeFiles/GC7818-F072.dir/__/mcu/stm32/STM32F0xx_HAL_Driver/Src/stm32f0xx_hal_rtc_ex.c.obj
LOAD ../../boards/GC7818-F072/CMakeFiles/GC7818-F072.dir/__/mcu/stm32/STM32F0xx_HAL_Driver/Src/stm32f0xx_hal_spi.c.obj
LOAD ../../boards/GC7818-F072/CMakeFiles/GC7818-F072.dir/__/mcu/stm32/STM32F0xx_HAL_Driver/Src/stm32f0xx_hal_tim.c.obj
LOAD ../../boards/GC7818-F072/CMakeFiles/GC7818-F072.dir/__/mcu/stm32/STM32F0xx_HAL_Driver/Src/stm32f0xx_hal_uart.c.obj
LOAD ../../boards/GC7818-F072/CMakeFiles/GC7818-F072.dir/__/mcu/stm32/STM32F0xx_HAL_Driver/Src/stm32f0xx_hal_uart_ex.c.obj
LOAD ../../boards/GC7818-F072/CMakeFiles/GC7818-F072.dir/sx1276mb1las-board.c.obj
LOAD /usr/local/Cellar/arm-none-eabi-gcc/9-2019-q4-major/gcc/bin/../lib/gcc/arm-none-eabi/9.2.1/../../../../arm-none-eabi/lib/thumb/v6-m/nofp/libm.a
START GROUP
LOAD /usr/local/Cellar/arm-none-eabi-gcc/9-2019-q4-major/gcc/bin/../lib/gcc/arm-none-eabi/9.2.1/thumb/v6-m/nofp/libgcc.a
LOAD /usr/local/Cellar/arm-none-eabi-gcc/9-2019-q4-major/gcc/bin/../lib/gcc/arm-none-eabi/9.2.1/../../../../arm-none-eabi/lib/thumb/v6-m/nofp/libg_nano.a
LOAD /usr/local/Cellar/arm-none-eabi-gcc/9-2019-q4-major/gcc/bin/../lib/gcc/arm-none-eabi/9.2.1/../../../../arm-none-eabi/lib/thumb/v6-m/nofp/libc_nano.a
END GROUP
START GROUP
LOAD /usr/local/Cellar/arm-none-eabi-gcc/9-2019-q4-major/gcc/bin/../lib/gcc/arm-none-eabi/9.2.1/thumb/v6-m/nofp/libgcc.a
LOAD /usr/local/Cellar/arm-none-eabi-gcc/9-2019-q4-major/gcc/bin/../lib/gcc/arm-none-eabi/9.2.1/../../../../arm-none-eabi/lib/thumb/v6-m/nofp/libc_nano.a
LOAD /usr/local/Cellar/arm-none-eabi-gcc/9-2019-q4-major/gcc/bin/../lib/gcc/arm-none-eabi/9.2.1/../../../../arm-none-eabi/lib/thumb/v6-m/nofp/libnosys.a
END GROUP
START GROUP
LOAD /usr/local/Cellar/arm-none-eabi-gcc/9-2019-q4-major/gcc/bin/../lib/gcc/arm-none-eabi/9.2.1/thumb/v6-m/nofp/libgcc.a
LOAD /usr/local/Cellar/arm-none-eabi-gcc/9-2019-q4-major/gcc/bin/../lib/gcc/arm-none-eabi/9.2.1/../../../../arm-none-eabi/lib/thumb/v6-m/nofp/libc_nano.a
LOAD /usr/local/Cellar/arm-none-eabi-gcc/9-2019-q4-major/gcc/bin/../lib/gcc/arm-none-eabi/9.2.1/../../../../arm-none-eabi/lib/thumb/v6-m/nofp/libnosys.a
END GROUP
LOAD /usr/local/Cellar/arm-none-eabi-gcc/9-2019-q4-major/gcc/bin/../lib/gcc/arm-none-eabi/9.2.1/thumb/v6-m/nofp/crtend.o
LOAD /usr/local/Cellar/arm-none-eabi-gcc/9-2019-q4-major/gcc/bin/../lib/gcc/arm-none-eabi/9.2.1/thumb/v6-m/nofp/crtn.o

.text           0x0000000008000000     0x7994
 *(.isr_vector)
 .isr_vector    0x0000000008000000       0xc4 ../../boards/GC7818-F072/CMakeFiles/GC7818-F072.dir/cmsis/arm-gcc/startup_stm32f0xx.s.obj
                0x0000000008000000                g_pfnVectors
 *(.text*)
 .text          0x00000000080000c4       0x48 /usr/local/Cellar/arm-none-eabi-gcc/9-2019-q4-major/gcc/bin/../lib/gcc/arm-none-eabi/9.2.1/thumb/v6-m/nofp/crtbegin.o
 .text.OnTxDone
                0x000000000800010c       0x18 CMakeFiles/ping-pong.dir/GC7818-F072/main.c.obj
                0x000000000800010c                OnTxDone
 .text.OnTxTimeout
                0x0000000008000124       0x18 CMakeFiles/ping-pong.dir/GC7818-F072/main.c.obj
                0x0000000008000124                OnTxTimeout
 .text.OnRxTimeout
                0x000000000800013c       0x18 CMakeFiles/ping-pong.dir/GC7818-F072/main.c.obj
                0x000000000800013c                OnRxTimeout
 .text.OnRxError
                0x0000000008000154       0x18 CMakeFiles/ping-pong.dir/GC7818-F072/main.c.obj
                0x0000000008000154                OnRxError
 .text.OnRxDone
                0x000000000800016c       0x48 CMakeFiles/ping-pong.dir/GC7818-F072/main.c.obj
                0x000000000800016c                OnRxDone
 .text.startup.main
                0x00000000080001b4      0x290 CMakeFiles/ping-pong.dir/GC7818-F072/main.c.obj
                0x00000000080001b4                main
 .text.DelayMs  0x0000000008000444        0x8 ../../system/CMakeFiles/system.dir/delay.c.obj
                0x0000000008000444                DelayMs
 .text.FifoInit
                0x000000000800044c        0xa ../../system/CMakeFiles/system.dir/fifo.c.obj
                0x000000000800044c                FifoInit
 .text.FifoPush
                0x0000000008000456       0x18 ../../system/CMakeFiles/system.dir/fifo.c.obj
                0x0000000008000456                FifoPush
 .text.FifoPop  0x000000000800046e       0x16 ../../system/CMakeFiles/system.dir/fifo.c.obj
                0x000000000800046e                FifoPop
 .text.IsFifoEmpty
                0x0000000008000484        0xe ../../system/CMakeFiles/system.dir/fifo.c.obj
                0x0000000008000484                IsFifoEmpty
 .text.IsFifoFull
                0x0000000008000492       0x1c ../../system/CMakeFiles/system.dir/fifo.c.obj
                0x0000000008000492                IsFifoFull
 .text.GpioInit
                0x00000000080004ae       0x12 ../../system/CMakeFiles/system.dir/gpio.c.obj
                0x00000000080004ae                GpioInit
 .text.GpioSetInterrupt
                0x00000000080004c0        0x8 ../../system/CMakeFiles/system.dir/gpio.c.obj
                0x00000000080004c0                GpioSetInterrupt
 .text.GpioWrite
                0x00000000080004c8        0x8 ../../system/CMakeFiles/system.dir/gpio.c.obj
                0x00000000080004c8                GpioWrite
 .text.GpioToggle
                0x00000000080004d0        0x8 ../../system/CMakeFiles/system.dir/gpio.c.obj
                0x00000000080004d0                GpioToggle
 .text.TimerSetTimeout
                0x00000000080004d8       0x2a ../../system/CMakeFiles/system.dir/timer.c.obj
 *fill*         0x0000000008000502        0x2 
 .text.TimerInsertNewHeadTimer
                0x0000000008000504       0x1c ../../system/CMakeFiles/system.dir/timer.c.obj
 .text.TimerInit
                0x0000000008000520       0x10 ../../system/CMakeFiles/system.dir/timer.c.obj
                0x0000000008000520                TimerInit
 .text.TimerStart
                0x0000000008000530       0x74 ../../system/CMakeFiles/system.dir/timer.c.obj
                0x0000000008000530                TimerStart
 .text.TimerIrqHandler
                0x00000000080005a4       0x7c ../../system/CMakeFiles/system.dir/timer.c.obj
                0x00000000080005a4                TimerIrqHandler
 .text.TimerStop
                0x0000000008000620       0x5c ../../system/CMakeFiles/system.dir/timer.c.obj
                0x0000000008000620                TimerStop
 .text.TimerSetValue
                0x000000000800067c       0x22 ../../system/CMakeFiles/system.dir/timer.c.obj
                0x000000000800067c                TimerSetValue
 .text.TimerGetCurrentTime
                0x000000000800069e        0xc ../../system/CMakeFiles/system.dir/timer.c.obj
                0x000000000800069e                TimerGetCurrentTime
 .text.TimerGetElapsedTime
                0x00000000080006aa       0x1e ../../system/CMakeFiles/system.dir/timer.c.obj
                0x00000000080006aa                TimerGetElapsedTime
 .text.UartInit
                0x00000000080006c8       0x12 ../../system/CMakeFiles/system.dir/uart.c.obj
                0x00000000080006c8                UartInit
 .text.UartConfig
                0x00000000080006da       0x1a ../../system/CMakeFiles/system.dir/uart.c.obj
                0x00000000080006da                UartConfig
 .text.UartPutChar
                0x00000000080006f4        0x8 ../../system/CMakeFiles/system.dir/uart.c.obj
                0x00000000080006f4                UartPutChar
 .text.UartGetChar
                0x00000000080006fc        0x8 ../../system/CMakeFiles/system.dir/uart.c.obj
                0x00000000080006fc                UartGetChar
 .text.UartPutBuffer
                0x0000000008000704        0x8 ../../system/CMakeFiles/system.dir/uart.c.obj
                0x0000000008000704                UartPutBuffer
 .text.UartGetBuffer
                0x000000000800070c        0x8 ../../system/CMakeFiles/system.dir/uart.c.obj
                0x000000000800070c                UartGetBuffer
 .text.GetFskBandwidthRegValue
                0x0000000008000714       0x2c ../../radio/CMakeFiles/radio.dir/sx1276/sx1276.c.obj
 .text.SX1276OnDio4Irq
                0x0000000008000740       0x20 ../../radio/CMakeFiles/radio.dir/sx1276/sx1276.c.obj
 .text.SX1276GetStatus
                0x0000000008000760        0xc ../../radio/CMakeFiles/radio.dir/sx1276/sx1276.c.obj
                0x0000000008000760                SX1276GetStatus
 .text.SX1276GetTimeOnAir
                0x000000000800076c       0xec ../../radio/CMakeFiles/radio.dir/sx1276/sx1276.c.obj
                0x000000000800076c                SX1276GetTimeOnAir
 .text.SX1276WriteBuffer
                0x0000000008000858       0x44 ../../radio/CMakeFiles/radio.dir/sx1276/sx1276.c.obj
                0x0000000008000858                SX1276WriteBuffer
 .text.SX1276Write
                0x000000000800089c       0x12 ../../radio/CMakeFiles/radio.dir/sx1276/sx1276.c.obj
                0x000000000800089c                SX1276Write
 *fill*         0x00000000080008ae        0x2 
 .text.SX1276SetChannel
                0x00000000080008b0       0x44 ../../radio/CMakeFiles/radio.dir/sx1276/sx1276.c.obj
                0x00000000080008b0                SX1276SetChannel
 .text.SX1276ReadBuffer
                0x00000000080008f4       0x44 ../../radio/CMakeFiles/radio.dir/sx1276/sx1276.c.obj
                0x00000000080008f4                SX1276ReadBuffer
 .text.SX1276Read
                0x0000000008000938       0x12 ../../radio/CMakeFiles/radio.dir/sx1276/sx1276.c.obj
                0x0000000008000938                SX1276Read
 *fill*         0x000000000800094a        0x2 
 .text.SX1276OnDio3Irq
                0x000000000800094c       0x58 ../../radio/CMakeFiles/radio.dir/sx1276/sx1276.c.obj
 .text.SX1276OnDio2Irq
                0x00000000080009a4       0xdc ../../radio/CMakeFiles/radio.dir/sx1276/sx1276.c.obj
 .text.RxChainCalibration
                0x0000000008000a80       0x9c ../../radio/CMakeFiles/radio.dir/sx1276/sx1276.c.obj
 .text.SX1276SetOpMode
                0x0000000008000b1c       0x38 ../../radio/CMakeFiles/radio.dir/sx1276/sx1276.c.obj
 .text.SX1276SetSleep
                0x0000000008000b54       0x3c ../../radio/CMakeFiles/radio.dir/sx1276/sx1276.c.obj
                0x0000000008000b54                SX1276SetSleep
 .text.SX1276SetStby
                0x0000000008000b90       0x34 ../../radio/CMakeFiles/radio.dir/sx1276/sx1276.c.obj
                0x0000000008000b90                SX1276SetStby
 .text.SX1276Send
                0x0000000008000bc4      0x1b4 ../../radio/CMakeFiles/radio.dir/sx1276/sx1276.c.obj
                0x0000000008000bc4                SX1276Send
 .text.SX1276SetRx
                0x0000000008000d78      0x244 ../../radio/CMakeFiles/radio.dir/sx1276/sx1276.c.obj
                0x0000000008000d78                SX1276SetRx
 .text.SX1276StartCad
                0x0000000008000fbc       0x38 ../../radio/CMakeFiles/radio.dir/sx1276/sx1276.c.obj
                0x0000000008000fbc                SX1276StartCad
 .text.SX1276ReadRssi
                0x0000000008000ff4       0x48 ../../radio/CMakeFiles/radio.dir/sx1276/sx1276.c.obj
                0x0000000008000ff4                SX1276ReadRssi
 .text.SX1276SetModem
                0x000000000800103c       0x70 ../../radio/CMakeFiles/radio.dir/sx1276/sx1276.c.obj
                0x000000000800103c                SX1276SetModem
 .text.SX1276Init
                0x00000000080010ac       0x80 ../../radio/CMakeFiles/radio.dir/sx1276/sx1276.c.obj
                0x00000000080010ac                SX1276Init
 .text.SX1276IsChannelFree
                0x000000000800112c       0x66 ../../radio/CMakeFiles/radio.dir/sx1276/sx1276.c.obj
                0x000000000800112c                SX1276IsChannelFree
 .text.SX1276Random
                0x0000000008001192       0x3c ../../radio/CMakeFiles/radio.dir/sx1276/sx1276.c.obj
                0x0000000008001192                SX1276Random
 *fill*         0x00000000080011ce        0x2 
 .text.SX1276SetRxConfig
                0x00000000080011d0      0x320 ../../radio/CMakeFiles/radio.dir/sx1276/sx1276.c.obj
                0x00000000080011d0                SX1276SetRxConfig
 .text.SX1276SetTxConfig
                0x00000000080014f0      0x280 ../../radio/CMakeFiles/radio.dir/sx1276/sx1276.c.obj
                0x00000000080014f0                SX1276SetTxConfig
 .text.SX1276SetTxContinuousWave
                0x0000000008001770       0x80 ../../radio/CMakeFiles/radio.dir/sx1276/sx1276.c.obj
                0x0000000008001770                SX1276SetTxContinuousWave
 .text.SX1276OnDio1Irq
                0x00000000080017f0       0xf4 ../../radio/CMakeFiles/radio.dir/sx1276/sx1276.c.obj
 .text.SX1276OnDio0Irq
                0x00000000080018e4      0x288 ../../radio/CMakeFiles/radio.dir/sx1276/sx1276.c.obj
 .text.SX1276SetMaxPayloadLength
                0x0000000008001b6c       0x34 ../../radio/CMakeFiles/radio.dir/sx1276/sx1276.c.obj
                0x0000000008001b6c                SX1276SetMaxPayloadLength
 .text.SX1276SetPublicNetwork
                0x0000000008001ba0       0x28 ../../radio/CMakeFiles/radio.dir/sx1276/sx1276.c.obj
                0x0000000008001ba0                SX1276SetPublicNetwork
 .text.SX1276OnTimeoutIrq
                0x0000000008001bc8       0xc8 ../../radio/CMakeFiles/radio.dir/sx1276/sx1276.c.obj
 .text.SX1276GetWakeupTime
                0x0000000008001c90        0xa ../../radio/CMakeFiles/radio.dir/sx1276/sx1276.c.obj
                0x0000000008001c90                SX1276GetWakeupTime
 *fill*         0x0000000008001c9a        0x2 
 .text.OnCalibrateSystemWakeupTimeTimerEvent
                0x0000000008001c9c       0x14 ../../boards/GC7818-F072/CMakeFiles/GC7818-F072.dir/board.c.obj
 .text.BoardCriticalSectionBegin
                0x0000000008001cb0        0xa ../../boards/GC7818-F072/CMakeFiles/GC7818-F072.dir/board.c.obj
                0x0000000008001cb0                BoardCriticalSectionBegin
 .text.BoardCriticalSectionEnd
                0x0000000008001cba        0x8 ../../boards/GC7818-F072/CMakeFiles/GC7818-F072.dir/board.c.obj
                0x0000000008001cba                BoardCriticalSectionEnd
 .text.BoardInitPeriph
                0x0000000008001cc2        0x2 ../../boards/GC7818-F072/CMakeFiles/GC7818-F072.dir/board.c.obj
                0x0000000008001cc2                BoardInitPeriph
 .text.BoardGetRandomSeed
                0x0000000008001cc4       0x20 ../../boards/GC7818-F072/CMakeFiles/GC7818-F072.dir/board.c.obj
                0x0000000008001cc4                BoardGetRandomSeed
 .text.SysTick_Handler
                0x0000000008001ce4        0xc ../../boards/GC7818-F072/CMakeFiles/GC7818-F072.dir/board.c.obj
                0x0000000008001ce4                SysTick_Handler
 .text.GetBoardPowerSource
                0x0000000008001cf0       0x10 ../../boards/GC7818-F072/CMakeFiles/GC7818-F072.dir/board.c.obj
                0x0000000008001cf0                GetBoardPowerSource
 .text.BoardInitMcu
                0x0000000008001d00      0x250 ../../boards/GC7818-F072/CMakeFiles/GC7818-F072.dir/board.c.obj
                0x0000000008001d00                BoardInitMcu
 .text.LpmEnterStopMode
                0x0000000008001f50        0x2 ../../boards/GC7818-F072/CMakeFiles/GC7818-F072.dir/board.c.obj
                0x0000000008001f50                LpmEnterStopMode
 .text.LpmExitStopMode
                0x0000000008001f52       0x14 ../../boards/GC7818-F072/CMakeFiles/GC7818-F072.dir/board.c.obj
                0x0000000008001f52                LpmExitStopMode
 .text.LpmEnterSleepMode
                0x0000000008001f66        0xc ../../boards/GC7818-F072/CMakeFiles/GC7818-F072.dir/board.c.obj
                0x0000000008001f66                LpmEnterSleepMode
 .text.BoardLowPowerHandler
                0x0000000008001f72        0xc ../../boards/GC7818-F072/CMakeFiles/GC7818-F072.dir/board.c.obj
                0x0000000008001f72                BoardLowPowerHandler
 *fill*         0x0000000008001f7e        0x2 
 .text._write   0x0000000008001f80       0x1c ../../boards/GC7818-F072/CMakeFiles/GC7818-F072.dir/board.c.obj
                0x0000000008001f80                _write
 .text._read    0x0000000008001f9c       0x34 ../../boards/GC7818-F072/CMakeFiles/GC7818-F072.dir/board.c.obj
                0x0000000008001f9c                _read
 .text.print    0x0000000008001fd0       0x18 ../../boards/GC7818-F072/CMakeFiles/GC7818-F072.dir/board.c.obj
                0x0000000008001fd0                print
 .text.DelayMsMcu
                0x0000000008001fe8        0x8 ../../boards/GC7818-F072/CMakeFiles/GC7818-F072.dir/delay-board.c.obj
                0x0000000008001fe8                DelayMsMcu
 .text.GpioMcuSetInterrupt
                0x0000000008001ff0       0xf4 ../../boards/GC7818-F072/CMakeFiles/GC7818-F072.dir/gpio-board.c.obj
                0x0000000008001ff0                GpioMcuSetInterrupt
 .text.GpioMcuWrite
                0x00000000080020e4       0x1a ../../boards/GC7818-F072/CMakeFiles/GC7818-F072.dir/gpio-board.c.obj
                0x00000000080020e4                GpioMcuWrite
 *fill*         0x00000000080020fe        0x2 
 .text.GpioMcuInit
                0x0000000008002100      0x10c ../../boards/GC7818-F072/CMakeFiles/GC7818-F072.dir/gpio-board.c.obj
                0x0000000008002100                GpioMcuInit
 .text.GpioMcuToggle
                0x000000000800220c       0x18 ../../boards/GC7818-F072/CMakeFiles/GC7818-F072.dir/gpio-board.c.obj
                0x000000000800220c                GpioMcuToggle
 .text.EXTI0_1_IRQHandler
                0x0000000008002224       0x10 ../../boards/GC7818-F072/CMakeFiles/GC7818-F072.dir/gpio-board.c.obj
                0x0000000008002224                EXTI0_1_IRQHandler
 .text.EXTI2_3_IRQHandler
                0x0000000008002234       0x10 ../../boards/GC7818-F072/CMakeFiles/GC7818-F072.dir/gpio-board.c.obj
                0x0000000008002234                EXTI2_3_IRQHandler
 .text.EXTI4_15_IRQHandler
                0x0000000008002244       0x5c ../../boards/GC7818-F072/CMakeFiles/GC7818-F072.dir/gpio-board.c.obj
                0x0000000008002244                EXTI4_15_IRQHandler
 .text.HAL_GPIO_EXTI_Callback
                0x00000000080022a0       0x30 ../../boards/GC7818-F072/CMakeFiles/GC7818-F072.dir/gpio-board.c.obj
                0x00000000080022a0                HAL_GPIO_EXTI_Callback
 .text.LpmSetOffMode
                0x00000000080022d0       0x34 ../../boards/GC7818-F072/CMakeFiles/GC7818-F072.dir/lpm-board.c.obj
                0x00000000080022d0                LpmSetOffMode
 .text.LpmSetStopMode
                0x0000000008002304       0x34 ../../boards/GC7818-F072/CMakeFiles/GC7818-F072.dir/lpm-board.c.obj
                0x0000000008002304                LpmSetStopMode
 .text.LpmGetMode
                0x0000000008002338       0x30 ../../boards/GC7818-F072/CMakeFiles/GC7818-F072.dir/lpm-board.c.obj
                0x0000000008002338                LpmGetMode
 .text.LpmExitSleepMode
                0x0000000008002368        0x2 ../../boards/GC7818-F072/CMakeFiles/GC7818-F072.dir/lpm-board.c.obj
                0x0000000008002368                LpmExitSleepMode
 .text.LpmEnterOffMode
                0x000000000800236a        0x2 ../../boards/GC7818-F072/CMakeFiles/GC7818-F072.dir/lpm-board.c.obj
                0x000000000800236a                LpmEnterOffMode
 .text.LpmExitOffMode
                0x000000000800236c        0x2 ../../boards/GC7818-F072/CMakeFiles/GC7818-F072.dir/lpm-board.c.obj
                0x000000000800236c                LpmExitOffMode
 *fill*         0x000000000800236e        0x2 
 .text.LpmEnterLowPower
                0x0000000008002370       0x38 ../../boards/GC7818-F072/CMakeFiles/GC7818-F072.dir/lpm-board.c.obj
                0x0000000008002370                LpmEnterLowPower
 .text.RtcGetCalendarValue
                0x00000000080023a8       0xb0 ../../boards/GC7818-F072/CMakeFiles/GC7818-F072.dir/rtc-board.c.obj
 .text.RtcSetTimerContext
                0x0000000008002458       0x18 ../../boards/GC7818-F072/CMakeFiles/GC7818-F072.dir/rtc-board.c.obj
                0x0000000008002458                RtcSetTimerContext
 .text.RtcInit  0x0000000008002470       0x98 ../../boards/GC7818-F072/CMakeFiles/GC7818-F072.dir/rtc-board.c.obj
                0x0000000008002470                RtcInit
 .text.RtcGetTimerContext
                0x0000000008002508        0xc ../../boards/GC7818-F072/CMakeFiles/GC7818-F072.dir/rtc-board.c.obj
                0x0000000008002508                RtcGetTimerContext
 .text.RtcGetMinimumTimeout
                0x0000000008002514        0x4 ../../boards/GC7818-F072/CMakeFiles/GC7818-F072.dir/rtc-board.c.obj
                0x0000000008002514                RtcGetMinimumTimeout
 .text.RtcMs2Tick
                0x0000000008002518       0x10 ../../boards/GC7818-F072/CMakeFiles/GC7818-F072.dir/rtc-board.c.obj
                0x0000000008002518                RtcMs2Tick
 .text.RtcTick2Ms
                0x0000000008002528       0x16 ../../boards/GC7818-F072/CMakeFiles/GC7818-F072.dir/rtc-board.c.obj
                0x0000000008002528                RtcTick2Ms
 *fill*         0x000000000800253e        0x2 
 .text.RtcStopAlarm
                0x0000000008002540       0x30 ../../boards/GC7818-F072/CMakeFiles/GC7818-F072.dir/rtc-board.c.obj
                0x0000000008002540                RtcStopAlarm
 .text.RtcStartAlarm
                0x0000000008002570      0x11c ../../boards/GC7818-F072/CMakeFiles/GC7818-F072.dir/rtc-board.c.obj
                0x0000000008002570                RtcStartAlarm
 .text.RtcGetTimerValue
                0x000000000800268c        0xe ../../boards/GC7818-F072/CMakeFiles/GC7818-F072.dir/rtc-board.c.obj
                0x000000000800268c                RtcGetTimerValue
 *fill*         0x000000000800269a        0x2 
 .text.RtcGetTimerElapsedTime
                0x000000000800269c       0x18 ../../boards/GC7818-F072/CMakeFiles/GC7818-F072.dir/rtc-board.c.obj
                0x000000000800269c                RtcGetTimerElapsedTime
 .text.RtcSetAlarm
                0x00000000080026b4       0x48 ../../boards/GC7818-F072/CMakeFiles/GC7818-F072.dir/rtc-board.c.obj
                0x00000000080026b4                RtcSetAlarm
 .text.RtcSetMcuWakeUpTime
                0x00000000080026fc       0x78 ../../boards/GC7818-F072/CMakeFiles/GC7818-F072.dir/rtc-board.c.obj
                0x00000000080026fc                RtcSetMcuWakeUpTime
 .text.RTC_IRQHandler
                0x0000000008002774       0x40 ../../boards/GC7818-F072/CMakeFiles/GC7818-F072.dir/rtc-board.c.obj
                0x0000000008002774                RTC_IRQHandler
 .text.SpiFormat
                0x00000000080027b4       0x50 ../../boards/GC7818-F072/CMakeFiles/GC7818-F072.dir/spi-board.c.obj
                0x00000000080027b4                SpiFormat
 .text.SpiFrequency
                0x0000000008002804       0x54 ../../boards/GC7818-F072/CMakeFiles/GC7818-F072.dir/spi-board.c.obj
                0x0000000008002804                SpiFrequency
 .text.SpiInit  0x0000000008002858      0x170 ../../boards/GC7818-F072/CMakeFiles/GC7818-F072.dir/spi-board.c.obj
                0x0000000008002858                SpiInit
 .text.SpiInOut
                0x00000000080029c8       0x50 ../../boards/GC7818-F072/CMakeFiles/GC7818-F072.dir/spi-board.c.obj
                0x00000000080029c8                SpiInOut
 .text.UartMcuInit
                0x0000000008002a18       0x60 ../../boards/GC7818-F072/CMakeFiles/GC7818-F072.dir/uart-board.c.obj
                0x0000000008002a18                UartMcuInit
 .text.UartMcuConfig
                0x0000000008002a78       0xc0 ../../boards/GC7818-F072/CMakeFiles/GC7818-F072.dir/uart-board.c.obj
                0x0000000008002a78                UartMcuConfig
 .text.UartMcuPutChar
                0x0000000008002b38       0x54 ../../boards/GC7818-F072/CMakeFiles/GC7818-F072.dir/uart-board.c.obj
                0x0000000008002b38                UartMcuPutChar
 .text.UartMcuGetChar
                0x0000000008002b8c       0x3a ../../boards/GC7818-F072/CMakeFiles/GC7818-F072.dir/uart-board.c.obj
                0x0000000008002b8c                UartMcuGetChar
 .text.UartMcuPutBuffer
                0x0000000008002bc6       0x3a ../../boards/GC7818-F072/CMakeFiles/GC7818-F072.dir/uart-board.c.obj
                0x0000000008002bc6                UartMcuPutBuffer
 .text.UartMcuGetBuffer
                0x0000000008002c00       0x2e ../../boards/GC7818-F072/CMakeFiles/GC7818-F072.dir/uart-board.c.obj
                0x0000000008002c00                UartMcuGetBuffer
 *fill*         0x0000000008002c2e        0x2 
 .text.HAL_UART_TxCpltCallback
                0x0000000008002c30       0x40 ../../boards/GC7818-F072/CMakeFiles/GC7818-F072.dir/uart-board.c.obj
                0x0000000008002c30                HAL_UART_TxCpltCallback
 .text.HAL_UART_RxCpltCallback
                0x0000000008002c70       0x40 ../../boards/GC7818-F072/CMakeFiles/GC7818-F072.dir/uart-board.c.obj
                0x0000000008002c70                HAL_UART_RxCpltCallback
 .text.HAL_UART_ErrorCallback
                0x0000000008002cb0       0x18 ../../boards/GC7818-F072/CMakeFiles/GC7818-F072.dir/uart-board.c.obj
                0x0000000008002cb0                HAL_UART_ErrorCallback
 .text.USART1_IRQHandler
                0x0000000008002cc8       0x10 ../../boards/GC7818-F072/CMakeFiles/GC7818-F072.dir/uart-board.c.obj
                0x0000000008002cc8                USART1_IRQHandler
 .text.NMI_Handler
                0x0000000008002cd8        0x2 ../../boards/GC7818-F072/CMakeFiles/GC7818-F072.dir/__/mcu/stm32/sysIrqHandlers.c.obj
                0x0000000008002cd8                NMI_Handler
 *fill*         0x0000000008002cda        0x2 
 .text.rand1    0x0000000008002cdc       0x2c ../../boards/GC7818-F072/CMakeFiles/GC7818-F072.dir/__/mcu/utilities.c.obj
                0x0000000008002cdc                rand1
 .text.srand1   0x0000000008002d08        0xc ../../boards/GC7818-F072/CMakeFiles/GC7818-F072.dir/__/mcu/utilities.c.obj
                0x0000000008002d08                srand1
 .text.randr    0x0000000008002d14       0x16 ../../boards/GC7818-F072/CMakeFiles/GC7818-F072.dir/__/mcu/utilities.c.obj
                0x0000000008002d14                randr
 .text.memcpy1  0x0000000008002d2a       0x12 ../../boards/GC7818-F072/CMakeFiles/GC7818-F072.dir/__/mcu/utilities.c.obj
                0x0000000008002d2a                memcpy1
 .text.Reset_Handler
                0x0000000008002d3c       0x50 ../../boards/GC7818-F072/CMakeFiles/GC7818-F072.dir/cmsis/arm-gcc/startup_stm32f0xx.s.obj
                0x0000000008002d3c                Reset_Handler
 .text.Default_Handler
                0x0000000008002d8c        0x2 ../../boards/GC7818-F072/CMakeFiles/GC7818-F072.dir/cmsis/arm-gcc/startup_stm32f0xx.s.obj
                0x0000000008002d8c                TIM1_BRK_UP_TRG_COM_IRQHandler
                0x0000000008002d8c                HardFault_Handler
                0x0000000008002d8c                ADC1_COMP_IRQHandler
                0x0000000008002d8c                PVD_IRQHandler
                0x0000000008002d8c                PendSV_Handler
                0x0000000008002d8c                I2C1_IRQHandler
                0x0000000008002d8c                SPI1_IRQHandler
                0x0000000008002d8c                TIM6_DAC_IRQHandler
                0x0000000008002d8c                I2C2_IRQHandler
                0x0000000008002d8c                TIM17_IRQHandler
                0x0000000008002d8c                TIM16_IRQHandler
                0x0000000008002d8c                TIM3_IRQHandler
                0x0000000008002d8c                RCC_IRQHandler
                0x0000000008002d8c                DMA1_Channel1_IRQHandler
                0x0000000008002d8c                Default_Handler
                0x0000000008002d8c                CEC_IRQHandler
                0x0000000008002d8c                TIM14_IRQHandler
                0x0000000008002d8c                DMA1_Channel4_5_IRQHandler
                0x0000000008002d8c                TIM15_IRQHandler
                0x0000000008002d8c                SPI2_IRQHandler
                0x0000000008002d8c                SVC_Handler
                0x0000000008002d8c                TS_IRQHandler
                0x0000000008002d8c                WWDG_IRQHandler
                0x0000000008002d8c                TIM2_IRQHandler
                0x0000000008002d8c                DMA1_Channel2_3_IRQHandler
                0x0000000008002d8c                USART2_IRQHandler
                0x0000000008002d8c                FLASH_IRQHandler
                0x0000000008002d8c                TIM1_CC_IRQHandler
 *fill*         0x0000000008002d8e        0x2 
 .text.SystemInit
                0x0000000008002d90       0x60 ../../boards/GC7818-F072/CMakeFiles/GC7818-F072.dir/cmsis/system_stm32f0xx.c.obj
                0x0000000008002d90                SystemInit
 .text.SystemCoreClockUpdate
                0x0000000008002df0       0x80 ../../boards/GC7818-F072/CMakeFiles/GC7818-F072.dir/cmsis/system_stm32f0xx.c.obj
                0x0000000008002df0                SystemCoreClockUpdate
 .text.HAL_MspInit
                0x0000000008002e70        0x2 ../../boards/GC7818-F072/CMakeFiles/GC7818-F072.dir/__/mcu/stm32/STM32F0xx_HAL_Driver/Src/stm32f0xx_hal.c.obj
                0x0000000008002e70                HAL_MspInit
 *fill*         0x0000000008002e72        0x2 
 .text.HAL_InitTick
                0x0000000008002e74       0x48 ../../boards/GC7818-F072/CMakeFiles/GC7818-F072.dir/__/mcu/stm32/STM32F0xx_HAL_Driver/Src/stm32f0xx_hal.c.obj
                0x0000000008002e74                HAL_InitTick
 .text.HAL_Init
                0x0000000008002ebc       0x20 ../../boards/GC7818-F072/CMakeFiles/GC7818-F072.dir/__/mcu/stm32/STM32F0xx_HAL_Driver/Src/stm32f0xx_hal.c.obj
                0x0000000008002ebc                HAL_Init
 .text.HAL_IncTick
                0x0000000008002edc       0x18 ../../boards/GC7818-F072/CMakeFiles/GC7818-F072.dir/__/mcu/stm32/STM32F0xx_HAL_Driver/Src/stm32f0xx_hal.c.obj
                0x0000000008002edc                HAL_IncTick
 .text.HAL_GetTick
                0x0000000008002ef4        0xc ../../boards/GC7818-F072/CMakeFiles/GC7818-F072.dir/__/mcu/stm32/STM32F0xx_HAL_Driver/Src/stm32f0xx_hal.c.obj
                0x0000000008002ef4                HAL_GetTick
 .text.HAL_Delay
                0x0000000008002f00       0x24 ../../boards/GC7818-F072/CMakeFiles/GC7818-F072.dir/__/mcu/stm32/STM32F0xx_HAL_Driver/Src/stm32f0xx_hal.c.obj
                0x0000000008002f00                HAL_Delay
 .text.HAL_DBGMCU_EnableDBGStopMode
                0x0000000008002f24       0x10 ../../boards/GC7818-F072/CMakeFiles/GC7818-F072.dir/__/mcu/stm32/STM32F0xx_HAL_Driver/Src/stm32f0xx_hal.c.obj
                0x0000000008002f24                HAL_DBGMCU_EnableDBGStopMode
 .text.HAL_DBGMCU_EnableDBGStandbyMode
                0x0000000008002f34       0x10 ../../boards/GC7818-F072/CMakeFiles/GC7818-F072.dir/__/mcu/stm32/STM32F0xx_HAL_Driver/Src/stm32f0xx_hal.c.obj
                0x0000000008002f34                HAL_DBGMCU_EnableDBGStandbyMode
 .text.HAL_NVIC_SetPriority
                0x0000000008002f44       0x54 ../../boards/GC7818-F072/CMakeFiles/GC7818-F072.dir/__/mcu/stm32/STM32F0xx_HAL_Driver/Src/stm32f0xx_hal_cortex.c.obj
                0x0000000008002f44                HAL_NVIC_SetPriority
 .text.HAL_NVIC_EnableIRQ
                0x0000000008002f98       0x14 ../../boards/GC7818-F072/CMakeFiles/GC7818-F072.dir/__/mcu/stm32/STM32F0xx_HAL_Driver/Src/stm32f0xx_hal_cortex.c.obj
                0x0000000008002f98                HAL_NVIC_EnableIRQ
 .text.HAL_SYSTICK_Config
                0x0000000008002fac       0x34 ../../boards/GC7818-F072/CMakeFiles/GC7818-F072.dir/__/mcu/stm32/STM32F0xx_HAL_Driver/Src/stm32f0xx_hal_cortex.c.obj
                0x0000000008002fac                HAL_SYSTICK_Config
 .text.HAL_NVIC_GetPendingIRQ
                0x0000000008002fe0       0x14 ../../boards/GC7818-F072/CMakeFiles/GC7818-F072.dir/__/mcu/stm32/STM32F0xx_HAL_Driver/Src/stm32f0xx_hal_cortex.c.obj
                0x0000000008002fe0                HAL_NVIC_GetPendingIRQ
 .text.HAL_SYSTICK_CLKSourceConfig
                0x0000000008002ff4       0x1c ../../boards/GC7818-F072/CMakeFiles/GC7818-F072.dir/__/mcu/stm32/STM32F0xx_HAL_Driver/Src/stm32f0xx_hal_cortex.c.obj
                0x0000000008002ff4                HAL_SYSTICK_CLKSourceConfig
 .text.HAL_SYSTICK_Callback
                0x0000000008003010        0x2 ../../boards/GC7818-F072/CMakeFiles/GC7818-F072.dir/__/mcu/stm32/STM32F0xx_HAL_Driver/Src/stm32f0xx_hal_cortex.c.obj
                0x0000000008003010                HAL_SYSTICK_Callback
 .text.HAL_SYSTICK_IRQHandler
                0x0000000008003012        0x8 ../../boards/GC7818-F072/CMakeFiles/GC7818-F072.dir/__/mcu/stm32/STM32F0xx_HAL_Driver/Src/stm32f0xx_hal_cortex.c.obj
                0x0000000008003012                HAL_SYSTICK_IRQHandler
 .text.HAL_DMA_Abort_IT
                0x000000000800301a       0x46 ../../boards/GC7818-F072/CMakeFiles/GC7818-F072.dir/__/mcu/stm32/STM32F0xx_HAL_Driver/Src/stm32f0xx_hal_dma.c.obj
                0x000000000800301a                HAL_DMA_Abort_IT
 .text.HAL_GPIO_Init
                0x0000000008003060      0x174 ../../boards/GC7818-F072/CMakeFiles/GC7818-F072.dir/__/mcu/stm32/STM32F0xx_HAL_Driver/Src/stm32f0xx_hal_gpio.c.obj
                0x0000000008003060                HAL_GPIO_Init
 .text.HAL_GPIO_WritePin
                0x00000000080031d4        0xc ../../boards/GC7818-F072/CMakeFiles/GC7818-F072.dir/__/mcu/stm32/STM32F0xx_HAL_Driver/Src/stm32f0xx_hal_gpio.c.obj
                0x00000000080031d4                HAL_GPIO_WritePin
 .text.HAL_GPIO_TogglePin
                0x00000000080031e0        0xc ../../boards/GC7818-F072/CMakeFiles/GC7818-F072.dir/__/mcu/stm32/STM32F0xx_HAL_Driver/Src/stm32f0xx_hal_gpio.c.obj
                0x00000000080031e0                HAL_GPIO_TogglePin
 .text.HAL_GPIO_EXTI_IRQHandler
                0x00000000080031ec       0x18 ../../boards/GC7818-F072/CMakeFiles/GC7818-F072.dir/__/mcu/stm32/STM32F0xx_HAL_Driver/Src/stm32f0xx_hal_gpio.c.obj
                0x00000000080031ec                HAL_GPIO_EXTI_IRQHandler
 .text.HAL_PWR_EnterSLEEPMode
                0x0000000008003204       0x20 ../../boards/GC7818-F072/CMakeFiles/GC7818-F072.dir/__/mcu/stm32/STM32F0xx_HAL_Driver/Src/stm32f0xx_hal_pwr.c.obj
                0x0000000008003204                HAL_PWR_EnterSLEEPMode
 .text.HAL_RCC_OscConfig
                0x0000000008003224      0x4a0 ../../boards/GC7818-F072/CMakeFiles/GC7818-F072.dir/__/mcu/stm32/STM32F0xx_HAL_Driver/Src/stm32f0xx_hal_rcc.c.obj
                0x0000000008003224                HAL_RCC_OscConfig
 .text.HAL_RCC_GetSysClockFreq
                0x00000000080036c4       0x94 ../../boards/GC7818-F072/CMakeFiles/GC7818-F072.dir/__/mcu/stm32/STM32F0xx_HAL_Driver/Src/stm32f0xx_hal_rcc.c.obj
                0x00000000080036c4                HAL_RCC_GetSysClockFreq
 .text.HAL_RCC_ClockConfig
                0x0000000008003758      0x118 ../../boards/GC7818-F072/CMakeFiles/GC7818-F072.dir/__/mcu/stm32/STM32F0xx_HAL_Driver/Src/stm32f0xx_hal_rcc.c.obj
                0x0000000008003758                HAL_RCC_ClockConfig
 .text.HAL_RCC_GetHCLKFreq
                0x0000000008003870        0xc ../../boards/GC7818-F072/CMakeFiles/GC7818-F072.dir/__/mcu/stm32/STM32F0xx_HAL_Driver/Src/stm32f0xx_hal_rcc.c.obj
                0x0000000008003870                HAL_RCC_GetHCLKFreq
 .text.HAL_RCC_GetPCLK1Freq
                0x000000000800387c       0x20 ../../boards/GC7818-F072/CMakeFiles/GC7818-F072.dir/__/mcu/stm32/STM32F0xx_HAL_Driver/Src/stm32f0xx_hal_rcc.c.obj
                0x000000000800387c                HAL_RCC_GetPCLK1Freq
 .text.HAL_RCCEx_PeriphCLKConfig
                0x000000000800389c      0x144 ../../boards/GC7818-F072/CMakeFiles/GC7818-F072.dir/__/mcu/stm32/STM32F0xx_HAL_Driver/Src/stm32f0xx_hal_rcc_ex.c.obj
                0x000000000800389c                HAL_RCCEx_PeriphCLKConfig
 .text.HAL_RTC_MspInit
                0x00000000080039e0        0x2 ../../boards/GC7818-F072/CMakeFiles/GC7818-F072.dir/__/mcu/stm32/STM32F0xx_HAL_Driver/Src/stm32f0xx_hal_rtc.c.obj
                0x00000000080039e0                HAL_RTC_MspInit
 *fill*         0x00000000080039e2        0x2 
 .text.HAL_RTC_DeactivateAlarm
                0x00000000080039e4       0x74 ../../boards/GC7818-F072/CMakeFiles/GC7818-F072.dir/__/mcu/stm32/STM32F0xx_HAL_Driver/Src/stm32f0xx_hal_rtc.c.obj
                0x00000000080039e4                HAL_RTC_DeactivateAlarm
 .text.HAL_RTC_WaitForSynchro
                0x0000000008003a58       0x34 ../../boards/GC7818-F072/CMakeFiles/GC7818-F072.dir/__/mcu/stm32/STM32F0xx_HAL_Driver/Src/stm32f0xx_hal_rtc.c.obj
                0x0000000008003a58                HAL_RTC_WaitForSynchro
 .text.RTC_EnterInitMode
                0x0000000008003a8c       0x38 ../../boards/GC7818-F072/CMakeFiles/GC7818-F072.dir/__/mcu/stm32/STM32F0xx_HAL_Driver/Src/stm32f0xx_hal_rtc.c.obj
                0x0000000008003a8c                RTC_EnterInitMode
 .text.HAL_RTC_Init
                0x0000000008003ac4       0xa8 ../../boards/GC7818-F072/CMakeFiles/GC7818-F072.dir/__/mcu/stm32/STM32F0xx_HAL_Driver/Src/stm32f0xx_hal_rtc.c.obj
                0x0000000008003ac4                HAL_RTC_Init
 .text.RTC_ByteToBcd2
                0x0000000008003b6c       0x16 ../../boards/GC7818-F072/CMakeFiles/GC7818-F072.dir/__/mcu/stm32/STM32F0xx_HAL_Driver/Src/stm32f0xx_hal_rtc.c.obj
                0x0000000008003b6c                RTC_ByteToBcd2
 *fill*         0x0000000008003b82        0x2 
 .text.HAL_RTC_SetTime
                0x0000000008003b84       0xf4 ../../boards/GC7818-F072/CMakeFiles/GC7818-F072.dir/__/mcu/stm32/STM32F0xx_HAL_Driver/Src/stm32f0xx_hal_rtc.c.obj
                0x0000000008003b84                HAL_RTC_SetTime
 .text.HAL_RTC_SetDate
                0x0000000008003c78       0xc4 ../../boards/GC7818-F072/CMakeFiles/GC7818-F072.dir/__/mcu/stm32/STM32F0xx_HAL_Driver/Src/stm32f0xx_hal_rtc.c.obj
                0x0000000008003c78                HAL_RTC_SetDate
 .text.HAL_RTC_SetAlarm_IT
                0x0000000008003d3c      0x140 ../../boards/GC7818-F072/CMakeFiles/GC7818-F072.dir/__/mcu/stm32/STM32F0xx_HAL_Driver/Src/stm32f0xx_hal_rtc.c.obj
                0x0000000008003d3c                HAL_RTC_SetAlarm_IT
 .text.RTC_Bcd2ToByte
                0x0000000008003e7c       0x12 ../../boards/GC7818-F072/CMakeFiles/GC7818-F072.dir/__/mcu/stm32/STM32F0xx_HAL_Driver/Src/stm32f0xx_hal_rtc.c.obj
                0x0000000008003e7c                RTC_Bcd2ToByte
 *fill*         0x0000000008003e8e        0x2 
 .text.HAL_RTC_GetTime
                0x0000000008003e90       0x54 ../../boards/GC7818-F072/CMakeFiles/GC7818-F072.dir/__/mcu/stm32/STM32F0xx_HAL_Driver/Src/stm32f0xx_hal_rtc.c.obj
                0x0000000008003e90                HAL_RTC_GetTime
 .text.HAL_RTC_GetDate
                0x0000000008003ee4       0x44 ../../boards/GC7818-F072/CMakeFiles/GC7818-F072.dir/__/mcu/stm32/STM32F0xx_HAL_Driver/Src/stm32f0xx_hal_rtc.c.obj
                0x0000000008003ee4                HAL_RTC_GetDate
 .text.HAL_RTC_GetAlarm
                0x0000000008003f28       0x78 ../../boards/GC7818-F072/CMakeFiles/GC7818-F072.dir/__/mcu/stm32/STM32F0xx_HAL_Driver/Src/stm32f0xx_hal_rtc.c.obj
                0x0000000008003f28                HAL_RTC_GetAlarm
 .text.HAL_RTCEx_EnableBypassShadow
                0x0000000008003fa0       0x2e ../../boards/GC7818-F072/CMakeFiles/GC7818-F072.dir/__/mcu/stm32/STM32F0xx_HAL_Driver/Src/stm32f0xx_hal_rtc_ex.c.obj
                0x0000000008003fa0                HAL_RTCEx_EnableBypassShadow
 .text.HAL_SPI_MspInit
                0x0000000008003fce        0x2 ../../boards/GC7818-F072/CMakeFiles/GC7818-F072.dir/__/mcu/stm32/STM32F0xx_HAL_Driver/Src/stm32f0xx_hal_spi.c.obj
                0x0000000008003fce                HAL_SPI_MspInit
 .text.HAL_SPI_Init
                0x0000000008003fd0       0xdc ../../boards/GC7818-F072/CMakeFiles/GC7818-F072.dir/__/mcu/stm32/STM32F0xx_HAL_Driver/Src/stm32f0xx_hal_spi.c.obj
                0x0000000008003fd0                HAL_SPI_Init
 .text.UART_EndRxTransfer
                0x00000000080040ac       0x24 ../../boards/GC7818-F072/CMakeFiles/GC7818-F072.dir/__/mcu/stm32/STM32F0xx_HAL_Driver/Src/stm32f0xx_hal_uart.c.obj
 .text.UART_TxISR_8BIT
                0x00000000080040d0       0x3a ../../boards/GC7818-F072/CMakeFiles/GC7818-F072.dir/__/mcu/stm32/STM32F0xx_HAL_Driver/Src/stm32f0xx_hal_uart.c.obj
 .text.UART_TxISR_16BIT
                0x000000000800410a       0x3e ../../boards/GC7818-F072/CMakeFiles/GC7818-F072.dir/__/mcu/stm32/STM32F0xx_HAL_Driver/Src/stm32f0xx_hal_uart.c.obj
 .text.HAL_UART_MspInit
                0x0000000008004148        0x2 ../../boards/GC7818-F072/CMakeFiles/GC7818-F072.dir/__/mcu/stm32/STM32F0xx_HAL_Driver/Src/stm32f0xx_hal_uart.c.obj
                0x0000000008004148                HAL_UART_MspInit
 *fill*         0x000000000800414a        0x2 
 .text.HAL_UART_Transmit_IT
                0x000000000800414c       0x78 ../../boards/GC7818-F072/CMakeFiles/GC7818-F072.dir/__/mcu/stm32/STM32F0xx_HAL_Driver/Src/stm32f0xx_hal_uart.c.obj
                0x000000000800414c                HAL_UART_Transmit_IT
 .text.HAL_UART_Receive_IT
                0x00000000080041c4       0xc8 ../../boards/GC7818-F072/CMakeFiles/GC7818-F072.dir/__/mcu/stm32/STM32F0xx_HAL_Driver/Src/stm32f0xx_hal_uart.c.obj
                0x00000000080041c4                HAL_UART_Receive_IT
 .text.UART_RxISR_8BIT
                0x000000000800428c       0x60 ../../boards/GC7818-F072/CMakeFiles/GC7818-F072.dir/__/mcu/stm32/STM32F0xx_HAL_Driver/Src/stm32f0xx_hal_uart.c.obj
 .text.UART_RxISR_16BIT
                0x00000000080042ec       0x5c ../../boards/GC7818-F072/CMakeFiles/GC7818-F072.dir/__/mcu/stm32/STM32F0xx_HAL_Driver/Src/stm32f0xx_hal_uart.c.obj
 .text.HAL_UART_IRQHandler
                0x0000000008004348      0x154 ../../boards/GC7818-F072/CMakeFiles/GC7818-F072.dir/__/mcu/stm32/STM32F0xx_HAL_Driver/Src/stm32f0xx_hal_uart.c.obj
                0x0000000008004348                HAL_UART_IRQHandler
 .text.UART_DMAAbortOnError
                0x000000000800449c       0x16 ../../boards/GC7818-F072/CMakeFiles/GC7818-F072.dir/__/mcu/stm32/STM32F0xx_HAL_Driver/Src/stm32f0xx_hal_uart.c.obj
 *fill*         0x00000000080044b2        0x2 
 .text.UART_SetConfig
                0x00000000080044b4      0x19c ../../boards/GC7818-F072/CMakeFiles/GC7818-F072.dir/__/mcu/stm32/STM32F0xx_HAL_Driver/Src/stm32f0xx_hal_uart.c.obj
                0x00000000080044b4                UART_SetConfig
 .text.UART_AdvFeatureConfig
                0x0000000008004650       0xd0 ../../boards/GC7818-F072/CMakeFiles/GC7818-F072.dir/__/mcu/stm32/STM32F0xx_HAL_Driver/Src/stm32f0xx_hal_uart.c.obj
                0x0000000008004650                UART_AdvFeatureConfig
 .text.UART_WaitOnFlagUntilTimeout
                0x0000000008004720       0x90 ../../boards/GC7818-F072/CMakeFiles/GC7818-F072.dir/__/mcu/stm32/STM32F0xx_HAL_Driver/Src/stm32f0xx_hal_uart.c.obj
                0x0000000008004720                UART_WaitOnFlagUntilTimeout
 .text.UART_CheckIdleState
                0x00000000080047b0       0x60 ../../boards/GC7818-F072/CMakeFiles/GC7818-F072.dir/__/mcu/stm32/STM32F0xx_HAL_Driver/Src/stm32f0xx_hal_uart.c.obj
                0x00000000080047b0                UART_CheckIdleState
 .text.HAL_UART_Init
                0x0000000008004810       0x64 ../../boards/GC7818-F072/CMakeFiles/GC7818-F072.dir/__/mcu/stm32/STM32F0xx_HAL_Driver/Src/stm32f0xx_hal_uart.c.obj
                0x0000000008004810                HAL_UART_Init
 .text.HAL_UARTEx_WakeupCallback
                0x0000000008004874        0x2 ../../boards/GC7818-F072/CMakeFiles/GC7818-F072.dir/__/mcu/stm32/STM32F0xx_HAL_Driver/Src/stm32f0xx_hal_uart_ex.c.obj
                0x0000000008004874                HAL_UARTEx_WakeupCallback
 .text.SX1276CheckRfFrequency
                0x0000000008004876        0x4 ../../boards/GC7818-F072/CMakeFiles/GC7818-F072.dir/sx1276mb1las-board.c.obj
                0x0000000008004876                SX1276CheckRfFrequency
 *fill*         0x000000000800487a        0x2 
 .text.SX1276IoInit
                0x000000000800487c       0x98 ../../boards/GC7818-F072/CMakeFiles/GC7818-F072.dir/sx1276mb1las-board.c.obj
                0x000000000800487c                SX1276IoInit
 .text.SX1276IoIrqInit
                0x0000000008004914       0x68 ../../boards/GC7818-F072/CMakeFiles/GC7818-F072.dir/sx1276mb1las-board.c.obj
                0x0000000008004914                SX1276IoIrqInit
 .text.SX1276IoDbgInit
                0x000000000800497c        0x2 ../../boards/GC7818-F072/CMakeFiles/GC7818-F072.dir/sx1276mb1las-board.c.obj
                0x000000000800497c                SX1276IoDbgInit
 .text.SX1276IoTcxoInit
                0x000000000800497e        0x2 ../../boards/GC7818-F072/CMakeFiles/GC7818-F072.dir/sx1276mb1las-board.c.obj
                0x000000000800497e                SX1276IoTcxoInit
 .text.SX1276SetBoardTcxo
                0x0000000008004980        0x2 ../../boards/GC7818-F072/CMakeFiles/GC7818-F072.dir/sx1276mb1las-board.c.obj
                0x0000000008004980                SX1276SetBoardTcxo
 .text.SX1276GetBoardTcxoWakeupTime
                0x0000000008004982        0x4 ../../boards/GC7818-F072/CMakeFiles/GC7818-F072.dir/sx1276mb1las-board.c.obj
                0x0000000008004982                SX1276GetBoardTcxoWakeupTime
 *fill*         0x0000000008004986        0x2 
 .text.SX1276Reset
                0x0000000008004988       0x3c ../../boards/GC7818-F072/CMakeFiles/GC7818-F072.dir/sx1276mb1las-board.c.obj
                0x0000000008004988                SX1276Reset
 .text.SX1276SetRfTxPower
                0x00000000080049c4       0x5a ../../boards/GC7818-F072/CMakeFiles/GC7818-F072.dir/sx1276mb1las-board.c.obj
                0x00000000080049c4                SX1276SetRfTxPower
 *fill*         0x0000000008004a1e        0x2 
 .text.SX1276AntSwInit
                0x0000000008004a20       0x1c ../../boards/GC7818-F072/CMakeFiles/GC7818-F072.dir/sx1276mb1las-board.c.obj
                0x0000000008004a20                SX1276AntSwInit
 .text.SX1276AntSwDeInit
                0x0000000008004a3c       0x1c ../../boards/GC7818-F072/CMakeFiles/GC7818-F072.dir/sx1276mb1las-board.c.obj
                0x0000000008004a3c                SX1276AntSwDeInit
 .text.SX1276SetAntSwLowPower
                0x0000000008004a58       0x20 ../../boards/GC7818-F072/CMakeFiles/GC7818-F072.dir/sx1276mb1las-board.c.obj
                0x0000000008004a58                SX1276SetAntSwLowPower
 .text.SX1276SetAntSw
                0x0000000008004a78       0x18 ../../boards/GC7818-F072/CMakeFiles/GC7818-F072.dir/sx1276mb1las-board.c.obj
                0x0000000008004a78                SX1276SetAntSw
 .text          0x0000000008004a90       0x14 /usr/local/Cellar/arm-none-eabi-gcc/9-2019-q4-major/gcc/bin/../lib/gcc/arm-none-eabi/9.2.1/thumb/v6-m/nofp/libgcc.a(_thumb1_case_sqi.o)
                0x0000000008004a90                __gnu_thumb1_case_sqi
 .text          0x0000000008004aa4       0x14 /usr/local/Cellar/arm-none-eabi-gcc/9-2019-q4-major/gcc/bin/../lib/gcc/arm-none-eabi/9.2.1/thumb/v6-m/nofp/libgcc.a(_thumb1_case_uqi.o)
                0x0000000008004aa4                __gnu_thumb1_case_uqi
 .text          0x0000000008004ab8      0x114 /usr/local/Cellar/arm-none-eabi-gcc/9-2019-q4-major/gcc/bin/../lib/gcc/arm-none-eabi/9.2.1/thumb/v6-m/nofp/libgcc.a(_udivsi3.o)
                0x0000000008004ab8                __udivsi3
                0x0000000008004ab8                __aeabi_uidiv
                0x0000000008004bc4                __aeabi_uidivmod
 .text          0x0000000008004bcc      0x1d4 /usr/local/Cellar/arm-none-eabi-gcc/9-2019-q4-major/gcc/bin/../lib/gcc/arm-none-eabi/9.2.1/thumb/v6-m/nofp/libgcc.a(_divsi3.o)
                0x0000000008004bcc                __aeabi_idiv
                0x0000000008004bcc                __divsi3
                0x0000000008004d98                __aeabi_idivmod
 .text          0x0000000008004da0        0x4 /usr/local/Cellar/arm-none-eabi-gcc/9-2019-q4-major/gcc/bin/../lib/gcc/arm-none-eabi/9.2.1/thumb/v6-m/nofp/libgcc.a(_dvmd_tls.o)
                0x0000000008004da0                __aeabi_ldiv0
                0x0000000008004da0                __aeabi_idiv0
 .text          0x0000000008004da4       0x7c /usr/local/Cellar/arm-none-eabi-gcc/9-2019-q4-major/gcc/bin/../lib/gcc/arm-none-eabi/9.2.1/thumb/v6-m/nofp/libgcc.a(_arm_cmpdf2.o)
                0x0000000008004da4                __aeabi_cdrcmple
                0x0000000008004db4                __aeabi_cdcmple
                0x0000000008004db4                __aeabi_cdcmpeq
                0x0000000008004dc4                __aeabi_dcmpeq
                0x0000000008004dd0                __aeabi_dcmplt
                0x0000000008004de4                __aeabi_dcmple
                0x0000000008004df8                __aeabi_dcmpgt
                0x0000000008004e0c                __aeabi_dcmpge
 .text          0x0000000008004e20       0x40 /usr/local/Cellar/arm-none-eabi-gcc/9-2019-q4-major/gcc/bin/../lib/gcc/arm-none-eabi/9.2.1/thumb/v6-m/nofp/libgcc.a(_aeabi_uldivmod.o)
                0x0000000008004e20                __aeabi_uldivmod
 .text          0x0000000008004e60       0x3c /usr/local/Cellar/arm-none-eabi-gcc/9-2019-q4-major/gcc/bin/../lib/gcc/arm-none-eabi/9.2.1/thumb/v6-m/nofp/libgcc.a(_fixunsdfsi.o)
                0x0000000008004e60                __fixunsdfsi
                0x0000000008004e60                __aeabi_d2uiz
 .text          0x0000000008004e9c      0x198 /usr/local/Cellar/arm-none-eabi-gcc/9-2019-q4-major/gcc/bin/../lib/gcc/arm-none-eabi/9.2.1/thumb/v6-m/nofp/libgcc.a(_udivmoddi4.o)
                0x0000000008004e9c                __udivmoddi4
 .text          0x0000000008005034      0x5d0 /usr/local/Cellar/arm-none-eabi-gcc/9-2019-q4-major/gcc/bin/../lib/gcc/arm-none-eabi/9.2.1/thumb/v6-m/nofp/libgcc.a(divdf3.o)
                0x0000000008005034                __aeabi_ddiv
 .text          0x0000000008005604       0x78 /usr/local/Cellar/arm-none-eabi-gcc/9-2019-q4-major/gcc/bin/../lib/gcc/arm-none-eabi/9.2.1/thumb/v6-m/nofp/libgcc.a(eqdf2.o)
                0x0000000008005604                __eqdf2
                0x0000000008005604                __nedf2
 .text          0x000000000800567c       0xe4 /usr/local/Cellar/arm-none-eabi-gcc/9-2019-q4-major/gcc/bin/../lib/gcc/arm-none-eabi/9.2.1/thumb/v6-m/nofp/libgcc.a(gedf2.o)
                0x000000000800567c                __gtdf2
                0x000000000800567c                __gedf2
 .text          0x0000000008005760       0xe0 /usr/local/Cellar/arm-none-eabi-gcc/9-2019-q4-major/gcc/bin/../lib/gcc/arm-none-eabi/9.2.1/thumb/v6-m/nofp/libgcc.a(ledf2.o)
                0x0000000008005760                __ltdf2
                0x0000000008005760                __ledf2
 .text          0x0000000008005840      0x4d8 /usr/local/Cellar/arm-none-eabi-gcc/9-2019-q4-major/gcc/bin/../lib/gcc/arm-none-eabi/9.2.1/thumb/v6-m/nofp/libgcc.a(muldf3.o)
                0x0000000008005840                __aeabi_dmul
 .text          0x0000000008005d18      0x724 /usr/local/Cellar/arm-none-eabi-gcc/9-2019-q4-major/gcc/bin/../lib/gcc/arm-none-eabi/9.2.1/thumb/v6-m/nofp/libgcc.a(subdf3.o)
                0x0000000008005d18                __aeabi_dsub
 .text          0x000000000800643c       0x6c /usr/local/Cellar/arm-none-eabi-gcc/9-2019-q4-major/gcc/bin/../lib/gcc/arm-none-eabi/9.2.1/thumb/v6-m/nofp/libgcc.a(fixdfsi.o)
                0x000000000800643c                __aeabi_d2iz
 .text          0x00000000080064a8       0x60 /usr/local/Cellar/arm-none-eabi-gcc/9-2019-q4-major/gcc/bin/../lib/gcc/arm-none-eabi/9.2.1/thumb/v6-m/nofp/libgcc.a(floatsidf.o)
                0x00000000080064a8                __aeabi_i2d
 .text          0x0000000008006508       0x4c /usr/local/Cellar/arm-none-eabi-gcc/9-2019-q4-major/gcc/bin/../lib/gcc/arm-none-eabi/9.2.1/thumb/v6-m/nofp/libgcc.a(floatunsidf.o)
                0x0000000008006508                __aeabi_ui2d
 .text          0x0000000008006554       0x3c /usr/local/Cellar/arm-none-eabi-gcc/9-2019-q4-major/gcc/bin/../lib/gcc/arm-none-eabi/9.2.1/thumb/v6-m/nofp/libgcc.a(_clzsi2.o)
                0x0000000008006554                __clzsi2
 .text          0x0000000008006590       0x18 /usr/local/Cellar/arm-none-eabi-gcc/9-2019-q4-major/gcc/bin/../lib/gcc/arm-none-eabi/9.2.1/thumb/v6-m/nofp/libgcc.a(_clzdi2.o)
                0x0000000008006590                __clzdi2
 .text.__libc_init_array
                0x00000000080065a8       0x48 /usr/local/Cellar/arm-none-eabi-gcc/9-2019-q4-major/gcc/bin/../lib/gcc/arm-none-eabi/9.2.1/../../../../arm-none-eabi/lib/thumb/v6-m/nofp/libg_nano.a(lib_a-init.o)
                0x00000000080065a8                __libc_init_array
 .text.memcpy   0x00000000080065f0       0x12 /usr/local/Cellar/arm-none-eabi-gcc/9-2019-q4-major/gcc/bin/../lib/gcc/arm-none-eabi/9.2.1/../../../../arm-none-eabi/lib/thumb/v6-m/nofp/libg_nano.a(lib_a-memcpy-stub.o)
                0x00000000080065f0                memcpy
 .text.memset   0x0000000008006602       0x10 /usr/local/Cellar/arm-none-eabi-gcc/9-2019-q4-major/gcc/bin/../lib/gcc/arm-none-eabi/9.2.1/../../../../arm-none-eabi/lib/thumb/v6-m/nofp/libg_nano.a(lib_a-memset.o)
                0x0000000008006602                memset
 *fill*         0x0000000008006612        0x2 
 .text.printf   0x0000000008006614       0x34 /usr/local/Cellar/arm-none-eabi-gcc/9-2019-q4-major/gcc/bin/../lib/gcc/arm-none-eabi/9.2.1/../../../../arm-none-eabi/lib/thumb/v6-m/nofp/libg_nano.a(lib_a-printf.o)
                0x0000000008006614                printf
                0x0000000008006614                iprintf
 .text          0x0000000008006648        0xe /usr/local/Cellar/arm-none-eabi-gcc/9-2019-q4-major/gcc/bin/../lib/gcc/arm-none-eabi/9.2.1/../../../../arm-none-eabi/lib/thumb/v6-m/nofp/libg_nano.a(lib_a-strlen.o)
                0x0000000008006648                strlen
 .text.strncmp  0x0000000008006656       0x22 /usr/local/Cellar/arm-none-eabi-gcc/9-2019-q4-major/gcc/bin/../lib/gcc/arm-none-eabi/9.2.1/../../../../arm-none-eabi/lib/thumb/v6-m/nofp/libg_nano.a(lib_a-strncmp.o)
                0x0000000008006656                strncmp
 .text.std      0x0000000008006678       0x48 /usr/local/Cellar/arm-none-eabi-gcc/9-2019-q4-major/gcc/bin/../lib/gcc/arm-none-eabi/9.2.1/../../../../arm-none-eabi/lib/thumb/v6-m/nofp/libg_nano.a(lib_a-findfp.o)
 .text._cleanup_r
                0x00000000080066c0       0x10 /usr/local/Cellar/arm-none-eabi-gcc/9-2019-q4-major/gcc/bin/../lib/gcc/arm-none-eabi/9.2.1/../../../../arm-none-eabi/lib/thumb/v6-m/nofp/libg_nano.a(lib_a-findfp.o)
                0x00000000080066c0                _cleanup_r
 .text.__sfmoreglue
                0x00000000080066d0       0x2c /usr/local/Cellar/arm-none-eabi-gcc/9-2019-q4-major/gcc/bin/../lib/gcc/arm-none-eabi/9.2.1/../../../../arm-none-eabi/lib/thumb/v6-m/nofp/libg_nano.a(lib_a-findfp.o)
                0x00000000080066d0                __sfmoreglue
 .text.__sfp_lock_acquire
                0x00000000080066fc       0x10 /usr/local/Cellar/arm-none-eabi-gcc/9-2019-q4-major/gcc/bin/../lib/gcc/arm-none-eabi/9.2.1/../../../../arm-none-eabi/lib/thumb/v6-m/nofp/libg_nano.a(lib_a-findfp.o)
                0x00000000080066fc                __sfp_lock_acquire
 .text.__sfp_lock_release
                0x000000000800670c       0x10 /usr/local/Cellar/arm-none-eabi-gcc/9-2019-q4-major/gcc/bin/../lib/gcc/arm-none-eabi/9.2.1/../../../../arm-none-eabi/lib/thumb/v6-m/nofp/libg_nano.a(lib_a-findfp.o)
                0x000000000800670c                __sfp_lock_release
 .text.__sinit_lock_acquire
                0x000000000800671c       0x10 /usr/local/Cellar/arm-none-eabi-gcc/9-2019-q4-major/gcc/bin/../lib/gcc/arm-none-eabi/9.2.1/../../../../arm-none-eabi/lib/thumb/v6-m/nofp/libg_nano.a(lib_a-findfp.o)
                0x000000000800671c                __sinit_lock_acquire
 .text.__sinit_lock_release
                0x000000000800672c       0x10 /usr/local/Cellar/arm-none-eabi-gcc/9-2019-q4-major/gcc/bin/../lib/gcc/arm-none-eabi/9.2.1/../../../../arm-none-eabi/lib/thumb/v6-m/nofp/libg_nano.a(lib_a-findfp.o)
                0x000000000800672c                __sinit_lock_release
 .text.__sinit  0x000000000800673c       0x70 /usr/local/Cellar/arm-none-eabi-gcc/9-2019-q4-major/gcc/bin/../lib/gcc/arm-none-eabi/9.2.1/../../../../arm-none-eabi/lib/thumb/v6-m/nofp/libg_nano.a(lib_a-findfp.o)
                0x000000000800673c                __sinit
 .text.__sfp    0x00000000080067ac       0x90 /usr/local/Cellar/arm-none-eabi-gcc/9-2019-q4-major/gcc/bin/../lib/gcc/arm-none-eabi/9.2.1/../../../../arm-none-eabi/lib/thumb/v6-m/nofp/libg_nano.a(lib_a-findfp.o)
                0x00000000080067ac                __sfp
 .text._fwalk_reent
                0x000000000800683c       0x40 /usr/local/Cellar/arm-none-eabi-gcc/9-2019-q4-major/gcc/bin/../lib/gcc/arm-none-eabi/9.2.1/../../../../arm-none-eabi/lib/thumb/v6-m/nofp/libg_nano.a(lib_a-fwalk.o)
                0x000000000800683c                _fwalk_reent
 .text.__retarget_lock_init_recursive
                0x000000000800687c        0x2 /usr/local/Cellar/arm-none-eabi-gcc/9-2019-q4-major/gcc/bin/../lib/gcc/arm-none-eabi/9.2.1/../../../../arm-none-eabi/lib/thumb/v6-m/nofp/libg_nano.a(lib_a-lock.o)
                0x000000000800687c                __retarget_lock_init_recursive
 .text.__retarget_lock_acquire_recursive
                0x000000000800687e        0x2 /usr/local/Cellar/arm-none-eabi-gcc/9-2019-q4-major/gcc/bin/../lib/gcc/arm-none-eabi/9.2.1/../../../../arm-none-eabi/lib/thumb/v6-m/nofp/libg_nano.a(lib_a-lock.o)
                0x000000000800687e                __retarget_lock_acquire_recursive
 .text.__retarget_lock_release_recursive
                0x0000000008006880        0x2 /usr/local/Cellar/arm-none-eabi-gcc/9-2019-q4-major/gcc/bin/../lib/gcc/arm-none-eabi/9.2.1/../../../../arm-none-eabi/lib/thumb/v6-m/nofp/libg_nano.a(lib_a-lock.o)
                0x0000000008006880                __retarget_lock_release_recursive
 *fill*         0x0000000008006882        0x2 
 .text._malloc_r
                0x0000000008006884       0xbc /usr/local/Cellar/arm-none-eabi-gcc/9-2019-q4-major/gcc/bin/../lib/gcc/arm-none-eabi/9.2.1/../../../../arm-none-eabi/lib/thumb/v6-m/nofp/libg_nano.a(lib_a-nano-mallocr.o)
                0x0000000008006884                _malloc_r
 .text.__sfputc_r
                0x0000000008006940       0x2a /usr/local/Cellar/arm-none-eabi-gcc/9-2019-q4-major/gcc/bin/../lib/gcc/arm-none-eabi/9.2.1/../../../../arm-none-eabi/lib/thumb/v6-m/nofp/libg_nano.a(lib_a-nano-vfprintf.o)
 .text.__sfputs_r
                0x000000000800696a       0x24 /usr/local/Cellar/arm-none-eabi-gcc/9-2019-q4-major/gcc/bin/../lib/gcc/arm-none-eabi/9.2.1/../../../../arm-none-eabi/lib/thumb/v6-m/nofp/libg_nano.a(lib_a-nano-vfprintf.o)
                0x000000000800696a                __sfputs_r
 *fill*         0x000000000800698e        0x2 
 .text._vfprintf_r
                0x0000000008006990      0x274 /usr/local/Cellar/arm-none-eabi-gcc/9-2019-q4-major/gcc/bin/../lib/gcc/arm-none-eabi/9.2.1/../../../../arm-none-eabi/lib/thumb/v6-m/nofp/libg_nano.a(lib_a-nano-vfprintf.o)
                0x0000000008006990                _vfiprintf_r
                0x0000000008006990                _vfprintf_r
 .text._printf_common
                0x0000000008006c04       0xde /usr/local/Cellar/arm-none-eabi-gcc/9-2019-q4-major/gcc/bin/../lib/gcc/arm-none-eabi/9.2.1/../../../../arm-none-eabi/lib/thumb/v6-m/nofp/libg_nano.a(lib_a-nano-vfprintf_i.o)
                0x0000000008006c04                _printf_common
 *fill*         0x0000000008006ce2        0x2 
 .text._printf_i
                0x0000000008006ce4      0x224 /usr/local/Cellar/arm-none-eabi-gcc/9-2019-q4-major/gcc/bin/../lib/gcc/arm-none-eabi/9.2.1/../../../../arm-none-eabi/lib/thumb/v6-m/nofp/libg_nano.a(lib_a-nano-vfprintf_i.o)
                0x0000000008006ce4                _printf_i
 .text._sbrk_r  0x0000000008006f08       0x24 /usr/local/Cellar/arm-none-eabi-gcc/9-2019-q4-major/gcc/bin/../lib/gcc/arm-none-eabi/9.2.1/../../../../arm-none-eabi/lib/thumb/v6-m/nofp/libg_nano.a(lib_a-sbrkr.o)
                0x0000000008006f08                _sbrk_r
 .text.__sread  0x0000000008006f2c       0x28 /usr/local/Cellar/arm-none-eabi-gcc/9-2019-q4-major/gcc/bin/../lib/gcc/arm-none-eabi/9.2.1/../../../../arm-none-eabi/lib/thumb/v6-m/nofp/libg_nano.a(lib_a-stdio.o)
                0x0000000008006f2c                __sread
 .text.__swrite
                0x0000000008006f54       0x38 /usr/local/Cellar/arm-none-eabi-gcc/9-2019-q4-major/gcc/bin/../lib/gcc/arm-none-eabi/9.2.1/../../../../arm-none-eabi/lib/thumb/v6-m/nofp/libg_nano.a(lib_a-stdio.o)
                0x0000000008006f54                __swrite
 .text.__sseek  0x0000000008006f8c       0x2c /usr/local/Cellar/arm-none-eabi-gcc/9-2019-q4-major/gcc/bin/../lib/gcc/arm-none-eabi/9.2.1/../../../../arm-none-eabi/lib/thumb/v6-m/nofp/libg_nano.a(lib_a-stdio.o)
                0x0000000008006f8c                __sseek
 .text.__sclose
                0x0000000008006fb8        0xc /usr/local/Cellar/arm-none-eabi-gcc/9-2019-q4-major/gcc/bin/../lib/gcc/arm-none-eabi/9.2.1/../../../../arm-none-eabi/lib/thumb/v6-m/nofp/libg_nano.a(lib_a-stdio.o)
                0x0000000008006fb8                __sclose
 .text.__swbuf_r
                0x0000000008006fc4       0xac /usr/local/Cellar/arm-none-eabi-gcc/9-2019-q4-major/gcc/bin/../lib/gcc/arm-none-eabi/9.2.1/../../../../arm-none-eabi/lib/thumb/v6-m/nofp/libg_nano.a(lib_a-wbuf.o)
                0x0000000008006fc4                __swbuf_r
 .text._write_r
                0x0000000008007070       0x28 /usr/local/Cellar/arm-none-eabi-gcc/9-2019-q4-major/gcc/bin/../lib/gcc/arm-none-eabi/9.2.1/../../../../arm-none-eabi/lib/thumb/v6-m/nofp/libg_nano.a(lib_a-writer.o)
                0x0000000008007070                _write_r
 .text.__swsetup_r
                0x0000000008007098       0xf0 /usr/local/Cellar/arm-none-eabi-gcc/9-2019-q4-major/gcc/bin/../lib/gcc/arm-none-eabi/9.2.1/../../../../arm-none-eabi/lib/thumb/v6-m/nofp/libg_nano.a(lib_a-wsetup.o)
                0x0000000008007098                __swsetup_r
 .text._close_r
                0x0000000008007188       0x24 /usr/local/Cellar/arm-none-eabi-gcc/9-2019-q4-major/gcc/bin/../lib/gcc/arm-none-eabi/9.2.1/../../../../arm-none-eabi/lib/thumb/v6-m/nofp/libg_nano.a(lib_a-closer.o)
                0x0000000008007188                _close_r
 .text.__sflush_r
                0x00000000080071ac      0x118 /usr/local/Cellar/arm-none-eabi-gcc/9-2019-q4-major/gcc/bin/../lib/gcc/arm-none-eabi/9.2.1/../../../../arm-none-eabi/lib/thumb/v6-m/nofp/libg_nano.a(lib_a-fflush.o)
                0x00000000080071ac                __sflush_r
 .text._fflush_r
                0x00000000080072c4       0x80 /usr/local/Cellar/arm-none-eabi-gcc/9-2019-q4-major/gcc/bin/../lib/gcc/arm-none-eabi/9.2.1/../../../../arm-none-eabi/lib/thumb/v6-m/nofp/libg_nano.a(lib_a-fflush.o)
                0x00000000080072c4                _fflush_r
 .text._lseek_r
                0x0000000008007344       0x28 /usr/local/Cellar/arm-none-eabi-gcc/9-2019-q4-major/gcc/bin/../lib/gcc/arm-none-eabi/9.2.1/../../../../arm-none-eabi/lib/thumb/v6-m/nofp/libg_nano.a(lib_a-lseekr.o)
                0x0000000008007344                _lseek_r
 .text.__swhatbuf_r
                0x000000000800736c       0x50 /usr/local/Cellar/arm-none-eabi-gcc/9-2019-q4-major/gcc/bin/../lib/gcc/arm-none-eabi/9.2.1/../../../../arm-none-eabi/lib/thumb/v6-m/nofp/libg_nano.a(lib_a-makebuf.o)
                0x000000000800736c                __swhatbuf_r
 .text.__smakebuf_r
                0x00000000080073bc       0x88 /usr/local/Cellar/arm-none-eabi-gcc/9-2019-q4-major/gcc/bin/../lib/gcc/arm-none-eabi/9.2.1/../../../../arm-none-eabi/lib/thumb/v6-m/nofp/libg_nano.a(lib_a-makebuf.o)
                0x00000000080073bc                __smakebuf_r
 .text.memchr   0x0000000008007444       0x16 /usr/local/Cellar/arm-none-eabi-gcc/9-2019-q4-major/gcc/bin/../lib/gcc/arm-none-eabi/9.2.1/../../../../arm-none-eabi/lib/thumb/v6-m/nofp/libg_nano.a(lib_a-memchr-stub.o)
                0x0000000008007444                memchr
 *fill*         0x000000000800745a        0x2 
 .text.__malloc_lock
                0x000000000800745c       0x10 /usr/local/Cellar/arm-none-eabi-gcc/9-2019-q4-major/gcc/bin/../lib/gcc/arm-none-eabi/9.2.1/../../../../arm-none-eabi/lib/thumb/v6-m/nofp/libg_nano.a(lib_a-mlock.o)
                0x000000000800745c                __malloc_lock
 .text.__malloc_unlock
                0x000000000800746c       0x10 /usr/local/Cellar/arm-none-eabi-gcc/9-2019-q4-major/gcc/bin/../lib/gcc/arm-none-eabi/9.2.1/../../../../arm-none-eabi/lib/thumb/v6-m/nofp/libg_nano.a(lib_a-mlock.o)
                0x000000000800746c                __malloc_unlock
 .text._free_r  0x000000000800747c       0x94 /usr/local/Cellar/arm-none-eabi-gcc/9-2019-q4-major/gcc/bin/../lib/gcc/arm-none-eabi/9.2.1/../../../../arm-none-eabi/lib/thumb/v6-m/nofp/libg_nano.a(lib_a-nano-freer.o)
                0x000000000800747c                _free_r
 .text._read_r  0x0000000008007510       0x28 /usr/local/Cellar/arm-none-eabi-gcc/9-2019-q4-major/gcc/bin/../lib/gcc/arm-none-eabi/9.2.1/../../../../arm-none-eabi/lib/thumb/v6-m/nofp/libg_nano.a(lib_a-readr.o)
                0x0000000008007510                _read_r
 .text._fstat_r
                0x0000000008007538       0x24 /usr/local/Cellar/arm-none-eabi-gcc/9-2019-q4-major/gcc/bin/../lib/gcc/arm-none-eabi/9.2.1/../../../../arm-none-eabi/lib/thumb/v6-m/nofp/libg_nano.a(lib_a-fstatr.o)
                0x0000000008007538                _fstat_r
 .text._isatty_r
                0x000000000800755c       0x24 /usr/local/Cellar/arm-none-eabi-gcc/9-2019-q4-major/gcc/bin/../lib/gcc/arm-none-eabi/9.2.1/../../../../arm-none-eabi/lib/thumb/v6-m/nofp/libg_nano.a(lib_a-isattyr.o)
                0x000000000800755c                _isatty_r
 .text          0x0000000008007580       0x14 /usr/local/Cellar/arm-none-eabi-gcc/9-2019-q4-major/gcc/bin/../lib/gcc/arm-none-eabi/9.2.1/thumb/v6-m/nofp/libgcc.a(_thumb1_case_shi.o)
                0x0000000008007580                __gnu_thumb1_case_shi
 .text._close   0x0000000008007594       0x10 /usr/local/Cellar/arm-none-eabi-gcc/9-2019-q4-major/gcc/bin/../lib/gcc/arm-none-eabi/9.2.1/../../../../arm-none-eabi/lib/thumb/v6-m/nofp/libnosys.a(close.o)
                0x0000000008007594                _close
 .text._fstat   0x00000000080075a4       0x10 /usr/local/Cellar/arm-none-eabi-gcc/9-2019-q4-major/gcc/bin/../lib/gcc/arm-none-eabi/9.2.1/../../../../arm-none-eabi/lib/thumb/v6-m/nofp/libnosys.a(fstat.o)
                0x00000000080075a4                _fstat
 .text._isatty  0x00000000080075b4       0x10 /usr/local/Cellar/arm-none-eabi-gcc/9-2019-q4-major/gcc/bin/../lib/gcc/arm-none-eabi/9.2.1/../../../../arm-none-eabi/lib/thumb/v6-m/nofp/libnosys.a(isatty.o)
                0x00000000080075b4                _isatty
 .text._lseek   0x00000000080075c4       0x10 /usr/local/Cellar/arm-none-eabi-gcc/9-2019-q4-major/gcc/bin/../lib/gcc/arm-none-eabi/9.2.1/../../../../arm-none-eabi/lib/thumb/v6-m/nofp/libnosys.a(lseek.o)
                0x00000000080075c4                _lseek
 .text._sbrk    0x00000000080075d4       0x1c /usr/local/Cellar/arm-none-eabi-gcc/9-2019-q4-major/gcc/bin/../lib/gcc/arm-none-eabi/9.2.1/../../../../arm-none-eabi/lib/thumb/v6-m/nofp/libnosys.a(sbrk.o)
                0x00000000080075d4                _sbrk
 *(.init)
 .init          0x00000000080075f0        0x4 /usr/local/Cellar/arm-none-eabi-gcc/9-2019-q4-major/gcc/bin/../lib/gcc/arm-none-eabi/9.2.1/thumb/v6-m/nofp/crti.o
                0x00000000080075f0                _init
 .init          0x00000000080075f4        0x8 /usr/local/Cellar/arm-none-eabi-gcc/9-2019-q4-major/gcc/bin/../lib/gcc/arm-none-eabi/9.2.1/thumb/v6-m/nofp/crtn.o
 *(.fini)
 .fini          0x00000000080075fc        0x4 /usr/local/Cellar/arm-none-eabi-gcc/9-2019-q4-major/gcc/bin/../lib/gcc/arm-none-eabi/9.2.1/thumb/v6-m/nofp/crti.o
                0x00000000080075fc                _fini
 .fini          0x0000000008007600        0x8 /usr/local/Cellar/arm-none-eabi-gcc/9-2019-q4-major/gcc/bin/../lib/gcc/arm-none-eabi/9.2.1/thumb/v6-m/nofp/crtn.o
 *crtbegin.o(.ctors)
 *crtbegin?.o(.ctors)
 *(EXCLUDE_FILE(*crtend.o *crtend?.o) .ctors)
 *(SORT_BY_NAME(.ctors.*))
 *(.ctors)
 *crtbegin.o(.dtors)
 *crtbegin?.o(.dtors)
 *(EXCLUDE_FILE(*crtend.o *crtend?.o) .dtors)
 *(SORT_BY_NAME(.dtors.*))
 *(.dtors)
 *(.rodata*)
 .rodata.main.str1.1
                0x0000000008007608       0x2c CMakeFiles/ping-pong.dir/GC7818-F072/main.c.obj
 .rodata.PingMsg
                0x0000000008007634       0x41 CMakeFiles/ping-pong.dir/GC7818-F072/main.c.obj
                0x0000000008007634                PingMsg
 *fill*         0x0000000008007675        0x3 
 .rodata.PongMsg
                0x0000000008007678       0x41 CMakeFiles/ping-pong.dir/GC7818-F072/main.c.obj
                0x0000000008007678                PongMsg
 *fill*         0x00000000080076b9        0x3 
 .rodata.CSWTCH.65
                0x00000000080076bc        0xc ../../radio/CMakeFiles/radio.dir/sx1276/sx1276.c.obj
 .rodata.FskBandwidths
                0x00000000080076c8       0xb0 ../../radio/CMakeFiles/radio.dir/sx1276/sx1276.c.obj
                0x00000000080076c8                FskBandwidths
 .rodata.RadioRegsInit
                0x0000000008007778       0x30 ../../radio/CMakeFiles/radio.dir/sx1276/sx1276.c.obj
                0x0000000008007778                RadioRegsInit
 .rodata.BoardInitMcu.str1.1
                0x00000000080077a8        0x6 ../../boards/GC7818-F072/CMakeFiles/GC7818-F072.dir/board.c.obj
 .rodata.CSWTCH.7
                0x00000000080077ae        0x4 ../../boards/GC7818-F072/CMakeFiles/GC7818-F072.dir/gpio-board.c.obj
 *fill*         0x00000000080077b2        0x2 
 .rodata.DaysInMonth
                0x00000000080077b4        0xc ../../boards/GC7818-F072/CMakeFiles/GC7818-F072.dir/rtc-board.c.obj
 .rodata.DaysInMonthLeapYear
                0x00000000080077c0        0xc ../../boards/GC7818-F072/CMakeFiles/GC7818-F072.dir/rtc-board.c.obj
 .rodata.AHBPrescTable
                0x00000000080077cc       0x10 ../../boards/GC7818-F072/CMakeFiles/GC7818-F072.dir/cmsis/system_stm32f0xx.c.obj
                0x00000000080077cc                AHBPrescTable
 .rodata.APBPrescTable
                0x00000000080077dc        0x8 ../../boards/GC7818-F072/CMakeFiles/GC7818-F072.dir/cmsis/system_stm32f0xx.c.obj
                0x00000000080077dc                APBPrescTable
 .rodata.HAL_RCC_GetSysClockFreq.str1.1
                0x00000000080077e4       0x22 ../../boards/GC7818-F072/CMakeFiles/GC7818-F072.dir/__/mcu/stm32/STM32F0xx_HAL_Driver/Src/stm32f0xx_hal_rcc.c.obj
 .rodata.CSWTCH.58
                0x0000000008007806        0x3 ../../boards/GC7818-F072/CMakeFiles/GC7818-F072.dir/__/mcu/stm32/STM32F0xx_HAL_Driver/Src/stm32f0xx_hal_uart.c.obj
 *fill*         0x0000000008007809        0x3 
 .rodata.Radio  0x000000000800780c       0x6c ../../boards/GC7818-F072/CMakeFiles/GC7818-F072.dir/sx1276mb1las-board.c.obj
                0x000000000800780c                Radio
 .rodata        0x0000000008007878       0x40 /usr/local/Cellar/arm-none-eabi-gcc/9-2019-q4-major/gcc/bin/../lib/gcc/arm-none-eabi/9.2.1/thumb/v6-m/nofp/libgcc.a(divdf3.o)
 .rodata        0x00000000080078b8       0x40 /usr/local/Cellar/arm-none-eabi-gcc/9-2019-q4-major/gcc/bin/../lib/gcc/arm-none-eabi/9.2.1/thumb/v6-m/nofp/libgcc.a(muldf3.o)
 .rodata._global_impure_ptr
                0x00000000080078f8        0x4 /usr/local/Cellar/arm-none-eabi-gcc/9-2019-q4-major/gcc/bin/../lib/gcc/arm-none-eabi/9.2.1/../../../../arm-none-eabi/lib/thumb/v6-m/nofp/libg_nano.a(lib_a-impure.o)
                0x00000000080078f8                _global_impure_ptr
 .rodata.__sf_fake_stderr
                0x00000000080078fc       0x20 /usr/local/Cellar/arm-none-eabi-gcc/9-2019-q4-major/gcc/bin/../lib/gcc/arm-none-eabi/9.2.1/../../../../arm-none-eabi/lib/thumb/v6-m/nofp/libg_nano.a(lib_a-findfp.o)
                0x00000000080078fc                __sf_fake_stderr
 .rodata.__sf_fake_stdin
                0x000000000800791c       0x20 /usr/local/Cellar/arm-none-eabi-gcc/9-2019-q4-major/gcc/bin/../lib/gcc/arm-none-eabi/9.2.1/../../../../arm-none-eabi/lib/thumb/v6-m/nofp/libg_nano.a(lib_a-findfp.o)
                0x000000000800791c                __sf_fake_stdin
 .rodata.__sf_fake_stdout
                0x000000000800793c       0x20 /usr/local/Cellar/arm-none-eabi-gcc/9-2019-q4-major/gcc/bin/../lib/gcc/arm-none-eabi/9.2.1/../../../../arm-none-eabi/lib/thumb/v6-m/nofp/libg_nano.a(lib_a-findfp.o)
                0x000000000800793c                __sf_fake_stdout
 .rodata._vfprintf_r.str1.1
                0x000000000800795c       0x11 /usr/local/Cellar/arm-none-eabi-gcc/9-2019-q4-major/gcc/bin/../lib/gcc/arm-none-eabi/9.2.1/../../../../arm-none-eabi/lib/thumb/v6-m/nofp/libg_nano.a(lib_a-nano-vfprintf.o)
 .rodata._printf_i.str1.1
                0x000000000800796d       0x22 /usr/local/Cellar/arm-none-eabi-gcc/9-2019-q4-major/gcc/bin/../lib/gcc/arm-none-eabi/9.2.1/../../../../arm-none-eabi/lib/thumb/v6-m/nofp/libg_nano.a(lib_a-nano-vfprintf_i.o)
 *(.eh_frame*)
 *fill*         0x000000000800798f        0x1 
 .eh_frame      0x0000000008007990        0x0 /usr/local/Cellar/arm-none-eabi-gcc/9-2019-q4-major/gcc/bin/../lib/gcc/arm-none-eabi/9.2.1/thumb/v6-m/nofp/crtbegin.o
 .eh_frame      0x0000000008007990        0x4 /usr/local/Cellar/arm-none-eabi-gcc/9-2019-q4-major/gcc/bin/../lib/gcc/arm-none-eabi/9.2.1/thumb/v6-m/nofp/crtend.o

.glue_7         0x0000000008007994        0x0
 .glue_7        0x0000000008007994        0x0 linker stubs

.glue_7t        0x0000000008007994        0x0
 .glue_7t       0x0000000008007994        0x0 linker stubs

.vfp11_veneer   0x0000000008007994        0x0
 .vfp11_veneer  0x0000000008007994        0x0 linker stubs

.v4_bx          0x0000000008007994        0x0
 .v4_bx         0x0000000008007994        0x0 linker stubs

.iplt           0x0000000008007994        0x0
 .iplt          0x0000000008007994        0x0 /usr/local/Cellar/arm-none-eabi-gcc/9-2019-q4-major/gcc/bin/../lib/gcc/arm-none-eabi/9.2.1/thumb/v6-m/nofp/crtbegin.o

.ARM.extab
 *(.ARM.extab* .gnu.linkonce.armextab.*)
                0x0000000008007994                __exidx_start = .

.ARM.exidx      0x0000000008007994        0x8
 *(.ARM.exidx* .gnu.linkonce.armexidx.*)
 .ARM.exidx     0x0000000008007994        0x8 /usr/local/Cellar/arm-none-eabi-gcc/9-2019-q4-major/gcc/bin/../lib/gcc/arm-none-eabi/9.2.1/thumb/v6-m/nofp/libgcc.a(_udivmoddi4.o)
                0x000000000800799c                __exidx_end = .
                0x000000000800799c                __etext = .
                0x000000000800799c                _sidata = .

.rel.dyn        0x000000000800799c        0x0
 .rel.iplt      0x000000000800799c        0x0 /usr/local/Cellar/arm-none-eabi-gcc/9-2019-q4-major/gcc/bin/../lib/gcc/arm-none-eabi/9.2.1/thumb/v6-m/nofp/crtbegin.o

.data           0x0000000020000000       0x98 load address 0x000000000800799c
                0x0000000020000000                __data_start__ = .
                0x0000000020000000                _sdata = .
 *(vtable)
 *(.data*)
 .data.BufferSize
                0x0000000020000000        0x2 CMakeFiles/ping-pong.dir/GC7818-F072/main.c.obj
                0x0000000020000000                BufferSize
 *fill*         0x0000000020000002        0x2 
 .data.DioIrq   0x0000000020000004       0x18 ../../radio/CMakeFiles/radio.dir/sx1276/sx1276.c.obj
                0x0000000020000004                DioIrq
 .data.next     0x000000002000001c        0x4 ../../boards/GC7818-F072/CMakeFiles/GC7818-F072.dir/__/mcu/utilities.c.obj
 .data.SystemCoreClock
                0x0000000020000020        0x4 ../../boards/GC7818-F072/CMakeFiles/GC7818-F072.dir/cmsis/system_stm32f0xx.c.obj
                0x0000000020000020                SystemCoreClock
 .data.uwTickFreq
                0x0000000020000024        0x1 ../../boards/GC7818-F072/CMakeFiles/GC7818-F072.dir/__/mcu/stm32/STM32F0xx_HAL_Driver/Src/stm32f0xx_hal.c.obj
                0x0000000020000024                uwTickFreq
 *fill*         0x0000000020000025        0x3 
 .data.uwTickPrio
                0x0000000020000028        0x4 ../../boards/GC7818-F072/CMakeFiles/GC7818-F072.dir/__/mcu/stm32/STM32F0xx_HAL_Driver/Src/stm32f0xx_hal.c.obj
                0x0000000020000028                uwTickPrio
 .data._impure_ptr
                0x000000002000002c        0x4 /usr/local/Cellar/arm-none-eabi-gcc/9-2019-q4-major/gcc/bin/../lib/gcc/arm-none-eabi/9.2.1/../../../../arm-none-eabi/lib/thumb/v6-m/nofp/libg_nano.a(lib_a-impure.o)
                0x000000002000002c                _impure_ptr
 .data.impure_data
                0x0000000020000030       0x60 /usr/local/Cellar/arm-none-eabi-gcc/9-2019-q4-major/gcc/bin/../lib/gcc/arm-none-eabi/9.2.1/../../../../arm-none-eabi/lib/thumb/v6-m/nofp/libg_nano.a(lib_a-impure.o)
                0x0000000020000090                . = ALIGN (0x4)
                0x0000000020000090                PROVIDE (__preinit_array_start = .)
 *(.preinit_array)
                0x0000000020000090                PROVIDE (__preinit_array_end = .)
                0x0000000020000090                . = ALIGN (0x4)
                0x0000000020000090                PROVIDE (__init_array_start = .)
 *(SORT_BY_NAME(.init_array.*))
 *(.init_array)
 .init_array    0x0000000020000090        0x4 /usr/local/Cellar/arm-none-eabi-gcc/9-2019-q4-major/gcc/bin/../lib/gcc/arm-none-eabi/9.2.1/thumb/v6-m/nofp/crtbegin.o
                0x0000000020000094                PROVIDE (__init_array_end = .)
                0x0000000020000094                . = ALIGN (0x4)
                [!provide]                        PROVIDE (__fini_array_start = .)
 *(SORT_BY_NAME(.fini_array.*))
 *(.fini_array)
 .fini_array    0x0000000020000094        0x4 /usr/local/Cellar/arm-none-eabi-gcc/9-2019-q4-major/gcc/bin/../lib/gcc/arm-none-eabi/9.2.1/thumb/v6-m/nofp/crtbegin.o
                [!provide]                        PROVIDE (__fini_array_end = .)
 *(.jcr*)
                0x0000000020000098                . = ALIGN (0x4)
                0x0000000020000098                __data_end__ = .
                0x0000000020000098                _edata = .

.igot.plt       0x0000000020000098        0x0 load address 0x0000000008007a34
 .igot.plt      0x0000000020000098        0x0 /usr/local/Cellar/arm-none-eabi-gcc/9-2019-q4-major/gcc/bin/../lib/gcc/arm-none-eabi/9.2.1/thumb/v6-m/nofp/crtbegin.o

.bss            0x0000000020000098      0xe20 load address 0x0000000008007a38
                0x0000000020000098                . = ALIGN (0x4)
                0x0000000020000098                __bss_start__ = .
                0x0000000020000098                _sbss = .
 *(.bss*)
 .bss           0x0000000020000098       0x1c /usr/local/Cellar/arm-none-eabi-gcc/9-2019-q4-major/gcc/bin/../lib/gcc/arm-none-eabi/9.2.1/thumb/v6-m/nofp/crtbegin.o
 .bss.RadioEvents
                0x00000000200000b4       0x24 CMakeFiles/ping-pong.dir/GC7818-F072/main.c.obj
 .bss.RssiValue
                0x00000000200000d8        0x1 CMakeFiles/ping-pong.dir/GC7818-F072/main.c.obj
                0x00000000200000d8                RssiValue
 .bss.SnrValue  0x00000000200000d9        0x1 CMakeFiles/ping-pong.dir/GC7818-F072/main.c.obj
                0x00000000200000d9                SnrValue
 .bss.State     0x00000000200000da        0x1 CMakeFiles/ping-pong.dir/GC7818-F072/main.c.obj
                0x00000000200000da                State
 *fill*         0x00000000200000db        0x1 
 .bss.TimerListHead
                0x00000000200000dc        0x4 ../../system/CMakeFiles/system.dir/timer.c.obj
 .bss.RadioEvents
                0x00000000200000e0        0x4 ../../radio/CMakeFiles/radio.dir/sx1276/sx1276.c.obj
 .bss.RxTxBuffer
                0x00000000200000e4      0x100 ../../radio/CMakeFiles/radio.dir/sx1276/sx1276.c.obj
 .bss.CalibrateSystemWakeupTimeTimer
                0x00000000200001e4       0x18 ../../boards/GC7818-F072/CMakeFiles/GC7818-F072.dir/board.c.obj
 .bss.McuInitialized
                0x00000000200001fc        0x1 ../../boards/GC7818-F072/CMakeFiles/GC7818-F072.dir/board.c.obj
 .bss.SystemWakeupTimeCalibrated
                0x00000000200001fd        0x1 ../../boards/GC7818-F072/CMakeFiles/GC7818-F072.dir/board.c.obj
 .bss.UsbIsConnected
                0x00000000200001fe        0x1 ../../boards/GC7818-F072/CMakeFiles/GC7818-F072.dir/board.c.obj
 *fill*         0x00000000200001ff        0x1 
 .bss.GpioIrq   0x0000000020000200       0x40 ../../boards/GC7818-F072/CMakeFiles/GC7818-F072.dir/gpio-board.c.obj
 .bss.OffModeDisable
                0x0000000020000240        0x4 ../../boards/GC7818-F072/CMakeFiles/GC7818-F072.dir/lpm-board.c.obj
 .bss.StopModeDisable
                0x0000000020000244        0x4 ../../boards/GC7818-F072/CMakeFiles/GC7818-F072.dir/lpm-board.c.obj
 .bss.McuWakeUpTimeCal
                0x0000000020000248        0x2 ../../boards/GC7818-F072/CMakeFiles/GC7818-F072.dir/rtc-board.c.obj
 .bss.McuWakeUpTimeInitialized
                0x000000002000024a        0x1 ../../boards/GC7818-F072/CMakeFiles/GC7818-F072.dir/rtc-board.c.obj
 *fill*         0x000000002000024b        0x1 
 .bss.RtcAlarm  0x000000002000024c       0x28 ../../boards/GC7818-F072/CMakeFiles/GC7818-F072.dir/rtc-board.c.obj
 .bss.RtcHandle
                0x0000000020000274       0x20 ../../boards/GC7818-F072/CMakeFiles/GC7818-F072.dir/rtc-board.c.obj
 .bss.RtcInitialized
                0x0000000020000294        0x1 ../../boards/GC7818-F072/CMakeFiles/GC7818-F072.dir/rtc-board.c.obj
 *fill*         0x0000000020000295        0x3 
 .bss.RtcTimerContext
                0x0000000020000298       0x1c ../../boards/GC7818-F072/CMakeFiles/GC7818-F072.dir/rtc-board.c.obj
 .bss.SpiHandle
                0x00000000200002b4       0xc8 ../../boards/GC7818-F072/CMakeFiles/GC7818-F072.dir/spi-board.c.obj
 .bss.RxData    0x000000002000037c        0x1 ../../boards/GC7818-F072/CMakeFiles/GC7818-F072.dir/uart-board.c.obj
                0x000000002000037c                RxData
 .bss.TxData    0x000000002000037d        0x1 ../../boards/GC7818-F072/CMakeFiles/GC7818-F072.dir/uart-board.c.obj
                0x000000002000037d                TxData
 *fill*         0x000000002000037e        0x2 
 .bss.UartHandle
                0x0000000020000380       0x80 ../../boards/GC7818-F072/CMakeFiles/GC7818-F072.dir/uart-board.c.obj
 .bss.RadioIsActive
                0x0000000020000400        0x1 ../../boards/GC7818-F072/CMakeFiles/GC7818-F072.dir/sx1276mb1las-board.c.obj
 *fill*         0x0000000020000401        0x3 
 .bss.__malloc_free_list
                0x0000000020000404        0x4 /usr/local/Cellar/arm-none-eabi-gcc/9-2019-q4-major/gcc/bin/../lib/gcc/arm-none-eabi/9.2.1/../../../../arm-none-eabi/lib/thumb/v6-m/nofp/libg_nano.a(lib_a-nano-mallocr.o)
                0x0000000020000404                __malloc_free_list
 .bss.__malloc_sbrk_start
                0x0000000020000408        0x4 /usr/local/Cellar/arm-none-eabi-gcc/9-2019-q4-major/gcc/bin/../lib/gcc/arm-none-eabi/9.2.1/../../../../arm-none-eabi/lib/thumb/v6-m/nofp/libg_nano.a(lib_a-nano-mallocr.o)
                0x0000000020000408                __malloc_sbrk_start
 .bss.heap_end.4144
                0x000000002000040c        0x4 /usr/local/Cellar/arm-none-eabi-gcc/9-2019-q4-major/gcc/bin/../lib/gcc/arm-none-eabi/9.2.1/../../../../arm-none-eabi/lib/thumb/v6-m/nofp/libnosys.a(sbrk.o)
 *(COMMON)
 COMMON         0x0000000020000410       0x48 CMakeFiles/ping-pong.dir/GC7818-F072/main.c.obj
                0x0000000020000410                t
                0x0000000020000418                Buffer
 COMMON         0x0000000020000458      0x18c ../../radio/CMakeFiles/radio.dir/sx1276/sx1276.c.obj
                0x0000000020000458                TxTimeoutTimer
                0x0000000020000470                RxTimeoutSyncWord
                0x0000000020000488                SX1276
                0x00000000200005cc                RxTimeoutTimer
 COMMON         0x00000000200005e4      0x8ac ../../boards/GC7818-F072/CMakeFiles/GC7818-F072.dir/board.c.obj
                0x00000000200005e4                Led2
                0x00000000200005f8                LedOnBoard
                0x000000002000060c                Uart1TxBuffer
                0x0000000020000a0c                Uart1
                0x0000000020000a54                Uart1RxBuffer
                0x0000000020000e54                LedRed
                0x0000000020000e68                Led1
                0x0000000020000e7c                LedGreen
 COMMON         0x0000000020000e90        0x4 ../../boards/GC7818-F072/CMakeFiles/GC7818-F072.dir/__/mcu/stm32/STM32F0xx_HAL_Driver/Src/stm32f0xx_hal.c.obj
                0x0000000020000e90                uwTick
 COMMON         0x0000000020000e94       0x14 ../../boards/GC7818-F072/CMakeFiles/GC7818-F072.dir/sx1276mb1las-board.c.obj
                0x0000000020000e94                AntSwitch
 COMMON         0x0000000020000ea8        0x9 /usr/local/Cellar/arm-none-eabi-gcc/9-2019-q4-major/gcc/bin/../lib/gcc/arm-none-eabi/9.2.1/../../../../arm-none-eabi/lib/thumb/v6-m/nofp/libg_nano.a(lib_a-lock.o)
                0x0000000020000ea8                __lock___atexit_recursive_mutex
                0x0000000020000ea9                __lock___arc4random_mutex
                0x0000000020000eaa                __lock___env_recursive_mutex
                0x0000000020000eab                __lock___sinit_recursive_mutex
                0x0000000020000eac                __lock___malloc_recursive_mutex
                0x0000000020000ead                __lock___at_quick_exit_mutex
                0x0000000020000eae                __lock___dd_hash_mutex
                0x0000000020000eaf                __lock___tz_mutex
                0x0000000020000eb0                __lock___sfp_recursive_mutex
 *fill*         0x0000000020000eb1        0x3 
 COMMON         0x0000000020000eb4        0x4 /usr/local/Cellar/arm-none-eabi-gcc/9-2019-q4-major/gcc/bin/../lib/gcc/arm-none-eabi/9.2.1/../../../../arm-none-eabi/lib/thumb/v6-m/nofp/libg_nano.a(lib_a-reent.o)
                0x0000000020000eb4                errno
                0x0000000020000eb8                . = ALIGN (0x4)
                0x0000000020000eb8                __bss_end__ = .
                0x0000000020000eb8                _ebss = .

.heap           0x0000000020000eb8        0x0
                0x0000000020000eb8                __end__ = .
                0x0000000020000eb8                end = __end__
 *(.heap*)
                0x0000000020000eb8                __HeapLimit = .

.stack_dummy    0x0000000020000eb8        0x0
 *(.stack*)
                0x0000000020004000                __StackTop = (ORIGIN (RAM) + LENGTH (RAM))
                0x0000000020004000                _estack = __StackTop
                0x0000000020004000                __StackLimit = (__StackTop - SIZEOF (.stack_dummy))
                0x0000000020004000                PROVIDE (__stack = __StackTop)
                0x0000000000000001                ASSERT ((__StackLimit >= __HeapLimit), region RAM overflowed with stack)
OUTPUT(ping-pong elf32-littlearm)

.ARM.attributes
                0x0000000000000000       0x2a
 .ARM.attributes
                0x0000000000000000       0x1e /usr/local/Cellar/arm-none-eabi-gcc/9-2019-q4-major/gcc/bin/../lib/gcc/arm-none-eabi/9.2.1/thumb/v6-m/nofp/crti.o
 .ARM.attributes
                0x000000000000001e       0x2c /usr/local/Cellar/arm-none-eabi-gcc/9-2019-q4-major/gcc/bin/../lib/gcc/arm-none-eabi/9.2.1/thumb/v6-m/nofp/crtbegin.o
 .ARM.attributes
                0x000000000000004a       0x28 CMakeFiles/ping-pong.dir/GC7818-F072/main.c.obj
 .ARM.attributes
                0x0000000000000072       0x28 ../../system/CMakeFiles/system.dir/delay.c.obj
 .ARM.attributes
                0x000000000000009a       0x28 ../../system/CMakeFiles/system.dir/fifo.c.obj
 .ARM.attributes
                0x00000000000000c2       0x28 ../../system/CMakeFiles/system.dir/gpio.c.obj
 .ARM.attributes
                0x00000000000000ea       0x28 ../../system/CMakeFiles/system.dir/timer.c.obj
 .ARM.attributes
                0x0000000000000112       0x28 ../../system/CMakeFiles/system.dir/uart.c.obj
 .ARM.attributes
                0x000000000000013a       0x28 ../../radio/CMakeFiles/radio.dir/sx1276/sx1276.c.obj
 .ARM.attributes
                0x0000000000000162       0x28 ../../boards/GC7818-F072/CMakeFiles/GC7818-F072.dir/board.c.obj
 .ARM.attributes
                0x000000000000018a       0x28 ../../boards/GC7818-F072/CMakeFiles/GC7818-F072.dir/delay-board.c.obj
 .ARM.attributes
                0x00000000000001b2       0x28 ../../boards/GC7818-F072/CMakeFiles/GC7818-F072.dir/gpio-board.c.obj
 .ARM.attributes
                0x00000000000001da       0x28 ../../boards/GC7818-F072/CMakeFiles/GC7818-F072.dir/lpm-board.c.obj
 .ARM.attributes